04-28 23:22:21.359   826   889 E android.hardware.sensors@2.0-service.multihal-mediatek: MEMSIC_Calibrating @line:201, 222 MEMSIC6a2021-01-20 acc_raw -0.134592 -0.056939 0.985204 mag_raw_Gauss -0.161100 -0.372000 -0.829100 timestamp 705931253297078
04-28 23:22:21.422   826   889 E android.hardware.sensors@2.0-service.multihal-mediatek: MEMSIC_Calibrating @line:201, 222 MEMSIC6a2021-01-20 acc_raw -0.133367 -0.051122 0.980306 mag_raw_Gauss -0.165000 -0.373000 -0.830000 timestamp 705931315797073
04-28 23:22:21.451  2374  2374 D OplusTelephonyController: onSignalStrengthChanged: SignalStrength=SignalStrength:{mCdma=CellSignalStrengthCdma: cdmaDbm=2147483647 cdmaEcio=2147483647 evdoDbm=2147483647 evdoEcio=2147483647 evdoSnr=2147483647 level=0,mGsm=CellSignalStrengthGsm: rssi=2147483647 ber=2147483647 mTa=2147483647 mLevel=0,mWcdma=CellSignalStrengthWcdma: ss=2147483647 ber=2147483647 rscp=2147483647 ecno=2147483647 level=0,mTdscdma=CellSignalStrengthTdscdma: rssi=2147483647 ber=2147483647 rscp=2147483647 level=0,mLte=CellSignalStrengthLte: rssi=2147483647 rsrp=-106 rsrq=-11 rssnr=10 cqiTableIndex=2147483647 cqi=0 ta=0 level=3 parametersUseForLevel=0,mNr=CellSignalStrengthNr:{ csiRsrp = 2147483647 csiRsrq = 2147483647 csiCqiTableIndex = 2147483647 csiCqiReport = [] ssRsrp = 2147483647 ssRsrq = 2147483647 ssSinr = 2147483647 level = 0 parametersUseForLevel = 0 },primary=CellSignalStrengthLte}, phoneId=0, mMtkLevel=0, mMtkRsrpOnly=false, mMtkLteRsrpThreshold=null, mMtkLteRssnrThreshold=null
04-28 23:22:21.484   826   889 E android.hardware.sensors@2.0-service.multihal-mediatek: MEMSIC_Calibrating @line:201, 222 MEMSIC6a2021-01-20 acc_raw -0.137551 -0.052041 0.983980 mag_raw_Gauss -0.163000 -0.372000 -0.830000 timestamp 705931378297097
04-28 23:22:21.547   826   889 E android.hardware.sensors@2.0-service.multihal-mediatek: MEMSIC_Calibrating @line:201, 222 MEMSIC6a2021-01-20 acc_raw -0.137551 -0.052041 0.983980 mag_raw_Gauss -0.162100 -0.371000 -0.832000 timestamp 705931440797029
04-28 23:22:21.611   826   889 E android.hardware.sensors@2.0-service.multihal-mediatek: MEMSIC_Calibrating @line:201, 222 MEMSIC6a2021-01-20 acc_raw -0.137755 -0.056429 0.987857 mag_raw_Gauss -0.164000 -0.372000 -0.831000 timestamp 705931503297010
04-28 23:22:21.653  1046 25418 D pseudo  : mtk_gps_sys_nmea_output_to_app: len:12,  NLPTTFF,0

04-28 23:22:21.663 21500 15468 I NearbyMediums: No BLE Fast/GATT advertisements found in the latest cycle.
04-28 23:22:21.663 21500 15468 I NearbyMediums: Current Tracked Scanning Clients are : {NearbyConnections.EnvironmentMonitor, NearbySharing}
04-28 23:22:21.672   826   889 E android.hardware.sensors@2.0-service.multihal-mediatek: MEMSIC_Calibrating @line:201, 222 MEMSIC6a2021-01-20 acc_raw -0.134796 -0.054286 0.982551 mag_raw_Gauss -0.162100 -0.372000 -0.830000 timestamp 705931565797024
04-28 23:22:21.726  1046 25418 D pseudo  : mtk_gps_sys_nmea_output_to_mnld: received 1783 bytes:
04-28 23:22:21.729  1046 25418 D mnld    : nmea_reader_update_time: nmea_reader_update_time: timestamp = 1777398740015, second = 1777398740000, msec = 15
04-28 23:22:21.734   826   889 E android.hardware.sensors@2.0-service.multihal-mediatek: MEMSIC_Calibrating @line:201, 222 MEMSIC6a2021-01-20 acc_raw -0.135612 -0.054796 0.983469 mag_raw_Gauss -0.162100 -0.376900 -0.821200 timestamp 705931628297024
04-28 23:22:21.736  1046 25418 W mnld    : nmea_reader_parse: unknown sentence 'GNVTG
04-28 23:22:21.736  1046 25418 D mnld    : nmea_reader_parse: receive PMTKAGC command, agc: 6
04-28 23:22:21.737  1046 25418 W mnld    : nmea_reader_parse: unknown sentence 'PMTKTSX1
04-28 23:22:21.737  1046 25418 D mnld    : nmea_reader_parse: et_mnl_report_mnld = 705931620, tick_in_dsp = 228014, et_mnl_receive_tick = 705931526, et_at_dsp =0
04-28 23:22:21.737  1046 25418 W mnld    : nmea_reader_parse: unknown sentence 'PMTKMPE1
04-28 23:22:21.737  1046 25418 W mnld    : nmea_reader_parse: unknown sentence 'PMTKMPE2
04-28 23:22:21.737  1046 25418 W mnld    : nmea_reader_parse: unknown sentence 'PMTKLCPOS1
04-28 23:22:21.738  1046 25418 W mnld    : nmea_reader_parse: unknown sentence 'PMTKLCPOS2
04-28 23:22:21.739  1046 25418 D pseudo  : mtk_gps_sys_nmea_output_to_app: len:1783, [NMEA]$GNGGA,175220.01...
04-28 23:22:21.739  1046 25418 D gps_controlller: send_active_notify: send clean nmea timer cmd!
04-28 23:22:21.739  1046 25418 D gps_controlller: mtk_gps_sys_gps_mnl_callback: MTK_GPS_MSG_FIX_READY, GET_RTC_OK, 0.039, 21849.023
04-28 23:22:21.739  1046 25418 D gps_controlller: mtk_gps_sys_gps_mnl_callback: Age = 2, RTCDiff = 30, Time_interval = 10
04-28 23:22:21.740  1046 25418 D pseudo  : mtk_gps_sys_nmea_output_to_app: len:46, [vAGPS_Auto_Req]:g_FirstDbtt:0,u2BitMap:0x128
04-28 23:22:21.740  1046  1093 D mtk_lbs_utility: start_timer_check_ret: start_timer_check_ret ret=0
04-28 23:22:21.740  1046  1093 W MNLD    : mnld_gps_output_data_handle: mnld send debug msg to app:$PMTK841,001,1.000000,-0.000145,37.324135,20,119,4753,4655,0,0,0,0.000000,-0.006027,35.354290,-0.064625*15

04-28 23:22:21.740  1046  1093 E mnld    : mtk_socket_connect_local: mtk_socket_connect_local() connect() failed reason=[Connection refused]111 for path=[mtk_mnld2debugService]
04-28 23:22:21.740  1046  1093 E mnld    : Mnld2DebugInterface_mnldUpdateMessageInfo: Mnld2DebugInterface_mnldUpdateMessageInfo() mtk_socket_client_connect() failed
04-28 23:22:21.740  1046  1093 D MNLD    : mnld_main_thread: mnld_main_thread stop_timer return: 0
04-28 23:22:21.743  1046  1083 D mtk_lbs_utility: start_timer_check_ret: start_timer_check_ret ret=0
04-28 23:22:21.743  1046  1083 D MNLD    : mnld_gps_controller_mnl_nmea_timeout: mnld_gps_controller_mnl_nmea_timeout start_timer return: 0
04-28 23:22:21.743  1046  1083 D mtk_lbs_utility: stop_timer_check_ret: stop_timer_check_ret ret=0
04-28 23:22:21.743  1046  1083 D gps_controlller: gps_control_thread: gps_control_thread wait
04-28 23:22:21.796   826   889 E android.hardware.sensors@2.0-service.multihal-mediatek: MEMSIC_Calibrating @line:201, 222 MEMSIC6a2021-01-20 acc_raw -0.135612 -0.054796 0.983469 mag_raw_Gauss -0.157200 -0.370100 -0.831000 timestamp 705931690797033
04-28 23:22:21.860   826   889 E android.hardware.sensors@2.0-service.multihal-mediatek: MEMSIC_Calibrating @line:201, 222 MEMSIC6a2021-01-20 acc_raw -0.132143 -0.057449 0.984184 mag_raw_Gauss -0.162100 -0.371000 -0.832000 timestamp 705931753297019
04-28 23:22:21.887  1173  1173 I thermal_repeater: [recvMdThermalInfo] ret=26, strLen=127,  3, 47, -50, 196, 32767, 0
04-28 23:22:21.922   826   889 E android.hardware.sensors@2.0-service.multihal-mediatek: MEMSIC_Calibrating @line:201, 222 MEMSIC6a2021-01-20 acc_raw -0.136020 -0.053776 0.983775 mag_raw_Gauss -0.161100 -0.370100 -0.831000 timestamp 705931815797028
04-28 23:22:21.984   826   889 E android.hardware.sensors@2.0-service.multihal-mediatek: MEMSIC_Calibrating @line:201, 222 MEMSIC6a2021-01-20 acc_raw -0.132347 -0.050612 0.981327 mag_raw_Gauss -0.158200 -0.372000 -0.830000 timestamp 705931878297085
04-28 23:22:22.047   826   889 E android.hardware.sensors@2.0-service.multihal-mediatek: MEMSIC_Calibrating @line:201, 222 MEMSIC6a2021-01-20 acc_raw -0.132347 -0.050612 0.981327 mag_raw_Gauss -0.159100 -0.372000 -0.830000 timestamp 705931940797099
04-28 23:22:22.109   826   889 E android.hardware.sensors@2.0-service.multihal-mediatek: MEMSIC_Calibrating @line:201, 222 MEMSIC6a2021-01-20 acc_raw -0.141633 -0.053980 0.986633 mag_raw_Gauss -0.160100 -0.370100 -0.830000 timestamp 705932003297037
04-28 23:22:22.172   826   889 E android.hardware.sensors@2.0-service.multihal-mediatek: MEMSIC_Calibrating @line:201, 222 MEMSIC6a2021-01-20 acc_raw -0.130714 -0.055510 0.984184 mag_raw_Gauss -0.161100 -0.371000 -0.831000 timestamp 705932065797013
04-28 23:22:22.234   826   889 E android.hardware.sensors@2.0-service.multihal-mediatek: MEMSIC_Calibrating @line:201, 222 MEMSIC6a2021-01-20 acc_raw -0.138061 -0.053980 0.982551 mag_raw_Gauss -0.163000 -0.372000 -0.831000 timestamp 705932128297012
04-28 23:22:22.297   826   889 E android.hardware.sensors@2.0-service.multihal-mediatek: MEMSIC_Calibrating @line:201, 222 MEMSIC6a2021-01-20 acc_raw -0.138061 -0.053980 0.982551 mag_raw_Gauss -0.164000 -0.371000 -0.831000 timestamp 705932190797142
04-28 23:22:22.359   826   889 E android.hardware.sensors@2.0-service.multihal-mediatek: MEMSIC_Calibrating @line:201, 222 MEMSIC6a2021-01-20 acc_raw -0.140714 -0.055000 0.982245 mag_raw_Gauss -0.163000 -0.370100 -0.829100 timestamp 705932253297133
04-28 23:22:22.422   826   889 E android.hardware.sensors@2.0-service.multihal-mediatek: MEMSIC_Calibrating @line:201, 222 MEMSIC6a2021-01-20 acc_raw -0.136531 -0.053061 0.983469 mag_raw_Gauss -0.164000 -0.368100 -0.829100 timestamp 705932315797083
04-28 23:22:22.484   826   889 E android.hardware.sensors@2.0-service.multihal-mediatek: MEMSIC_Calibrating @line:201, 222 MEMSIC6a2021-01-20 acc_raw -0.130204 -0.059898 0.985000 mag_raw_Gauss -0.165000 -0.370100 -0.830000 timestamp 705932378297030
04-28 23:22:22.547   826   889 E android.hardware.sensors@2.0-service.multihal-mediatek: MEMSIC_Calibrating @line:201, 222 MEMSIC6a2021-01-20 acc_raw -0.130204 -0.059898 0.985000 mag_raw_Gauss -0.166000 -0.371000 -0.827100 timestamp 705932440796871
04-28 23:22:22.609   826   889 E android.hardware.sensors@2.0-service.multihal-mediatek: MEMSIC_Calibrating @line:201, 222 MEMSIC6a2021-01-20 acc_raw -0.143673 -0.058163 0.986224 mag_raw_Gauss -0.165000 -0.371000 -0.828100 timestamp 705932503296880
04-28 23:22:22.656  1046 25418 D pseudo  : mtk_gps_sys_nmea_output_to_app: len:12,  NLPTTFF,0

04-28 23:22:22.668  1202  1224 D agps    : [agps][n][AGPS] [MNL] write  pmtk  [$PMTK680,1,FFFFEC4C*7C

04-28 23:22:22.668  1202  1224 D agps    :  ]
04-28 23:22:22.668  1046  1093 D mtk_lbs_utility: start_timer_check_ret: start_timer_check_ret ret=0
04-28 23:22:22.669  1046  1093 D MNLD    : mnld_main_thread: mnld_main_thread stop_timer return: 0
04-28 23:22:22.672   826   889 E android.hardware.sensors@2.0-service.multihal-mediatek: MEMSIC_Calibrating @line:201, 222 MEMSIC6a2021-01-20 acc_raw -0.132857 -0.057653 0.987143 mag_raw_Gauss -0.163000 -0.369100 -0.830000 timestamp 705932565796861
04-28 23:22:22.727  1046 25418 D pseudo  : mtk_gps_sys_nmea_output_to_mnld: received 1783 bytes:
04-28 23:22:22.728  1046 25418 D mnld    : nmea_reader_update_time: nmea_reader_update_time: timestamp = 1777398741015, second = 1777398741000, msec = 15
04-28 23:22:22.734   826   889 E android.hardware.sensors@2.0-service.multihal-mediatek: MEMSIC_Calibrating @line:201, 222 MEMSIC6a2021-01-20 acc_raw -0.136020 -0.055204 0.980816 mag_raw_Gauss -0.162100 -0.370100 -0.830000 timestamp 705932628296976
04-28 23:22:22.736  1046 25418 W mnld    : nmea_reader_parse: unknown sentence 'GNVTG
04-28 23:22:22.737  1046 25418 D mnld    : nmea_reader_parse: receive PMTKAGC command, agc: 6
04-28 23:22:22.737  1046 25418 W mnld    : nmea_reader_parse: unknown sentence 'PMTKTSX1
04-28 23:22:22.737  1046 25418 D mnld    : nmea_reader_parse: et_mnl_report_mnld = 705932621, tick_in_dsp = 229014, et_mnl_receive_tick = 705932527, et_at_dsp =0
04-28 23:22:22.737  1046 25418 W mnld    : nmea_reader_parse: unknown sentence 'PMTKMPE1
04-28 23:22:22.737  1046 25418 W mnld    : nmea_reader_parse: unknown sentence 'PMTKMPE2
04-28 23:22:22.737  1046 25418 W mnld    : nmea_reader_parse: unknown sentence 'PMTKLCPOS1
04-28 23:22:22.738  1046 25418 W mnld    : nmea_reader_parse: unknown sentence 'PMTKLCPOS2
04-28 23:22:22.738  1046 25418 D pseudo  : mtk_gps_sys_nmea_output_to_app: len:1783, [NMEA]$GNGGA,175221.01...
04-28 23:22:22.738  1046 25418 D gps_controlller: send_active_notify: send clean nmea timer cmd!
04-28 23:22:22.739  1046 25418 D gps_controlller: mtk_gps_sys_gps_mnl_callback: MTK_GPS_MSG_FIX_READY, GET_RTC_OK, 0.039, 21850.023
04-28 23:22:22.739  1046 25418 D gps_controlller: mtk_gps_sys_gps_mnl_callback: Age = 2, RTCDiff = 30, Time_interval = 10
04-28 23:22:22.739  1046  1083 D mtk_lbs_utility: start_timer_check_ret: start_timer_check_ret ret=0
04-28 23:22:22.739  1046  1083 D MNLD    : mnld_gps_controller_mnl_nmea_timeout: mnld_gps_controller_mnl_nmea_timeout start_timer return: 0
04-28 23:22:22.739  1046  1083 D mtk_lbs_utility: stop_timer_check_ret: stop_timer_check_ret ret=0
04-28 23:22:22.739  1046 25418 D pseudo  : mtk_gps_sys_nmea_output_to_app: len:46, [vAGPS_Auto_Req]:g_FirstDbtt:0,u2BitMap:0x128
04-28 23:22:22.739  1046  1083 D gps_controlller: gps_control_thread: gps_control_thread wait
04-28 23:22:22.740  1046  1093 D mtk_lbs_utility: start_timer_check_ret: start_timer_check_ret ret=0
04-28 23:22:22.740  1046  1093 W MNLD    : mnld_gps_output_data_handle: mnld send debug msg to app:$PMTK841,001,1.000000,-0.000145,37.309063,20,119,4600,4613,0,0,0,0.000000,-0.015072,35.418915,0.064625*3B

04-28 23:22:22.740  1046  1093 E mnld    : mtk_socket_connect_local: mtk_socket_connect_local() connect() failed reason=[Connection refused]111 for path=[mtk_mnld2debugService]
04-28 23:22:22.740  1046  1093 E mnld    : Mnld2DebugInterface_mnldUpdateMessageInfo: Mnld2DebugInterface_mnldUpdateMessageInfo() mtk_socket_client_connect() failed
04-28 23:22:22.740  1046  1093 D MNLD    : mnld_main_thread: mnld_main_thread stop_timer return: 0
04-28 23:22:22.797   826   889 E android.hardware.sensors@2.0-service.multihal-mediatek: MEMSIC_Calibrating @line:201, 222 MEMSIC6a2021-01-20 acc_raw -0.136020 -0.055204 0.980816 mag_raw_Gauss -0.164000 -0.369100 -0.829100 timestamp 705932690796995
04-28 23:22:22.860   826   889 E android.hardware.sensors@2.0-service.multihal-mediatek: MEMSIC_Calibrating @line:201, 222 MEMSIC6a2021-01-20 acc_raw -0.135102 -0.054490 0.983265 mag_raw_Gauss -0.163000 -0.370100 -0.830000 timestamp 705932753297071
04-28 23:22:22.871 25313 25313 D MeshService: requestPeers result (scan-3s)
04-28 23:22:22.872 25313 25313 I MeshService: Wi-Fi peers found: 2
04-28 23:22:22.872 25313 25313 I MeshService: Peer: vivo V40e [e6:57:68:0a:a5:91]
04-28 23:22:22.872 25313 25313 I MeshService: Peer: Android_2eao [e2:2d:98:3e:b9:a1]
04-28 23:22:22.922   826   889 E android.hardware.sensors@2.0-service.multihal-mediatek: MEMSIC_Calibrating @line:201, 222 MEMSIC6a2021-01-20 acc_raw -0.135306 -0.054286 0.986224 mag_raw_Gauss -0.162100 -0.369100 -0.824200 timestamp 705932815797118
04-28 23:22:22.984   826   889 E android.hardware.sensors@2.0-service.multihal-mediatek: MEMSIC_Calibrating @line:201, 222 MEMSIC6a2021-01-20 acc_raw -0.134082 -0.052551 0.981735 mag_raw_Gauss -0.164000 -0.368100 -0.825100 timestamp 705932878297046
04-28 23:22:23.048   826   889 E android.hardware.sensors@2.0-service.multihal-mediatek: MEMSIC_Calibrating @line:201, 222 MEMSIC6a2021-01-20 acc_raw -0.142449 -0.052347 0.983980 mag_raw_Gauss -0.164000 -0.370100 -0.826100 timestamp 705932940797041
04-28 23:22:23.109   826   889 E android.hardware.sensors@2.0-service.multihal-mediatek: MEMSIC_Calibrating @line:201, 222 MEMSIC6a2021-01-20 acc_raw -0.142449 -0.052347 0.983980 mag_raw_Gauss -0.165000 -0.370100 -0.830000 timestamp 705933003296987
04-28 23:22:23.172   826   889 E android.hardware.sensors@2.0-service.multihal-mediatek: MEMSIC_Calibrating @line:201, 222 MEMSIC6a2021-01-20 acc_raw -0.135306 -0.060102 0.986224 mag_raw_Gauss -0.166900 -0.372000 -0.826100 timestamp 705933065774083
04-28 23:22:23.173   826   889 E Situation: processEvent, handle:28, flush_action:0
04-28 23:22:23.173   826   889 E SensorManager: autoDisable oneshot sensor 28
04-28 23:22:23.173   826   889 I Situation: enable: handle:28, en:0 

04-28 23:22:23.180  1676  1799 D SensorService: 0xb400006f734d8a00 removeFd fd=1122
04-28 23:22:23.181  1676  1799 D SensorService: ~SensorEventConnection(0xb400006f734d8a00)
04-28 23:22:23.181  1676  1799 D SensorService: 6 active sensors
04-28 23:22:23.181  1676  1799 D SensorService: removing connection 0xb400006f734d8a00 for sensor[0].handle=0x00000001
04-28 23:22:23.181  1676  1799 D SensorService: removing connection 0xb400006f734d8a00 for sensor[1].handle=0x00000004
04-28 23:22:23.181  1676  1799 D SensorService: removing connection 0xb400006f734d8a00 for sensor[2].handle=0x00000011
04-28 23:22:23.181  1676  1799 D SensorService: removing connection 0xb400006f734d8a00 for sensor[3].handle=0x00000013
04-28 23:22:23.181  1676  1799 D SensorService: removing connection 0xb400006f734d8a00 for sensor[4].handle=0x0000001b
04-28 23:22:23.181  1676  1799 D SensorService: removing connection 0xb400006f734d8a00 for sensor[5].handle=0x0100004f
04-28 23:22:23.234   826   889 E android.hardware.sensors@2.0-service.multihal-mediatek: MEMSIC_Calibrating @line:201, 222 MEMSIC6a2021-01-20 acc_raw -0.131633 -0.055204 0.986939 mag_raw_Gauss -0.164000 -0.369100 -0.828100 timestamp 705933128274247
04-28 23:22:23.359   826   889 E android.hardware.sensors@2.0-service.multihal-mediatek: MEMSIC_Calibrating @line:201, 222 MEMSIC6a2021-01-20 acc_raw -0.137551 -0.057143 0.976633 mag_raw_Gauss -0.165000 -0.371000 -0.831000 timestamp 705933190538165
04-28 23:22:23.360   826   889 E android.hardware.sensors@2.0-service.multihal-mediatek: MEMSIC_Calibrating @line:201, 222 MEMSIC6a2021-01-20 acc_raw -0.137551 -0.057143 0.976633 mag_raw_Gauss -0.166000 -0.370100 -0.825100 timestamp 705933253038222
04-28 23:22:23.422   826   889 E android.hardware.sensors@2.0-service.multihal-mediatek: MEMSIC_Calibrating @line:201, 222 MEMSIC6a2021-01-20 acc_raw -0.139286 -0.055510 0.984694 mag_raw_Gauss -0.163000 -0.368100 -0.829100 timestamp 705933315561155
04-28 23:22:23.484   826   889 E android.hardware.sensors@2.0-service.multihal-mediatek: MEMSIC_Calibrating @line:201, 222 MEMSIC6a2021-01-20 acc_raw -0.131633 -0.054796 0.984184 mag_raw_Gauss -0.164000 -0.371000 -0.827100 timestamp 705933378060966
04-28 23:22:23.508 25313 25313 D MeshService: HELLO sent | neighbors=1 IPs=1 topology=1 amGO=true bat=73%
04-28 23:22:23.537  1676  1676 D SensorService: createSensorEventConnection, mCurrentOperatingMode = 0, requestedMode = 0
04-28 23:22:23.538  1676  1676 W SensorService: SensorEventConnection sensor handle=29, package = com.android.server.location.powersaver.NavigationStatusLightMonitor enable
04-28 23:22:23.538  1676  1676 E SensorService: Required app com.android.server.location.powersaver.NavigationStatusLightMonitor, uid 1000, pid 1676
04-28 23:22:23.538  1676  1676 D SensorServiceExtImpl: SensorServiceExtImpl oplusGeminiProximitySensor = 0
04-28 23:22:23.539  1676  1676 D SensorServiceUtils: setSamplingPeriodNs sensorType = 29, samplingPeriodNs = 0
04-28 23:22:23.539  1676  1676 D SensorServiceExtImpl: setSamplingPeriodNs SamplingPeriodNs =0
04-28 23:22:23.539  1676  1676 D SensorServiceExtImpl: SensorServiceExtImpl oplusGeminiProximitySensor = 0
04-28 23:22:23.539  1676  1676 D SensorService: SensorDevice::batch: ident=0xb400006f0510e780, handle=0x0000001d, flags=0, period_ns=1000000 timeout=0
04-28 23:22:23.539  1676  1676 D SensorService: 	>>> curr_period=9223372036854775807 min_period=1000000 curr_timeout=0 min_timeout=0
04-28 23:22:23.539  1676  1676 D SensorService: 	>>> actuating h/w BATCH 0x0000001d 1000000 0
04-28 23:22:23.539   826   826 I Situation: batch: handle:28, flag:0,samplingPeriodNs:1000000 maxBatchReportLatencyNs:0

04-28 23:22:23.541  1676  1676 D SensorService: Calling batch handle==29 flags=0rate=0 timeout== 0
04-28 23:22:23.541  1676  1676 D SensorService: Calling activate on 29
04-28 23:22:23.542  1676  1676 D SensorService: SensorDevice::activate: ident=0xb400006f0510e780, handle=0x0000001d, enabled=1, count=1
04-28 23:22:23.542  1676  1676 D SensorService: enable index=0
04-28 23:22:23.542  1676  1676 D SensorService: info.numActiveClients() = 1, info.isActive = 0
04-28 23:22:23.542  1676  1676 D SensorService: activateHardware = 1
04-28 23:22:23.542  1676  1676 D SensorService: 	>>> actuating h/w activate handle=29 enabled=1
04-28 23:22:23.542   826   826 I Situation: enable: handle:28, en:1 

04-28 23:22:23.543  1676  1676 D SensorService: 0xb400006f0510e780 addFd fd=1122
04-28 23:22:23.546   826   889 E android.hardware.sensors@2.0-service.multihal-mediatek: MEMSIC_Calibrating @line:201, 222 MEMSIC6a2021-01-20 acc_raw -0.132347 -0.057143 0.984694 mag_raw_Gauss -0.164000 -0.369100 -0.830000 timestamp 705933440797231
04-28 23:22:23.609   826   889 E android.hardware.sensors@2.0-service.multihal-mediatek: MEMSIC_Calibrating @line:201, 222 MEMSIC6a2021-01-20 acc_raw -0.132347 -0.057143 0.984694 mag_raw_Gauss -0.166900 -0.370100 -0.825100 timestamp 705933503297187
04-28 23:22:23.650  1046 25418 D pseudo  : mtk_gps_sys_nmea_output_to_app: len:12,  NLPTTFF,0

04-28 23:22:23.668 25313 26206 D MeshService: TCP sent to NODE-24095PCADI (192.168.49.63)
04-28 23:22:23.672   826   889 E android.hardware.sensors@2.0-service.multihal-mediatek: MEMSIC_Calibrating @line:201, 222 MEMSIC6a2021-01-20 acc_raw -0.138061 -0.053980 0.983775 mag_raw_Gauss -0.166000 -0.375900 -0.821200 timestamp 705933565797134
04-28 23:22:23.719  1046 25418 D pseudo  : mtk_gps_sys_nmea_output_to_mnld: received 1783 bytes:
04-28 23:22:23.720  1046 25418 D mnld    : nmea_reader_update_time: nmea_reader_update_time: timestamp = 1777398742015, second = 1777398742000, msec = 15
04-28 23:22:23.725  1046 25418 W mnld    : nmea_reader_parse: unknown sentence 'GNVTG
04-28 23:22:23.726  1046 25418 D mnld    : nmea_reader_parse: receive PMTKAGC command, agc: 6
04-28 23:22:23.726  1046 25418 W mnld    : nmea_reader_parse: unknown sentence 'PMTKTSX1
04-28 23:22:23.726  1046 25418 D mnld    : nmea_reader_parse: et_mnl_report_mnld = 705933614, tick_in_dsp = 230014, et_mnl_receive_tick = 705933526, et_at_dsp =0
04-28 23:22:23.726  1046 25418 W mnld    : nmea_reader_parse: unknown sentence 'PMTKMPE1
04-28 23:22:23.728  1046 25418 W mnld    : nmea_reader_parse: unknown sentence 'PMTKMPE2
04-28 23:22:23.728  1046 25418 W mnld    : nmea_reader_parse: unknown sentence 'PMTKLCPOS1
04-28 23:22:23.729  1046 25418 W mnld    : nmea_reader_parse: unknown sentence 'PMTKLCPOS2
04-28 23:22:23.730  1046 25418 D pseudo  : mtk_gps_sys_nmea_output_to_app: len:1783, [NMEA]$GNGGA,175222.01...
04-28 23:22:23.730  1046 25418 D gps_controlller: send_active_notify: send clean nmea timer cmd!
04-28 23:22:23.731  1046  1083 D mtk_lbs_utility: start_timer_check_ret: start_timer_check_ret ret=0
04-28 23:22:23.731  1046  1083 D MNLD    : mnld_gps_controller_mnl_nmea_timeout: mnld_gps_controller_mnl_nmea_timeout start_timer return: 0
04-28 23:22:23.731  1046  1083 D mtk_lbs_utility: stop_timer_check_ret: stop_timer_check_ret ret=0
04-28 23:22:23.732  1046  1083 D gps_controlller: gps_control_thread: gps_control_thread wait
04-28 23:22:23.732  1046 25418 D gps_controlller: mtk_gps_sys_gps_mnl_callback: MTK_GPS_MSG_FIX_READY, GET_RTC_OK, 0.039, 21851.023
04-28 23:22:23.732  1046 25418 D gps_controlller: mtk_gps_sys_gps_mnl_callback: Age = 2, RTCDiff = 30, Time_interval = 10
04-28 23:22:23.733  1046  1093 D mtk_lbs_utility: start_timer_check_ret: start_timer_check_ret ret=0
04-28 23:22:23.733  1046  1093 W MNLD    : mnld_gps_output_data_handle: mnld send debug msg to app:$PMTK841,001,1.000000,-0.000145,37.309063,20,119,4516,4614,0,0,0,0.000000,0.000000,35.451229,0.032314*19

04-28 23:22:23.733  1046  1093 E mnld    : mtk_socket_connect_local: mtk_socket_connect_local() connect() failed reason=[Connection refused]111 for path=[mtk_mnld2debugService]
04-28 23:22:23.733  1046  1093 E mnld    : Mnld2DebugInterface_mnldUpdateMessageInfo: Mnld2DebugInterface_mnldUpdateMessageInfo() mtk_socket_client_connect() failed
04-28 23:22:23.733  1046  1093 D MNLD    : mnld_main_thread: mnld_main_thread stop_timer return: 0
04-28 23:22:23.734  1046 25418 D pseudo  : mtk_gps_sys_nmea_output_to_app: len:46, [vAGPS_Auto_Req]:g_FirstDbtt:0,u2BitMap:0x128
04-28 23:22:23.734   826   889 E android.hardware.sensors@2.0-service.multihal-mediatek: MEMSIC_Calibrating @line:201, 222 MEMSIC6a2021-01-20 acc_raw -0.133878 -0.057653 0.983980 mag_raw_Gauss -0.166000 -0.369100 -0.827100 timestamp 705933628297178
04-28 23:22:23.797   826   889 E android.hardware.sensors@2.0-service.multihal-mediatek: MEMSIC_Calibrating @line:201, 222 MEMSIC6a2021-01-20 acc_raw -0.126327 -0.050306 0.982245 mag_raw_Gauss -0.165000 -0.371000 -0.829100 timestamp 705933690797043
04-28 23:22:23.859   826   889 E android.hardware.sensors@2.0-service.multihal-mediatek: MEMSIC_Calibrating @line:201, 222 MEMSIC6a2021-01-20 acc_raw -0.126327 -0.050306 0.982245 mag_raw_Gauss -0.166000 -0.371000 -0.830000 timestamp 705933753297024
04-28 23:22:23.922   826   889 E android.hardware.sensors@2.0-service.multihal-mediatek: MEMSIC_Calibrating @line:201, 222 MEMSIC6a2021-01-20 acc_raw -0.138980 -0.055714 0.984184 mag_raw_Gauss -0.165000 -0.367100 -0.830000 timestamp 705933815796995
04-28 23:22:23.984   826   889 E android.hardware.sensors@2.0-service.multihal-mediatek: MEMSIC_Calibrating @line:201, 222 MEMSIC6a2021-01-20 acc_raw -0.133367 -0.057959 0.983469 mag_raw_Gauss -0.163000 -0.368100 -0.827100 timestamp 705933878297163
04-28 23:22:24.047   826   889 E android.hardware.sensors@2.0-service.multihal-mediatek: MEMSIC_Calibrating @line:201, 222 MEMSIC6a2021-01-20 acc_raw -0.136837 -0.053776 0.984490 mag_raw_Gauss -0.166000 -0.369100 -0.827100 timestamp 705933940797173
04-28 23:22:24.109   826   889 E android.hardware.sensors@2.0-service.multihal-mediatek: MEMSIC_Calibrating @line:201, 222 MEMSIC6a2021-01-20 acc_raw -0.136837 -0.053776 0.984490 mag_raw_Gauss -0.166000 -0.370100 -0.824200 timestamp 705934003297182
04-28 23:22:24.172   826   889 E android.hardware.sensors@2.0-service.multihal-mediatek: MEMSIC_Calibrating @line:201, 222 MEMSIC6a2021-01-20 acc_raw -0.134388 -0.054490 0.984490 mag_raw_Gauss -0.164000 -0.370100 -0.826100 timestamp 705934065797206
04-28 23:22:24.234   826   889 E android.hardware.sensors@2.0-service.multihal-mediatek: MEMSIC_Calibrating @line:201, 222 MEMSIC6a2021-01-20 acc_raw -0.136837 -0.058163 0.983265 mag_raw_Gauss -0.164000 -0.370100 -0.830000 timestamp 705934128297004
04-28 23:22:24.297   826   889 E android.hardware.sensors@2.0-service.multihal-mediatek: MEMSIC_Calibrating @line:201, 222 MEMSIC6a2021-01-20 acc_raw -0.136020 -0.053571 0.982959 mag_raw_Gauss -0.165000 -0.368100 -0.823200 timestamp 705934190797037
04-28 23:22:24.360   826   889 E android.hardware.sensors@2.0-service.multihal-mediatek: MEMSIC_Calibrating @line:201, 222 MEMSIC6a2021-01-20 acc_raw -0.136020 -0.053571 0.982959 mag_raw_Gauss -0.165000 -0.371000 -0.830000 timestamp 705934253297086
04-28 23:22:24.422   826   889 E android.hardware.sensors@2.0-service.multihal-mediatek: MEMSIC_Calibrating @line:201, 222 MEMSIC6a2021-01-20 acc_raw -0.135816 -0.054286 0.982755 mag_raw_Gauss -0.164000 -0.370100 -0.824200 timestamp 705934315797081
04-28 23:22:24.484   826   889 E android.hardware.sensors@2.0-service.multihal-mediatek: MEMSIC_Calibrating @line:201, 222 MEMSIC6a2021-01-20 acc_raw -0.135612 -0.055510 0.986939 mag_raw_Gauss -0.164000 -0.372000 -0.829100 timestamp 705934378297128
04-28 23:22:24.548   826   889 E android.hardware.sensors@2.0-service.multihal-mediatek: MEMSIC_Calibrating @line:201, 222 MEMSIC6a2021-01-20 acc_raw -0.134082 -0.059592 0.987857 mag_raw_Gauss -0.165000 -0.369100 -0.829100 timestamp 705934440797060
04-28 23:22:24.609   826   889 E android.hardware.sensors@2.0-service.multihal-mediatek: MEMSIC_Calibrating @line:201, 222 MEMSIC6a2021-01-20 acc_raw -0.134082 -0.059592 0.987857 mag_raw_Gauss -0.164000 -0.370100 -0.828100 timestamp 705934503297007
04-28 23:22:24.654  1046 25418 D pseudo  : mtk_gps_sys_nmea_output_to_app: len:12,  NLPTTFF,0

04-28 23:22:24.665  1202  1224 D agps    : [agps][n][AGPS] [MNL] write  pmtk  [$PMTK680,1,FFFFEC59*07

04-28 23:22:24.665  1202  1224 D agps    :  ]
04-28 23:22:24.666  1046  1093 D mtk_lbs_utility: start_timer_check_ret: start_timer_check_ret ret=0
04-28 23:22:24.666  1046  1093 D MNLD    : mnld_main_thread: mnld_main_thread stop_timer return: 0
04-28 23:22:24.672   826   889 E android.hardware.sensors@2.0-service.multihal-mediatek: MEMSIC_Calibrating @line:201, 222 MEMSIC6a2021-01-20 acc_raw -0.138265 -0.051327 0.983469 mag_raw_Gauss -0.164000 -0.371000 -0.827100 timestamp 705934565797021
04-28 23:22:24.724  1046 25418 D pseudo  : mtk_gps_sys_nmea_output_to_mnld: received 1783 bytes:
04-28 23:22:24.725  1046 25418 D mnld    : nmea_reader_update_time: nmea_reader_update_time: timestamp = 1777398743015, second = 1777398743000, msec = 15
04-28 23:22:24.735   826   889 E android.hardware.sensors@2.0-service.multihal-mediatek: MEMSIC_Calibrating @line:201, 222 MEMSIC6a2021-01-20 acc_raw -0.135816 -0.053980 0.981020 mag_raw_Gauss -0.165000 -0.372000 -0.824200 timestamp 705934628296968
04-28 23:22:24.735  1046 25418 W mnld    : nmea_reader_parse: unknown sentence 'GNVTG
04-28 23:22:24.736  1046 25418 D mnld    : nmea_reader_parse: receive PMTKAGC command, agc: 6
04-28 23:22:24.736  1046 25418 W mnld    : nmea_reader_parse: unknown sentence 'PMTKTSX1
04-28 23:22:24.736  1046 25418 D mnld    : nmea_reader_parse: et_mnl_report_mnld = 705934618, tick_in_dsp = 231014, et_mnl_receive_tick = 705934528, et_at_dsp =0
04-28 23:22:24.737  1046 25418 W mnld    : nmea_reader_parse: unknown sentence 'PMTKMPE1
04-28 23:22:24.737  1046 25418 W mnld    : nmea_reader_parse: unknown sentence 'PMTKMPE2
04-28 23:22:24.737  1046 25418 W mnld    : nmea_reader_parse: unknown sentence 'PMTKLCPOS1
04-28 23:22:24.737  1046 25418 W mnld    : nmea_reader_parse: unknown sentence 'PMTKLCPOS2
04-28 23:22:24.738  1046 25418 D pseudo  : mtk_gps_sys_nmea_output_to_app: len:1783, [NMEA]$GNGGA,175223.01...
04-28 23:22:24.738  1046 25418 D gps_controlller: send_active_notify: send clean nmea timer cmd!
04-28 23:22:24.738  1046 25418 D gps_controlller: mtk_gps_sys_gps_mnl_callback: MTK_GPS_MSG_FIX_READY, GET_RTC_OK, 0.039, 21852.023
04-28 23:22:24.738  1046 25418 D gps_controlller: mtk_gps_sys_gps_mnl_callback: Age = 2, RTCDiff = 30, Time_interval = 10
04-28 23:22:24.739  1046  1083 D mtk_lbs_utility: start_timer_check_ret: start_timer_check_ret ret=0
04-28 23:22:24.739  1046  1083 D MNLD    : mnld_gps_controller_mnl_nmea_timeout: mnld_gps_controller_mnl_nmea_timeout start_timer return: 0
04-28 23:22:24.739  1046  1083 D mtk_lbs_utility: stop_timer_check_ret: stop_timer_check_ret ret=0
04-28 23:22:24.739  1046  1083 D gps_controlller: gps_control_thread: gps_control_thread wait
04-28 23:22:24.739  1046 25418 D pseudo  : mtk_gps_sys_nmea_output_to_app: len:46, [vAGPS_Auto_Req]:g_FirstDbtt:0,u2BitMap:0x128
04-28 23:22:24.739  1046  1093 D mtk_lbs_utility: start_timer_check_ret: start_timer_check_ret ret=0
04-28 23:22:24.739  1046  1093 W MNLD    : mnld_gps_output_data_handle: mnld send debug msg to app:$PMTK841,001,1.000000,-0.000145,37.309063,20,119,4428,4441,0,0,0,0.000000,0.000000,35.418915,-0.032314*33

04-28 23:22:24.739  1046  1093 E mnld    : mtk_socket_connect_local: mtk_socket_connect_local() connect() failed reason=[Connection refused]111 for path=[mtk_mnld2debugService]
04-28 23:22:24.740  1046  1093 E mnld    : Mnld2DebugInterface_mnldUpdateMessageInfo: Mnld2DebugInterface_mnldUpdateMessageInfo() mtk_socket_client_connect() failed
04-28 23:22:24.740  1046  1093 D MNLD    : mnld_main_thread: mnld_main_thread stop_timer return: 0
04-28 23:22:24.797   826   889 E android.hardware.sensors@2.0-service.multihal-mediatek: MEMSIC_Calibrating @line:201, 222 MEMSIC6a2021-01-20 acc_raw -0.136837 -0.055000 0.985408 mag_raw_Gauss -0.159100 -0.369100 -0.825100 timestamp 705934690797059
04-28 23:22:24.859   826   889 E android.hardware.sensors@2.0-service.multihal-mediatek: MEMSIC_Calibrating @line:201, 222 MEMSIC6a2021-01-20 acc_raw -0.136837 -0.055000 0.985408 mag_raw_Gauss -0.160100 -0.370100 -0.829100 timestamp 705934753297101
04-28 23:22:24.922   826   889 E android.hardware.sensors@2.0-service.multihal-mediatek: MEMSIC_Calibrating @line:201, 222 MEMSIC6a2021-01-20 acc_raw -0.135306 -0.055000 0.982755 mag_raw_Gauss -0.163000 -0.367100 -0.826100 timestamp 705934815797116
04-28 23:22:24.973 25313 25313 I MeshService: P2P group ownerIp=192.168.49.1 isOwner=true myNodeId=NODE-CPH2325
04-28 23:22:24.973 25313 25313 I MeshService: We are the hub (GO). Waiting for client HELLOs on port 8988
04-28 23:22:24.984   826   889 E android.hardware.sensors@2.0-service.multihal-mediatek: MEMSIC_Calibrating @line:201, 222 MEMSIC6a2021-01-20 acc_raw -0.131939 -0.054286 0.984490 mag_raw_Gauss -0.164000 -0.369100 -0.827100 timestamp 705934878297140
04-28 23:22:25.047   826   889 E android.hardware.sensors@2.0-service.multihal-mediatek: MEMSIC_Calibrating @line:201, 222 MEMSIC6a2021-01-20 acc_raw -0.132857 -0.052755 0.979796 mag_raw_Gauss -0.162100 -0.371000 -0.829100 timestamp 705934940797129
04-28 23:22:25.109   826   889 E android.hardware.sensors@2.0-service.multihal-mediatek: MEMSIC_Calibrating @line:201, 222 MEMSIC6a2021-01-20 acc_raw -0.132857 -0.052755 0.979796 mag_raw_Gauss -0.166900 -0.373000 -0.831000 timestamp 705935003297071
04-28 23:22:25.172   826   889 E android.hardware.sensors@2.0-service.multihal-mediatek: MEMSIC_Calibrating @line:201, 222 MEMSIC6a2021-01-20 acc_raw -0.143673 -0.055714 0.987653 mag_raw_Gauss -0.166900 -0.371000 -0.826100 timestamp 705935065797047
04-28 23:22:25.234   826   889 E android.hardware.sensors@2.0-service.multihal-mediatek: MEMSIC_Calibrating @line:201, 222 MEMSIC6a2021-01-20 acc_raw -0.126735 -0.056735 0.982959 mag_raw_Gauss -0.165000 -0.371000 -0.827100 timestamp 705935128297075
04-28 23:22:25.293 32349 32670 E msys    : E[N mns:DGWClient]_OnDiskCacheGetData(1091)=>Start post callback cache refresh DNS resolution
04-28 23:22:25.297   826   889 E android.hardware.sensors@2.0-service.multihal-mediatek: MEMSIC_Calibrating @line:201, 222 MEMSIC6a2021-01-20 acc_raw -0.140204 -0.050816 0.985714 mag_raw_Gauss -0.163000 -0.372000 -0.827100 timestamp 705935190797041
04-28 23:22:25.301  2414  3531 D NetworkEvent: OplusNetworkEventCbProxy invoke.....onDnsEvent argslen:8
04-28 23:22:25.339 32349 32670 E msys    : E[N mns:DGWClient]_LogError(280)=>Failed to resolve using system DNS resolver, getaddrinfo(): No address associated with hostname
04-28 23:22:25.339 32349 32670 E msys    : E[N mns:DGWClient]_OnDiskCacheGetData(1091)=>Start post callback cache refresh DNS resolution
04-28 23:22:25.348  2414  3531 D NetworkEvent: OplusNetworkEventCbProxy invoke.....onDnsEvent argslen:8
04-28 23:22:25.353 32349 32670 E msys    : E[N mns:DGWClient]_LogError(280)=>Failed to resolve using system DNS resolver, getaddrinfo(): No address associated with hostname
04-28 23:22:25.359   826   889 E android.hardware.sensors@2.0-service.multihal-mediatek: MEMSIC_Calibrating @line:201, 222 MEMSIC6a2021-01-20 acc_raw -0.140204 -0.050816 0.985714 mag_raw_Gauss -0.165000 -0.369100 -0.823200 timestamp 705935253297190
04-28 23:22:25.422   826   889 E android.hardware.sensors@2.0-service.multihal-mediatek: MEMSIC_Calibrating @line:201, 222 MEMSIC6a2021-01-20 acc_raw -0.134388 -0.056224 0.979796 mag_raw_Gauss -0.166900 -0.372000 -0.828100 timestamp 705935315797233
04-28 23:22:25.485   826   889 E android.hardware.sensors@2.0-service.multihal-mediatek: MEMSIC_Calibrating @line:201, 222 MEMSIC6a2021-01-20 acc_raw -0.135612 -0.053776 0.981735 mag_raw_Gauss -0.162100 -0.370100 -0.828100 timestamp 705935378205708
04-28 23:22:25.528  1676  2410 I OplusHansManager : uid=10756, pkg=com.instagram.android can transition from M to F
04-28 23:22:25.529  1676  2410 I OplusHansManager : uid=10756, pkg=com.instagram.android F enter(), M stay=10
04-28 23:22:25.548   826   889 E android.hardware.sensors@2.0-service.multihal-mediatek: MEMSIC_Calibrating @line:201, 222 MEMSIC6a2021-01-20 acc_raw -0.133878 -0.056429 0.985408 mag_raw_Gauss -0.166900 -0.370100 -0.828100 timestamp 705935440705727
04-28 23:22:25.556  1676  2410 I OplusHansManager : freeze uid: 10756 com.instagram.android pids: [32349, 8861] IsolatedUid: [99574] scene: |airPlane|LcdOn
04-28 23:22:25.559  4070  4072 D IHansComunication: HansComunication::addUid-- 10756, persistent--0
04-28 23:22:25.559  4070  4072 D IHansComunication: HANS sendMessageToKernel: threadId = 493551869104, netLinkSetup = 1, type = PKG, targetUid = 10756, pkgCmd = ADD_ONE_UID
04-28 23:22:25.574  1676  2410 I OplusHansManager : uid=10236, pkg=com.facebook.katana can transition from M to F
04-28 23:22:25.574  1676  2410 I OplusHansManager : uid=10236, pkg=com.facebook.katana F enter(), M stay=10
04-28 23:22:25.591  1676  2410 I OplusHansManager : freeze uid: 10236 com.facebook.katana pids: [29558, 29003] scene: |airPlane|LcdOn
04-28 23:22:25.595  4070  4072 D IHansComunication: HansComunication::addUid-- 10236, persistent--0
04-28 23:22:25.595  4070  4072 D IHansComunication: HANS sendMessageToKernel: threadId = 493551869104, netLinkSetup = 1, type = PKG, targetUid = 10236, pkgCmd = ADD_ONE_UID
04-28 23:22:25.654  1046 25418 D pseudo  : mtk_gps_sys_nmea_output_to_app: len:12,  NLPTTFF,0

04-28 23:22:25.666  1202  1224 D agps    : [agps][n][AGPS] [MNL] write  pmtk  [$PMTK680,1,FFFFEC5E*7B

04-28 23:22:25.666  1202  1224 D agps    :  ]
04-28 23:22:25.667  1046  1093 D mtk_lbs_utility: start_timer_check_ret: start_timer_check_ret ret=0
04-28 23:22:25.667  1046  1093 D MNLD    : mnld_main_thread: mnld_main_thread stop_timer return: 0
04-28 23:22:25.672   826   889 E android.hardware.sensors@2.0-service.multihal-mediatek: MEMSIC_Calibrating @line:201, 222 MEMSIC6a2021-01-20 acc_raw -0.137041 -0.056429 0.986224 mag_raw_Gauss -0.164000 -0.371000 -0.826100 timestamp 705935502969924
04-28 23:22:25.672   826   889 E android.hardware.sensors@2.0-service.multihal-mediatek: MEMSIC_Calibrating @line:201, 222 MEMSIC6a2021-01-20 acc_raw -0.137041 -0.056429 0.986224 mag_raw_Gauss -0.166000 -0.369100 -0.830000 timestamp 705935565469867
04-28 23:22:25.724  1046 25418 D pseudo  : mtk_gps_sys_nmea_output_to_mnld: received 1783 bytes:
04-28 23:22:25.724  1046 25418 D mnld    : nmea_reader_update_time: nmea_reader_update_time: timestamp = 1777398744015, second = 1777398744000, msec = 15
04-28 23:22:25.729  1046 25418 W mnld    : nmea_reader_parse: unknown sentence 'GNVTG
04-28 23:22:25.730  1046 25418 D mnld    : nmea_reader_parse: receive PMTKAGC command, agc: 6
04-28 23:22:25.730  1046 25418 W mnld    : nmea_reader_parse: unknown sentence 'PMTKTSX1
04-28 23:22:25.730  1046 25418 D mnld    : nmea_reader_parse: et_mnl_report_mnld = 705935618, tick_in_dsp = 232014, et_mnl_receive_tick = 705935527, et_at_dsp =0
04-28 23:22:25.730  1046 25418 W mnld    : nmea_reader_parse: unknown sentence 'PMTKMPE1
04-28 23:22:25.731  1046 25418 W mnld    : nmea_reader_parse: unknown sentence 'PMTKMPE2
04-28 23:22:25.731  1046 25418 W mnld    : nmea_reader_parse: unknown sentence 'PMTKLCPOS1
04-28 23:22:25.731  1046 25418 W mnld    : nmea_reader_parse: unknown sentence 'PMTKLCPOS2
04-28 23:22:25.732  1046 25418 D pseudo  : mtk_gps_sys_nmea_output_to_app: len:1783, [NMEA]$GNGGA,175224.01...
04-28 23:22:25.732  1046 25418 D gps_controlller: send_active_notify: send clean nmea timer cmd!
04-28 23:22:25.732  1046  1083 D mtk_lbs_utility: start_timer_check_ret: start_timer_check_ret ret=0
04-28 23:22:25.732  1046  1083 D MNLD    : mnld_gps_controller_mnl_nmea_timeout: mnld_gps_controller_mnl_nmea_timeout start_timer return: 0
04-28 23:22:25.732  1046  1083 D mtk_lbs_utility: stop_timer_check_ret: stop_timer_check_ret ret=0
04-28 23:22:25.732  1046  1083 D gps_controlller: gps_control_thread: gps_control_thread wait
04-28 23:22:25.733  1046 25418 D gps_controlller: mtk_gps_sys_gps_mnl_callback: MTK_GPS_MSG_FIX_READY, GET_RTC_OK, 0.039, 21853.023
04-28 23:22:25.734  1046 25418 D gps_controlller: mtk_gps_sys_gps_mnl_callback: Age = 2, RTCDiff = 30, Time_interval = 10
04-28 23:22:25.734   826   889 E android.hardware.sensors@2.0-service.multihal-mediatek: MEMSIC_Calibrating @line:201, 222 MEMSIC6a2021-01-20 acc_raw -0.128980 -0.051837 0.981327 mag_raw_Gauss -0.164000 -0.373000 -0.828100 timestamp 705935628061432
04-28 23:22:25.735  1046 25418 D pseudo  : mtk_gps_sys_nmea_output_to_app: len:46, [vAGPS_Auto_Req]:g_FirstDbtt:0,u2BitMap:0x128
04-28 23:22:25.735  1046  1093 D mtk_lbs_utility: start_timer_check_ret: start_timer_check_ret ret=0
04-28 23:22:25.735  1046  1093 W MNLD    : mnld_gps_output_data_handle: mnld send debug msg to app:$PMTK841,001,1.000000,-0.000145,37.309063,20,119,4457,4433,0,0,0,0.000000,0.000000,35.418915,0.000000*14

04-28 23:22:25.737  1046  1093 E mnld    : mtk_socket_connect_local: mtk_socket_connect_local() connect() failed reason=[Connection refused]111 for path=[mtk_mnld2debugService]
04-28 23:22:25.737  1046  1093 E mnld    : Mnld2DebugInterface_mnldUpdateMessageInfo: Mnld2DebugInterface_mnldUpdateMessageInfo() mtk_socket_client_connect() failed
04-28 23:22:25.737  1046  1093 D MNLD    : mnld_main_thread: mnld_main_thread stop_timer return: 0
04-28 23:22:25.798   826   889 E android.hardware.sensors@2.0-service.multihal-mediatek: MEMSIC_Calibrating @line:201, 222 MEMSIC6a2021-01-20 acc_raw -0.145306 -0.057143 0.986939 mag_raw_Gauss -0.164000 -0.370100 -0.829100 timestamp 705935690561460
04-28 23:22:25.859   826   889 E android.hardware.sensors@2.0-service.multihal-mediatek: MEMSIC_Calibrating @line:201, 222 MEMSIC6a2021-01-20 acc_raw -0.129694 -0.053980 0.979388 mag_raw_Gauss -0.165000 -0.371000 -0.828100 timestamp 705935753297070
04-28 23:22:25.914  1676  2410 I OplusHansManager : uid=10421, pkg=com.whatsapp can transition from M to F
04-28 23:22:25.914  1676  2410 I OplusHansManager : uid=10421, pkg=com.whatsapp F enter(), M stay=10
04-28 23:22:25.922   826   889 E android.hardware.sensors@2.0-service.multihal-mediatek: MEMSIC_Calibrating @line:201, 222 MEMSIC6a2021-01-20 acc_raw -0.129694 -0.053980 0.979388 mag_raw_Gauss -0.164000 -0.367100 -0.826100 timestamp 705935815797060
04-28 23:22:25.922  1676  2410 I OplusHansManager : freeze uid: 10421 com.whatsapp pids: [15566] scene: |airPlane|LcdOn
04-28 23:22:25.925  4070  4072 D IHansComunication: HansComunication::addUid-- 10421, persistent--0
04-28 23:22:25.925  4070  4072 D IHansComunication: HANS sendMessageToKernel: threadId = 493551869104, netLinkSetup = 1, type = PKG, targetUid = 10421, pkgCmd = ADD_ONE_UID
04-28 23:22:25.937  1676  2410 I OplusHansManager : uid=10505, pkg=in.cricketexchange.app.cricketexchange can transition from M to F
04-28 23:22:25.937  1676  2410 I OplusHansManager : uid=10505, pkg=in.cricketexchange.app.cricketexchange F enter(), M stay=10
04-28 23:22:25.956  1676  2410 I OplusHansManager : freeze uid: 10505 in.cricketexchange.app.cricketexchange pids: [28837, 29389] IsolatedUid: [99580] scene: |airPlane|LcdOn
04-28 23:22:25.959  4070  4072 D IHansComunication: HansComunication::addUid-- 10505, persistent--0
04-28 23:22:25.960  4070  4072 D IHansComunication: HANS sendMessageToKernel: threadId = 493551869104, netLinkSetup = 1, type = PKG, targetUid = 10505, pkgCmd = ADD_ONE_UID
04-28 23:22:25.984   826   889 E android.hardware.sensors@2.0-service.multihal-mediatek: MEMSIC_Calibrating @line:201, 222 MEMSIC6a2021-01-20 acc_raw -0.136837 -0.049592 0.979388 mag_raw_Gauss -0.165000 -0.373000 -0.827100 timestamp 705935878296935
04-28 23:22:26.047   826   889 E android.hardware.sensors@2.0-service.multihal-mediatek: MEMSIC_Calibrating @line:201, 222 MEMSIC6a2021-01-20 acc_raw -0.136020 -0.056224 0.984184 mag_raw_Gauss -0.166000 -0.372000 -0.826100 timestamp 705935940796944
04-28 23:22:26.109   826   889 E android.hardware.sensors@2.0-service.multihal-mediatek: MEMSIC_Calibrating @line:201, 222 MEMSIC6a2021-01-20 acc_raw -0.135612 -0.056939 0.985714 mag_raw_Gauss -0.166000 -0.372000 -0.827100 timestamp 705936003296949
04-28 23:22:26.172   826   889 E android.hardware.sensors@2.0-service.multihal-mediatek: MEMSIC_Calibrating @line:201, 222 MEMSIC6a2021-01-20 acc_raw -0.135612 -0.056939 0.985714 mag_raw_Gauss -0.165000 -0.370100 -0.829100 timestamp 705936065796935
04-28 23:22:26.198 25313 25422 D MeshService: Incoming TCP connection from 192.168.49.63
04-28 23:22:26.201 25313 26210 I MeshService: HELLO from NODE-24095PCADI rssi=-55 bat=39% senderIp=192.168.49.63
04-28 23:22:26.201 25313 26210 D MeshService: Topology: NODE-24095PCADI knows []
04-28 23:22:26.201 25313 26210 D MeshService: Topology after merge: [NODE-24095PCADI]
04-28 23:22:26.201 25313 26210 D MeshService: HELLO reply skipped to 192.168.49.63 (cooldown)
04-28 23:22:26.234   826   889 E android.hardware.sensors@2.0-service.multihal-mediatek: MEMSIC_Calibrating @line:201, 222 MEMSIC6a2021-01-20 acc_raw -0.131224 -0.054286 0.979796 mag_raw_Gauss -0.163000 -0.367100 -0.825100 timestamp 705936128296915
04-28 23:22:26.297   826   889 E android.hardware.sensors@2.0-service.multihal-mediatek: MEMSIC_Calibrating @line:201, 222 MEMSIC6a2021-01-20 acc_raw -0.139490 -0.052755 0.985204 mag_raw_Gauss -0.164000 -0.369100 -0.829100 timestamp 705936190796929
04-28 23:22:26.359   826   889 E android.hardware.sensors@2.0-service.multihal-mediatek: MEMSIC_Calibrating @line:201, 222 MEMSIC6a2021-01-20 acc_raw -0.127245 -0.053061 0.977653 mag_raw_Gauss -0.164000 -0.371000 -0.829100 timestamp 705936253296924
04-28 23:22:26.422   826   889 E android.hardware.sensors@2.0-service.multihal-mediatek: MEMSIC_Calibrating @line:201, 222 MEMSIC6a2021-01-20 acc_raw -0.127245 -0.053061 0.977653 mag_raw_Gauss -0.165000 -0.372000 -0.827100 timestamp 705936315796978
04-28 23:22:26.484   826   889 E android.hardware.sensors@2.0-service.multihal-mediatek: MEMSIC_Calibrating @line:201, 222 MEMSIC6a2021-01-20 acc_raw -0.142857 -0.058673 0.987449 mag_raw_Gauss -0.166000 -0.372000 -0.825100 timestamp 705936378296982
04-28 23:22:26.546   826   889 E android.hardware.sensors@2.0-service.multihal-mediatek: MEMSIC_Calibrating @line:201, 222 MEMSIC6a2021-01-20 acc_raw -0.128265 -0.057653 0.984694 mag_raw_Gauss -0.164000 -0.368100 -0.827100 timestamp 705936440797044
04-28 23:22:26.559  4070  4072 D IHansComunication: HANS sendMessageToKernel: threadId = 493551869104, netLinkSetup = 1, type = FROZEN_TRANS, targetUid = 10756, pkgCmd = PKG_CMD_MAX
04-28 23:22:26.560  4070  4071 E IHansComunication: HANS printMessageBody: RCV message: type = 0,port = 86870,caller_pid = 1676,caller_uid = 1000,target_pid = 32349,target_uid = 10756,pkg_cmd = -1,rpc = com.android.internal.telephony.IPhoneStateListener/10
04-28 23:22:26.561  4070  4071 E IHansComunication: HANS printMessageBody: RCV message: type = 0,port = 86870,caller_pid = 1676,caller_uid = 1000,target_pid = 29003,target_uid = 10236,pkg_cmd = -1,rpc = com.android.internal.telephony.IPhoneStateListener/10
04-28 23:22:26.563 32349 32349 I Choreographer: Skipped 61 frames!  The application may be doing too much work on its main thread.
04-28 23:22:26.568  4070  4071 E IHansComunication: HANS printMessageBody: RCV message: type = 0,port = 86870,caller_pid = 1676,caller_uid = 1000,target_pid = 29558,target_uid = 10236,pkg_cmd = -1,rpc = com.android.internal.telephony.IPhoneStateListener/10
04-28 23:22:26.571  1676  2416 I OplusHansManager : unfreeze uid: 10756 com.instagram.android pids: [32349, 8861] reason: AsyncBinder scene: |airPlane|LcdOn
04-28 23:22:26.574  2374  2374 D OplusTelephonyController: onSignalStrengthChanged: SignalStrength=SignalStrength:{mCdma=CellSignalStrengthCdma: cdmaDbm=2147483647 cdmaEcio=2147483647 evdoDbm=2147483647 evdoEcio=2147483647 evdoSnr=2147483647 level=0,mGsm=CellSignalStrengthGsm: rssi=2147483647 ber=2147483647 mTa=2147483647 mLevel=0,mWcdma=CellSignalStrengthWcdma: ss=2147483647 ber=2147483647 rscp=2147483647 ecno=2147483647 level=0,mTdscdma=CellSignalStrengthTdscdma: rssi=2147483647 ber=2147483647 rscp=2147483647 level=0,mLte=CellSignalStrengthLte: rssi=2147483647 rsrp=-106 rsrq=-10 rssnr=10 cqiTableIndex=2147483647 cqi=0 ta=0 level=3 parametersUseForLevel=0,mNr=CellSignalStrengthNr:{ csiRsrp = 2147483647 csiRsrq = 2147483647 csiCqiTableIndex = 2147483647 csiCqiReport = [] ssRsrp = 2147483647 ssRsrq = 2147483647 ssSinr = 2147483647 level = 0 parametersUseForLevel = 0 },primary=CellSignalStrengthLte}, phoneId=0, mMtkLevel=0, mMtkRsrpOnly=false, mMtkLteRsrpThreshold=null, mMtkLteRssnrThreshold=null
04-28 23:22:26.574  1676  2410 I OplusHansManager : uid=10756, pkg=com.instagram.android, transition from Frozen to Middle, reason=AsyncBinder
04-28 23:22:26.574  1676  2410 I OplusHansManager : uid=10756, pkg=com.instagram.android F exit(), F stay=1, reason=AsyncBinder
04-28 23:22:26.584  1676  2416 I OplusHansManager : unfreeze uid: 10236 com.facebook.katana pids: [29558, 29003] reason: AsyncBinder scene: |airPlane|LcdOn
04-28 23:22:26.587  1676  2410 I OplusHansManager : uid=10236, pkg=com.facebook.katana, transition from Frozen to Middle, reason=AsyncBinder
04-28 23:22:26.587  1676  2410 I OplusHansManager : uid=10236, pkg=com.facebook.katana F exit(), F stay=1, reason=AsyncBinder
04-28 23:22:26.588  1676  2416 I OplusHansManager : forceUnfreezeByPid pid= 29558 reason= unfreezeForKernel: AsyncBinder
04-28 23:22:26.595  4070  4072 D IHansComunication: HANS sendMessageToKernel: threadId = 493551869104, netLinkSetup = 1, type = FROZEN_TRANS, targetUid = 10236, pkgCmd = PKG_CMD_MAX
04-28 23:22:26.609   826   889 E android.hardware.sensors@2.0-service.multihal-mediatek: MEMSIC_Calibrating @line:201, 222 MEMSIC6a2021-01-20 acc_raw -0.135102 -0.052347 0.979592 mag_raw_Gauss -0.160100 -0.369100 -0.827100 timestamp 705936503297072
04-28 23:22:26.651  1046 25418 D pseudo  : mtk_gps_sys_nmea_output_to_app: len:12,  NLPTTFF,0

04-28 23:22:26.672   826   889 E android.hardware.sensors@2.0-service.multihal-mediatek: MEMSIC_Calibrating @line:201, 222 MEMSIC6a2021-01-20 acc_raw -0.135102 -0.052347 0.979592 mag_raw_Gauss -0.163000 -0.370100 -0.829100 timestamp 705936565797005
04-28 23:22:26.721  1046 25418 D pseudo  : mtk_gps_sys_nmea_output_to_mnld: received 1783 bytes:
04-28 23:22:26.722  1046 25418 D mnld    : nmea_reader_update_time: nmea_reader_update_time: timestamp = 1777398745015, second = 1777398745000, msec = 15
