04-28 23:22:19.686 15893 15893 D wpa_supplicant: P2P: Config Methods (WPS): 0x4388
04-28 23:22:19.686 15893 15893 D wpa_supplicant: P2P: Device Password ID: 0
04-28 23:22:19.686 15893 15893 D wpa_supplicant: P2P: Primary Device Type (WPS): 10-0050F204-5
04-28 23:22:19.687 15893 15893 D wpa_supplicant: P2P: Parsing P2P IE
04-28 23:22:19.687 15893 15893 D wpa_supplicant: P2P: Attribute 2 length 2
04-28 23:22:19.687 15893 15893 D wpa_supplicant: P2P: * Device Capability 25 Group Capability 00
04-28 23:22:19.687 15893 15893 D wpa_supplicant: P2P: Attribute 6 length 5
04-28 23:22:19.687 15893 15893 D wpa_supplicant: P2P: * Listen Channel: Country XX(0x04) Regulatory Class 81 Channel Number 6
04-28 23:22:19.687 15893 15893 D wpa_supplicant: P2P: No P2PS Hash in Probe Request
04-28 23:22:19.687 15893 15893 D wpa_supplicant: P2P: Reply to P2P Probe Request in Listen state
04-28 23:22:19.687 15893 15893 D wpa_supplicant: WPS:  * Version (hardcoded 0x10)
04-28 23:22:19.687 15893 15893 D wpa_supplicant: WPS:  * UUID-E
04-28 23:22:19.687 15893 15893 D wpa_supplicant: WPS:  * Version2 (0x20)
04-28 23:22:19.687 15893 15893 D wpa_supplicant: P2P: * P2P IE header
04-28 23:22:19.687 15893 15893 D wpa_supplicant: P2P: * Capability dev=25 group=00
04-28 23:22:19.687 15893 15893 D wpa_supplicant: P2P: * Device Info
04-28 23:22:19.688 15893 15893 D wpa_supplicant: nl80211: send_mlme - da=e2:2d:98:3e:b9:a1 noack=1 freq=5765 no_cck=0 offchanok=0 wait_time=0 no_encrypt=0 fc=0x50 (WLAN_FC_STYPE_PROBE_RESP) nlmode=9
04-28 23:22:19.688 15893 15893 D wpa_supplicant: nl80211: send_mlme -> send_frame_cmd
04-28 23:22:19.688 15893 15893 D wpa_supplicant: nl80211: CMD_FRAME freq=5765 wait=0 no_cck=0 no_ack=1 offchanok=0
04-28 23:22:19.689 15893 15893 D wpa_supplicant: CMD_FRAME - hexdump(len=235): 50 00 00 00 e2 2d 98 3e b9 a1 ba 2d ba b1 c8 25 ba 2d ba b1 c8 25 00 00 00 00 00 00 00 00 00 00 64 00 30 04 00 07 44 49 52 45 43 54 2d 01 08 8c 12 98 24 b0 48 60 6c 03 01 99 dd 84 00 50 f2 04 10 4a 00 01 10 10 44 00 01 01 10 3b 00 01 00 10 47 00 10 80 9a ed cb 4b 5a 58 8f a2 fc d8 b6 ff 2a b4 ff 10 21 00 0d 4d 65 64 69 61 54 65 6b 20 49 6e 63 2e 10 23 00 12 4d 54 4b 20 57 69 72 65 6c 65 73 73 20 4d 6f 64 65 6c 10 24 00 03 31 2e 30 10 42 00 03 32 2e 30 10 54 00 08 00 0a 00 50 f2 04 00 05 10 11 00 08 4f 50 50 4f 20 41 35 35 10 08 00 02 43 88 10 49 00 06 00 37 2a 00 01 20 dd 29 50 6f 9a 09 02 02 00 25 00 0d 1d 00 ba 2d ba b1 c8 25 01 88 00 0a 00 50 f2 04 00 05 00 10 11 00 08 4f 50 50 4f 20 41 35 35
04-28 23:22:19.689 15893 15893 D wpa_supplicant: nl80211: Frame TX command accepted (no ACK); cookie 0x0
04-28 23:22:19.690 15843 15885 D WifiHAL : event received NL80211_CMD_FRAME_TX_STATUS
04-28 23:22:19.690 15893 15893 D wpa_supplicant: nl80211: Event message available
04-28 23:22:19.690 15893 15893 D wpa_supplicant: nl80211: Drv Event 60 (NL80211_CMD_FRAME_TX_STATUS) received for p2p0
04-28 23:22:19.690 15893 15893 D wpa_supplicant: nl80211: MLME event 60 (NL80211_CMD_FRAME_TX_STATUS) on p2p0(ba:2d:ba:b1:c8:25) A1=e2:2d:98:3e:b9:a1 A2=ba:2d:ba:b1:c8:25
04-28 23:22:19.691 15893 15893 D wpa_supplicant: nl80211: MLME event frame - hexdump(len=235): 50 00 00 00 e2 2d 98 3e b9 a1 ba 2d ba b1 c8 25 ba 2d ba b1 c8 25 00 00 00 00 00 00 00 00 00 00 64 00 30 04 00 07 44 49 52 45 43 54 2d 01 08 8c 12 98 24 b0 48 60 6c 03 01 99 dd 84 00 50 f2 04 10 4a 00 01 10 10 44 00 01 01 10 3b 00 01 00 10 47 00 10 80 9a ed cb 4b 5a 58 8f a2 fc d8 b6 ff 2a b4 ff 10 21 00 0d 4d 65 64 69 61 54 65 6b 20 49 6e 63 2e 10 23 00 12 4d 54 4b 20 57 69 72 65 6c 65 73 73 20 4d 6f 64 65 6c 10 24 00 03 31 2e 30 10 42 00 03 32 2e 30 10 54 00 08 00 0a 00 50 f2 04 00 05 10 11 00 08 4f 50 50 4f 20 41 35 35 10 08 00 02 43 88 10 49 00 06 00 37 2a 00 01 20 dd 29 50 6f 9a 09 02 02 00 25 00 0d 1d 00 ba 2d ba b1 c8 25 01 88 00 0a 00 50 f2 04 00 05 00 10 11 00 08 4f 50 50 4f 20 41 35 35
04-28 23:22:19.691 15893 15893 D wpa_supplicant: nl80211: Frame TX status event A1=e2:2d:98:3e:b9:a1 stype=5 cookie=0x478 ack=0
04-28 23:22:19.691 15893 15893 D wpa_supplicant: p2p0: Event TX_STATUS (16) received
04-28 23:22:19.691 15893 15893 D wpa_supplicant: p2p0: EVENT_TX_STATUS dst=e2:2d:98:3e:b9:a1 type=0 stype=5
04-28 23:22:19.691 15893 15893 D wpa_supplicant: p2p0: EVENT_TX_STATUS pending_dst=e2:2d:98:3e:b9:a1
04-28 23:22:19.724  1046 25418 D pseudo  : mtk_gps_sys_nmea_output_to_mnld: received 1784 bytes:
04-28 23:22:19.724  1046 25418 D mnld    : nmea_reader_update_time: nmea_reader_update_time: timestamp = 1777398738015, second = 1777398738000, msec = 15
04-28 23:22:19.731  1046 25418 W mnld    : nmea_reader_parse: unknown sentence 'GNVTG
04-28 23:22:19.731  1046 25418 D mnld    : nmea_reader_parse: receive PMTKAGC command, agc: 6
04-28 23:22:19.731  1046 25418 W mnld    : nmea_reader_parse: unknown sentence 'PMTKTSX1
04-28 23:22:19.732  1046 25418 D mnld    : nmea_reader_parse: et_mnl_report_mnld = 705929618, tick_in_dsp = 226014, et_mnl_receive_tick = 705929525, et_at_dsp =0
04-28 23:22:19.732  1046 25418 W mnld    : nmea_reader_parse: unknown sentence 'PMTKMPE1
04-28 23:22:19.732  1046 25418 W mnld    : nmea_reader_parse: unknown sentence 'PMTKMPE2
04-28 23:22:19.732  1046 25418 W mnld    : nmea_reader_parse: unknown sentence 'PMTKLCPOS1
04-28 23:22:19.733  1046 25418 W mnld    : nmea_reader_parse: unknown sentence 'PMTKLCPOS2
04-28 23:22:19.733  1046 25418 D pseudo  : mtk_gps_sys_nmea_output_to_app: len:1784, [NMEA]$GNGGA,175218.01...
04-28 23:22:19.733  1046 25418 D gps_controlller: send_active_notify: send clean nmea timer cmd!
04-28 23:22:19.734  1046 25418 D gps_controlller: mtk_gps_sys_gps_mnl_callback: MTK_GPS_MSG_FIX_READY, GET_RTC_OK, 0.039, 21847.023
04-28 23:22:19.734  1046  1083 D mtk_lbs_utility: start_timer_check_ret: start_timer_check_ret ret=0
04-28 23:22:19.734  1046  1083 D MNLD    : mnld_gps_controller_mnl_nmea_timeout: mnld_gps_controller_mnl_nmea_timeout start_timer return: 0
04-28 23:22:19.734  1046 25418 D gps_controlller: mtk_gps_sys_gps_mnl_callback: Age = 2, RTCDiff = 30, Time_interval = 10
04-28 23:22:19.734  1046  1083 D mtk_lbs_utility: stop_timer_check_ret: stop_timer_check_ret ret=0
04-28 23:22:19.734  1046  1083 D gps_controlller: gps_control_thread: gps_control_thread wait
04-28 23:22:19.734   826   889 E android.hardware.sensors@2.0-service.multihal-mediatek: MEMSIC_Calibrating @line:201, 222 MEMSIC6a2021-01-20 acc_raw -0.143163 -0.054490 0.983265 mag_raw_Gauss -0.163000 -0.372000 -0.835900 timestamp 705929628297101
04-28 23:22:19.735  1046  1093 D mtk_lbs_utility: start_timer_check_ret: start_timer_check_ret ret=0
04-28 23:22:19.736  1046  1093 W MNLD    : mnld_gps_output_data_handle: mnld send debug msg to app:$PMTK841,001,1.000000,-0.000145,37.333176,20,119,4541,4647,0,0,0,0.000000,0.006027,35.418915,-0.064629*3E

04-28 23:22:19.736  1046  1093 E mnld    : mtk_socket_connect_local: mtk_socket_connect_local() connect() failed reason=[Connection refused]111 for path=[mtk_mnld2debugService]
04-28 23:22:19.736  1046  1093 E mnld    : Mnld2DebugInterface_mnldUpdateMessageInfo: Mnld2DebugInterface_mnldUpdateMessageInfo() mtk_socket_client_connect() failed
04-28 23:22:19.736  1046  1093 D MNLD    : mnld_main_thread: mnld_main_thread stop_timer return: 0
04-28 23:22:19.736  1046 25418 D pseudo  : mtk_gps_sys_nmea_output_to_app: len:46, [vAGPS_Auto_Req]:g_FirstDbtt:0,u2BitMap:0x128
04-28 23:22:19.797   826   889 E android.hardware.sensors@2.0-service.multihal-mediatek: MEMSIC_Calibrating @line:201, 222 MEMSIC6a2021-01-20 acc_raw -0.132347 -0.060408 0.980102 mag_raw_Gauss -0.165000 -0.373000 -0.835900 timestamp 705929690797029
04-28 23:22:19.837 15893 15893 D wpa_supplicant: P2P: Stopping find
04-28 23:22:19.837 15893 15893 D wpa_supplicant: P2P: Clear timeout (state=SEARCH)
04-28 23:22:19.837 15893 15893 I wpa_supplicant: P2P-FIND-STOPPED 
04-28 23:22:19.837 15893 15893 D wpa_supplicant: Notifying P2P find stop to hidl control
04-28 23:22:19.838 15893 15893 D wpa_supplicant: P2P: State SEARCH -> IDLE
04-28 23:22:19.838 15893 15893 D wpa_supplicant: P2P: Clear timeout (state=IDLE)
04-28 23:22:19.838 15893 15893 D wpa_supplicant: P2P: Clear drv_in_listen (2412)
04-28 23:22:19.838 15893 15893 D wpa_supplicant: nl80211: Cancel remain-on-channel with cookie 0x475
04-28 23:22:19.839 15843 15885 D WifiHAL : event received NL80211_CMD_CANCEL_REMAIN_ON_CHANNEL
04-28 23:22:19.840 15893 15893 D wpa_supplicant: iface p2p0 set_ap_wps_p2p_ie, ignored
04-28 23:22:19.840 15893 15893 D wpa_supplicant: nl80211: Skip disabling of Probe Request reporting nl_preq=0x3c8888f69fe6ec09 while in AP mode
04-28 23:22:19.840 15893 15893 D wpa_supplicant: p2p0: Radio work 'p2p-listen'@0xb400007e1762f9c0 done in 0.605352 seconds
04-28 23:22:19.840 15893 15893 D wpa_supplicant: p2p0: radio_work_free('p2p-listen'@0xb400007e1762f9c0): num_active_works --> 0
04-28 23:22:19.841 15893 15893 D wpa_supplicant: nl80211: Event message available
04-28 23:22:19.841 15893 15893 D wpa_supplicant: nl80211: Drv Event 56 (NL80211_CMD_CANCEL_REMAIN_ON_CHANNEL) received for p2p0
04-28 23:22:19.841 15893 15893 D wpa_supplicant: nl80211: Remain-on-channel event (cancel=1 freq=2412 channel_type=0 duration=0 cookie=0x475 (match))
04-28 23:22:19.841 15893 15893 D wpa_supplicant: p2p0: Event CANCEL_REMAIN_ON_CHANNEL (20) received
04-28 23:22:19.841 15893 15893 D wpa_supplicant: P2P: Cancel remain-on-channel callback (p2p_long_listen=0 ms pending_action_tx=0x0)
04-28 23:22:19.841 15893 15893 D wpa_supplicant: P2P: Driver ended Listen state (freq=2412)
04-28 23:22:19.841 15893 15893 D wpa_supplicant: P2P: Skip stop_listen since not in listen_only state.
04-28 23:22:19.843  1676  1871 D SupplicantP2pIfaceHalHidlImpl: setVendorElements() is not supported.
04-28 23:22:19.850  4757  5582 I yAF.CORE.b: onPeersDiscoveryEnabled: false
04-28 23:22:19.851  4757  5582 W yAF.CORE.P2pManager: Discovery Listener is Empty.
04-28 23:22:19.852  1676  1871 E WifiP2pService: -------discover_peers before p2pFind
04-28 23:22:19.853 15893 15893 D wpa_supplicant: p2p0: P2P: Use 50 ms search delay due to concurrent operation
04-28 23:22:19.853 15893 15893 D wpa_supplicant: P2P: Starting find (type=0)
04-28 23:22:19.853 15893 15893 D wpa_supplicant: P2P: Clear timeout (state=IDLE)
04-28 23:22:19.853 15893 15893 D wpa_supplicant: iface p2p0 set_ap_wps_p2p_ie, ignored
04-28 23:22:19.853 15893 15893 D wpa_supplicant: nl80211: Skip disabling of Probe Request reporting nl_preq=0x3c8888f69fe6ec09 while in AP mode
04-28 23:22:19.853 15893 15893 D wpa_supplicant: P2P: State IDLE -> SEARCH
04-28 23:22:19.853 15893 15893 D wpa_supplicant: WPS: Building WPS IE for Probe Request
04-28 23:22:19.853 15893 15893 D wpa_supplicant: WPS:  * Version (hardcoded 0x10)
04-28 23:22:19.853 15893 15893 D wpa_supplicant: WPS:  * Request Type
04-28 23:22:19.853 15893 15893 D wpa_supplicant: WPS:  * Config Methods (4388)
04-28 23:22:19.853 15893 15893 D wpa_supplicant: WPS:  * UUID-E
04-28 23:22:19.853 15893 15893 D wpa_supplicant: WPS:  * Primary Device Type
04-28 23:22:19.853 15893 15893 D wpa_supplicant: WPS:  * RF Bands (3)
04-28 23:22:19.853 15893 15893 D wpa_supplicant: WPS:  * Association State
04-28 23:22:19.853 15893 15893 D wpa_supplicant: WPS:  * Configuration Error (0)
04-28 23:22:19.854 15893 15893 D wpa_supplicant: WPS:  * Device Password ID (0)
04-28 23:22:19.854 15893 15893 D wpa_supplicant: WPS:  * Manufacturer
04-28 23:22:19.854 15893 15893 D wpa_supplicant: WPS:  * Model Name
04-28 23:22:19.854 15893 15893 D wpa_supplicant: WPS:  * Model Number
04-28 23:22:19.854 15893 15893 D wpa_supplicant: WPS:  * Device Name
04-28 23:22:19.854 15893 15893 D wpa_supplicant: WPS:  * Version2 (0x20)
04-28 23:22:19.854 15893 15893 D wpa_supplicant: WPS:  * Request to Enroll (1)
04-28 23:22:19.854 15893 15893 D wpa_supplicant: P2P: * P2P IE header
04-28 23:22:19.854 15893 15893 D wpa_supplicant: P2P: * Capability dev=25 group=00
04-28 23:22:19.854 15893 15893 D wpa_supplicant: P2P: * Listen Channel: Regulatory Class 81 Channel 1
04-28 23:22:19.854 15893 15893 D wpa_supplicant: p2p0: Add radio work 'p2p-scan'@0xb400007e1762f9c0
04-28 23:22:19.854 15893 15893 D wpa_supplicant: p2p0: First radio work item in the queue - schedule start immediately
04-28 23:22:19.855 15893 15893 D wpa_supplicant: p2p0: Starting radio work 'p2p-scan'@0xb400007e1762f9c0 after 0.000497 second wait
04-28 23:22:19.855 15893 15893 D wpa_supplicant: P2P: Exclude 6 GHz channels - update the scan frequency list
04-28 23:22:19.855 15893 15893 D wpa_supplicant: p2p0: nl80211: scan request
04-28 23:22:19.855 15893 15893 D wpa_supplicant: nl80211: Scan SSID DIRECT-
04-28 23:22:19.855 15893 15893 D wpa_supplicant: nl80211: Scan extra IEs - hexdump(len=167): dd 92 00 50 f2 04 10 4a 00 01 10 10 3a 00 01 01 10 08 00 02 43 88 10 47 00 10 80 9a ed cb 4b 5a 58 8f a2 fc d8 b6 ff 2a b4 ff 10 54 00 08 00 0a 00 50 f2 04 00 05 10 3c 00 01 03 10 02 00 02 00 00 10 09 00 02 00 00 10 12 00 02 00 00 10 21 00 0d 4d 65 64 69 61 54 65 6b 20 49 6e 63 2e 10 23 00 12 4d 54 4b 20 57 69 72 65 6c 65 73 73 20 4d 6f 64 65 6c 10 24 00 03 31 2e 30 10 11 00 08 4f 50 50 4f 20 41 35 35 10 49 00 09 00 37 2a 00 01 20 03 01 01 dd 11 50 6f 9a 09 02 02 00 25 00 06 05 00 49 4e 04 51 01
04-28 23:22:19.855 15893 15893 D wpa_supplicant: nl80211: Scan frequency 2412 MHz
04-28 23:22:19.855 15893 15893 D wpa_supplicant: nl80211: Scan frequency 2417 MHz
04-28 23:22:19.856 15893 15893 D wpa_supplicant: nl80211: Scan frequency 2422 MHz
04-28 23:22:19.856 15893 15893 D wpa_supplicant: nl80211: Scan frequency 2427 MHz
04-28 23:22:19.856 15893 15893 D wpa_supplicant: nl80211: Scan frequency 2432 MHz
04-28 23:22:19.856 15893 15893 D wpa_supplicant: nl80211: Scan frequency 2437 MHz
04-28 23:22:19.856 15893 15893 D wpa_supplicant: nl80211: Scan frequency 2442 MHz
04-28 23:22:19.856 15893 15893 D wpa_supplicant: nl80211: Scan frequency 2447 MHz
04-28 23:22:19.856 15893 15893 D wpa_supplicant: nl80211: Scan frequency 2452 MHz
04-28 23:22:19.856 15893 15893 D wpa_supplicant: nl80211: Scan frequency 2457 MHz
04-28 23:22:19.856 15893 15893 D wpa_supplicant: nl80211: Scan frequency 2462 MHz
04-28 23:22:19.856 15893 15893 D wpa_supplicant: nl80211: Scan frequency 2467 MHz
04-28 23:22:19.856 15893 15893 D wpa_supplicant: nl80211: Scan frequency 2472 MHz
04-28 23:22:19.856 15893 15893 D wpa_supplicant: nl80211: Scan frequency 5180 MHz
04-28 23:22:19.856 15893 15893 D wpa_supplicant: nl80211: Scan frequency 5200 MHz
04-28 23:22:19.856 15893 15893 D wpa_supplicant: nl80211: Scan frequency 5220 MHz
04-28 23:22:19.856 15893 15893 D wpa_supplicant: nl80211: Scan frequency 5240 MHz
04-28 23:22:19.856 15893 15893 D wpa_supplicant: nl80211: Scan frequency 5260 MHz
04-28 23:22:19.856 15893 15893 D wpa_supplicant: nl80211: Scan frequency 5280 MHz
04-28 23:22:19.856 15893 15893 D wpa_supplicant: nl80211: Scan frequency 5300 MHz
04-28 23:22:19.856 15893 15893 D wpa_supplicant: nl80211: Scan frequency 5320 MHz
04-28 23:22:19.856 15893 15893 D wpa_supplicant: nl80211: Scan frequency 5500 MHz
04-28 23:22:19.856 15893 15893 D wpa_supplicant: nl80211: Scan frequency 5520 MHz
04-28 23:22:19.856 15893 15893 D wpa_supplicant: nl80211: Scan frequency 5540 MHz
04-28 23:22:19.856 15893 15893 D wpa_supplicant: nl80211: Scan frequency 5560 MHz
04-28 23:22:19.856 15893 15893 D wpa_supplicant: nl80211: Scan frequency 5580 MHz
04-28 23:22:19.856 15893 15893 D wpa_supplicant: nl80211: Scan frequency 5600 MHz
04-28 23:22:19.856 15893 15893 D wpa_supplicant: nl80211: Scan frequency 5620 MHz
04-28 23:22:19.856 15893 15893 D wpa_supplicant: nl80211: Scan frequency 5640 MHz
04-28 23:22:19.856 15893 15893 D wpa_supplicant: nl80211: Scan frequency 5660 MHz
04-28 23:22:19.856 15893 15893 D wpa_supplicant: nl80211: Scan frequency 5680 MHz
04-28 23:22:19.857 15893 15893 D wpa_supplicant: nl80211: Scan frequency 5700 MHz
04-28 23:22:19.857 15893 15893 D wpa_supplicant: nl80211: Scan frequency 5745 MHz
04-28 23:22:19.857 15893 15893 D wpa_supplicant: nl80211: Scan frequency 5765 MHz
04-28 23:22:19.857 15893 15893 D wpa_supplicant: nl80211: Scan frequency 5785 MHz
04-28 23:22:19.857 15893 15893 D wpa_supplicant: nl80211: Scan frequency 5805 MHz
04-28 23:22:19.857 15893 15893 D wpa_supplicant: nl80211: Scan frequency 5825 MHz
04-28 23:22:19.857 15893 15893 D wpa_supplicant: nl80211: Add NL80211_SCAN_FLAG_AP
04-28 23:22:19.857 15893 15893 D wpa_supplicant: nl80211: P2P probe - mask SuppRates
04-28 23:22:19.857 25313 25313 I MeshService: discoverPeers: scan started OK
04-28 23:22:19.858 15843 15885 D WifiHAL : event received NL80211_CMD_TRIGGER_SCAN
04-28 23:22:19.860 15893 15893 D wpa_supplicant: Scan requested (ret=0) - scan timeout 30 seconds
04-28 23:22:19.860 15893 15893 D wpa_supplicant: P2P: Running p2p_scan
04-28 23:22:19.860 15893 15893 D wpa_supplicant: nl80211: Event message available
04-28 23:22:19.860 15893 15893 D wpa_supplicant: nl80211: Drv Event 33 (NL80211_CMD_TRIGGER_SCAN) received for p2p0
04-28 23:22:19.860 15893 15893 D wpa_supplicant: p2p0: nl80211: Scan trigger
04-28 23:22:19.860   826   889 E android.hardware.sensors@2.0-service.multihal-mediatek: MEMSIC_Calibrating @line:201, 222 MEMSIC6a2021-01-20 acc_raw -0.135612 -0.053265 0.983980 mag_raw_Gauss -0.164000 -0.368100 -0.837800 timestamp 705929753297048
04-28 23:22:19.861 15893 15893 D wpa_supplicant: p2p0: Event SCAN_STARTED (47) received
04-28 23:22:19.861 15893 15893 D wpa_supplicant: p2p0: Own scan request started a scan in 0.000662 seconds
04-28 23:22:19.862  4757  5582 I yAF.CORE.b: onPeersDiscoveryEnabled: true
04-28 23:22:19.862  4757  5582 W yAF.CORE.P2pManager: Discovery Listener is Empty.
04-28 23:22:19.869 25313 25313 D MeshService: requestPeers result (scan-start)
04-28 23:22:19.869 25313 25313 I MeshService: Wi-Fi peers found: 2
04-28 23:22:19.869 25313 25313 I MeshService: Peer: vivo V40e [e6:57:68:0a:a5:91]
04-28 23:22:19.869 25313 25313 I MeshService: Peer: Android_2eao [e2:2d:98:3e:b9:a1]
04-28 23:22:19.872 25313 25313 D MeshService: Queued for connect: e6:57:68:0a:a5:91
04-28 23:22:19.872 25313 25313 D MeshService: Queued for connect: e2:2d:98:3e:b9:a1
04-28 23:22:19.873 25313 25313 I MeshService: Connecting to e6:57:68:0a:a5:91 goIntent=0
04-28 23:22:19.878  1676  1871 D WifiP2pService: Inviting device : e6:57:68:0a:a5:91
04-28 23:22:19.879 15893 15893 D wpa_supplicant: P2P: Set 6 GHz capability to 0
04-28 23:22:19.879 15893 15893 D wpa_supplicant: p2p0: Determining shared radio frequencies (max len 2)
04-28 23:22:19.879 15893 15893 D wpa_supplicant: p2p0: Shared frequencies (len=1): completed iteration
04-28 23:22:19.879 15893 15893 D wpa_supplicant: p2p0: freq[0]: 5765, flags=0x0
04-28 23:22:19.879 15893 15893 D wpa_supplicant: p2p0: Shared frequencies (len=1): valid for P2P
04-28 23:22:19.879 15893 15893 D wpa_supplicant: p2p0: freq[0]: 5765, flags=0x0
04-28 23:22:19.879 15893 15893 D wpa_supplicant: p2p0: Determining shared radio frequencies (max len 2)
04-28 23:22:19.879 15893 15893 D wpa_supplicant: p2p0: Shared frequencies (len=1): completed iteration
04-28 23:22:19.879 15893 15893 D wpa_supplicant: p2p0: freq[0]: 5765, flags=0x0
04-28 23:22:19.879 15893 15893 D wpa_supplicant: p2p0: P2P: num_unused_channels: 1
04-28 23:22:19.880 15893 15893 D wpa_supplicant: P2P: Setup freqs: freq=5765 num_MCC=2 shared_freqs=1 num_unused=1
04-28 23:22:19.880 15893 15893 D wpa_supplicant: P2P: Trying to force us to use the requested channel (5765 MHz)
04-28 23:22:19.880 15893 15893 D wpa_supplicant: P2P: Own frequency preference: 5765 MHz
04-28 23:22:19.880 15893 15893 D wpa_supplicant: P2P: Request to invite peer e6:57:68:0a:a5:91 role=1 persistent=0 force_freq=5765 allow_6ghz=0
04-28 23:22:19.880 15893 15893 D wpa_supplicant: P2P: Invitation for BSSID ba:2d:ba:b1:c8:25
04-28 23:22:19.880 15893 15893 D wpa_supplicant: P2P: Invitation for GO Device Address ba:2d:ba:b1:c8:25
04-28 23:22:19.880 15893 15893 D wpa_supplicant: Invitation for SSID - hexdump(len=18): 44 49 52 45 43 54 2d 35 57 2d 4f 50 50 4f 20 41 35 35
04-28 23:22:19.880 15893 15893 D wpa_supplicant: P2P: Prepare channel - force_freq=5765 pref_freq=0 go=1
04-28 23:22:19.880 15893 15893 D wpa_supplicant: P2P: Prepare channel pref - force_freq=5765 pref_freq=0 go=1
04-28 23:22:19.880 15893 15893 D wpa_supplicant: P2P: prepared channels: 124:153
04-28 23:22:19.880 15893 15893 D wpa_supplicant: P2P: after go/cli filter/add: 124:153
04-28 23:22:19.880 15893 15893 D wpa_supplicant: P2P: Own preference for operation channel: Operating Class 124 Channel 153 (forced)
04-28 23:22:19.880 15893 15893 D wpa_supplicant: P2P: Stopping find
04-28 23:22:19.880 15893 15893 D wpa_supplicant: P2P: Clear timeout (state=SEARCH)
04-28 23:22:19.880 15893 15893 D wpa_supplicant: p2p0: Abort an ongoing scan
04-28 23:22:19.880 15893 15893 D wpa_supplicant: nl80211: Abort scan
04-28 23:22:19.882 15843 15885 D WifiHAL : event received NL80211_CMD_SCAN_ABORTED
04-28 23:22:19.882  1110  1110 W wificond: No handler for scan result notification from interface with index: 173
04-28 23:22:19.882 15893 15893 I wpa_supplicant: P2P-FIND-STOPPED 
04-28 23:22:19.882 15893 15893 D wpa_supplicant: Notifying P2P find stop to hidl control
04-28 23:22:19.883 15893 15893 D wpa_supplicant: P2P: State SEARCH -> IDLE
04-28 23:22:19.883 15893 15893 D wpa_supplicant: iface p2p0 set_ap_wps_p2p_ie, ignored
04-28 23:22:19.883 15893 15893 D wpa_supplicant: nl80211: Skip disabling of Probe Request reporting nl_preq=0x3c8888f69fe6ec09 while in AP mode
04-28 23:22:19.883 15893 15893 D wpa_supplicant: P2P: * Dialog Token: 4
04-28 23:22:19.883 15893 15893 D wpa_supplicant: P2P: * P2P IE header
04-28 23:22:19.883 15893 15893 D wpa_supplicant: P2P: * Configuration Timeout: GO 0 (*10ms)  client 0 (*10ms)
04-28 23:22:19.883 15893 15893 D wpa_supplicant: P2P: * Invitation Flags: bitmap 0x0
04-28 23:22:19.883 15893 15893 D wpa_supplicant: P2P: * Operating Channel: Regulatory Class 124 Channel 153
04-28 23:22:19.883 15893 15893 D wpa_supplicant: P2P: * P2P Group BSSID ba:2d:ba:b1:c8:25
04-28 23:22:19.883 15893 15893 D wpa_supplicant: P2P: * Channel List - hexdump(len=6): 49 4e 04 7c 01 99
04-28 23:22:19.883 15893 15893 D wpa_supplicant: P2P: * P2P Group ID ba:2d:ba:b1:c8:25
04-28 23:22:19.883 15893 15893 D wpa_supplicant: P2P: P2P Group ID SSID - hexdump(len=18): 44 49 52 45 43 54 2d 35 57 2d 4f 50 50 4f 20 41 35 35
04-28 23:22:19.883 15893 15893 D wpa_supplicant: P2P: * Device Info
04-28 23:22:19.883 15893 15893 D wpa_supplicant: P2P: Sending Invitation Request
04-28 23:22:19.883 15893 15893 D wpa_supplicant: P2P: State IDLE -> INVITE
04-28 23:22:19.883 15893 15893 D wpa_supplicant: P2P: Schedule new radio work for Action frame TX (listen_freq=-1 send_freq=-1 freq=2437)
04-28 23:22:19.883 15893 15893 D wpa_supplicant: p2p0: Add radio work 'p2p-send-action'@0xb400007e1762fa20
04-28 23:22:19.886  1676  1871 W ContextImpl: Calling a method in the system process without a qualified user: android.app.ContextImpl.sendBroadcastMultiplePermissions:1238 android.content.Context.sendBroadcastWithMultiplePermissions:2362 com.android.server.wifi.p2p.WifiP2pServiceImpl$P2pStateMachine.sendBroadcastMultiplePermissions:4476 com.android.server.wifi.p2p.WifiP2pServiceImpl$P2pStateMachine.sendPeersChangedBroadcast:4506 com.android.server.wifi.p2p.WifiP2pServiceImpl$P2pStateMachine.-$$Nest$msendPeersChangedBroadcast:0 
04-28 23:22:19.888 15893 15893 D wpa_supplicant: nl80211: Event message available
04-28 23:22:19.888 15893 15893 D wpa_supplicant: nl80211: Drv Event 35 (NL80211_CMD_SCAN_ABORTED) received for p2p0
04-28 23:22:19.888 15893 15893 D wpa_supplicant: p2p0: nl80211: Scan aborted
04-28 23:22:19.888 15893 15893 D wpa_supplicant: nl80211: Scan probed for SSID 'DIRECT-'
04-28 23:22:19.888 15893 15893 D wpa_supplicant: nl80211: Scan included frequencies: 2412 2417 2422 2427 2432 2437 2442 2447 2452 2457 2462 2467 2472 5180 5200 5220 5240 5260 5280 5300 5320 5500 5520 5540 5560 5580 5600 5620 5640 5660 5680 5700 5745 5765 5785 5805 5825
04-28 23:22:19.888 15893 15893 D wpa_supplicant: p2p0: Event SCAN_RESULTS (3) received
04-28 23:22:19.888 15893 15893 D wpa_supplicant: p2p0: Scan completed in 0.027237 seconds
04-28 23:22:19.889  1676  1871 W ContextImpl: Calling a method in the system process without a qualified user: android.app.ContextImpl.sendBroadcast:1303 com.android.server.wifi.p2p.WifiP2pServiceImpl$P2pStateMachine.sendBroadcastMultiplePermissions:4490 com.android.server.wifi.p2p.WifiP2pServiceImpl$P2pStateMachine.sendPeersChangedBroadcast:4506 com.android.server.wifi.p2p.WifiP2pServiceImpl$P2pStateMachine.-$$Nest$msendPeersChangedBroadcast:0 com.android.server.wifi.p2p.WifiP2pServiceImpl$P2pStateMachine$GroupCreatedState.processMessage:4185 
04-28 23:22:19.890 15893 15893 D wpa_supplicant: nl80211: Received scan results (4 BSSes)
04-28 23:22:19.891 15893 15893 D wpa_supplicant: p2p0: BSS: Start scan result update 981
04-28 23:22:19.891 15893 15893 D wpa_supplicant: 4c:**:**:**:ec:a3 freq:2432 level:-88 caps:0x411 est:3250 ssid:bs***th wpa_ie_len:22 rsn_ie_len:20 beacon_int:100 timestamp:705929769970
04-28 23:22:19.892 15893 15893 D wpa_supplicant: 2a:**:**:**:67:bb freq:2412 level:-91 caps:0x411 est:1000 ssid:X* wpa_ie_len:0 rsn_ie_len:20 beacon_int:100 timestamp:705927838841
04-28 23:22:19.892 15893 15893 D wpa_supplicant: 56:**:**:**:fd:1f freq:2437 level:-95 caps:0x411 est:1000 ssid:vi***04 wpa_ie_len:0 rsn_ie_len:20 beacon_int:100 timestamp:705925824367
04-28 23:22:19.892 15893 15893 D wpa_supplicant: p2p0: Radio work 'p2p-scan'@0xb400007e1762f9c0 done in 0.037350 seconds
04-28 23:22:19.892 15893 15893 D wpa_supplicant: p2p0: radio_work_free('p2p-scan'@0xb400007e1762f9c0): num_active_works --> 0
04-28 23:22:19.892 15893 15893 D wpa_supplicant: P2P: Scan results received (4 BSS)
04-28 23:22:19.892 15893 15893 D wpa_supplicant: P2P: Parsing WPS IE
04-28 23:22:19.892 15893 15893 D wpa_supplicant: P2P: Ignore scan data without P2P Device Info or P2P Device Id
04-28 23:22:19.892 15893 15893 D wpa_supplicant: P2P: Ignore old scan result for 2a:58:05:94:67:bb (rx_time=705927.841795 find_start=705929.748313)
04-28 23:22:19.892 15893 15893 D wpa_supplicant: P2P: Ignore old scan result for 56:15:82:e4:fd:1f (rx_time=705925.825795 find_start=705929.748313)
04-28 23:22:19.892  1676  1713 D WifiDisplayController: Received WIFI_P2P_PEERS_CHANGED_ACTION.
04-28 23:22:19.892 15893 15893 D wpa_supplicant: P2P: Ignore old scan result for e6:57:68:0a:a5:91 (rx_time=705925.905795 find_start=705929.748313)
04-28 23:22:19.892 15893 15893 D wpa_supplicant: p2p0: P2P: Use 50 ms search delay due to concurrent operation
04-28 23:22:19.892 15893 15893 D wpa_supplicant: wlan0: Updating scan results from sibling
04-28 23:22:19.893 15893 15893 D wpa_supplicant: nl80211: Received scan results (4 BSSes)
04-28 23:22:19.893 15893 15893 D wpa_supplicant: wlan0: BSS: Start scan result update 985
04-28 23:22:19.893 15893 15893 D wpa_supplicant: 4c:**:**:**:ec:a3 freq:2432 level:-88 caps:0x411 est:3250 ssid:bs***th wpa_ie_len:22 rsn_ie_len:20 beacon_int:100 timestamp:705929769970
04-28 23:22:19.893 15893 15893 D wpa_supplicant: 2a:**:**:**:67:bb freq:2412 level:-91 caps:0x411 est:1000 ssid:X* wpa_ie_len:0 rsn_ie_len:20 beacon_int:100 timestamp:705927838841
04-28 23:22:19.893 15893 15893 D wpa_supplicant: 56:**:**:**:fd:1f freq:2437 level:-95 caps:0x411 est:1000 ssid:vi***04 wpa_ie_len:0 rsn_ie_len:20 beacon_int:100 timestamp:705925824367
04-28 23:22:19.893 15893 15893 D wpa_supplicant: p2p0: Starting radio work 'p2p-send-action'@0xb400007e1762fa20 after 0.009708 second wait
04-28 23:22:19.893 15893 15893 D wpa_supplicant: Off-channel: Send action frame: freq=2437 dst=e6:57:68:0a:a5:91 src=ba:2d:ba:b1:c8:25 bssid=e6:57:68:0a:a5:91 len=130
04-28 23:22:19.893 15893 15893 D wpa_supplicant: Off-channel: Stored pending action frame (dst=e6:57:68:0a:a5:91 pending_action_tx=0xb400007e17646540)
04-28 23:22:19.894 15893 15893 D wpa_supplicant: Pending TX frame - hexdump(len=130): 04 09 50 6f 9a 09 03 04 dd 62 50 6f 9a 09 05 02 00 00 00 12 01 00 00 11 05 00 49 4e 04 7c 99 07 06 00 ba 2d ba b1 c8 25 0b 06 00 49 4e 04 7c 01 99 0f 18 00 ba 2d ba b1 c8 25 44 49 52 45 43 54 2d 35 57 2d 4f 50 50 4f 20 41 35 35 0d 1d 00 ba 2d ba b1 c8 25 01 88 00 0a 00 50 f2 04 00 05 00 10 11 00 08 4f 50 50 4f 20 41 35 35 dd 14 00 13 74 00 73 28 7c 99 7c 95 73 30 73 24 7c a1 73 2c 7c 9d
04-28 23:22:19.894 15893 15893 D wpa_supplicant: nl80211: Send Action frame (ifindex=173, freq=2437 MHz wait=500 ms no_cck=1 offchanok=1)
04-28 23:22:19.894 15893 15893 D wpa_supplicant: nl80211: send_mlme - da=e6:57:68:0a:a5:91 noack=0 freq=2437 no_cck=1 offchanok=1 wait_time=500 no_encrypt=0 fc=0xd0 (WLAN_FC_STYPE_ACTION) nlmode=9
04-28 23:22:19.894 15893 15893 D wpa_supplicant: nl80211: send_mlme -> send_frame_cmd
04-28 23:22:19.894 15893 15893 D wpa_supplicant: nl80211: CMD_FRAME freq=2437 wait=500 no_cck=1 no_ack=0 offchanok=1
04-28 23:22:19.894 15893 15893 D wpa_supplicant: CMD_FRAME - hexdump(len=154): d0 00 00 00 e6 57 68 0a a5 91 ba 2d ba b1 c8 25 e6 57 68 0a a5 91 00 00 04 09 50 6f 9a 09 03 04 dd 62 50 6f 9a 09 05 02 00 00 00 12 01 00 00 11 05 00 49 4e 04 7c 99 07 06 00 ba 2d ba b1 c8 25 0b 06 00 49 4e 04 7c 01 99 0f 18 00 ba 2d ba b1 c8 25 44 49 52 45 43 54 2d 35 57 2d 4f 50 50 4f 20 41 35 35 0d 1d 00 ba 2d ba b1 c8 25 01 88 00 0a 00 50 f2 04 00 05 00 10 11 00 08 4f 50 50 4f 20 41 35 35 dd 14 00 13 74 00 73 28 7c 99 7c 95 73 30 73 24 7c a1 73 2c 7c 9d
04-28 23:22:19.895 15893 15893 D wpa_supplicant: nl80211: Frame TX command accepted; cookie 0x479
04-28 23:22:19.898  1676  1871 D SupplicantP2pIfaceHalHidlImpl: setVendorElements() is not supported.
04-28 23:22:19.899  1676  1730 W BroadcastQueue: Appop Denial: receiving Intent { act=android.net.wifi.p2p.PEERS_CHANGED flg=0x4000010 (has extras) } to ProcessRecord{8e23222 25313:com.meshcomm/u0a786} (pid=25313, uid=10786) excludes appop android:fine_location due to sender android (uid 1000)
04-28 23:22:19.900  1676  1730 W BroadcastQueue: Appop Denial: receiving Intent { act=android.net.wifi.p2p.PEERS_CHANGED flg=0x4000010 (has extras) } to ProcessRecord{17844f7 1676:system/1000} (pid=1676, uid=1000) excludes appop android:fine_location due to sender android (uid 1000)
04-28 23:22:19.900  1676  1730 W BroadcastQueue: Appop Denial: receiving Intent { act=android.net.wifi.p2p.PEERS_CHANGED flg=0x4000010 (has extras) } to ProcessRecord{17844f7 1676:system/1000} (pid=1676, uid=1000) excludes appop android:fine_location due to sender android (uid 1000)
04-28 23:22:19.901  1676  1730 W BroadcastQueue: Appop Denial: receiving Intent { act=android.net.wifi.p2p.PEERS_CHANGED flg=0x4000010 (has extras) } to ProcessRecord{68926da 4757:com.heytap.accessory/u0a258} (pid=4757, uid=10258) excludes appop android:fine_location due to sender android (uid 1000)
04-28 23:22:19.903  1676  1713 D WifiDisplayController: Received list of peers.
04-28 23:22:19.903  1676  1713 D WifiDisplayController:   Device: vivo V40e, deviceAddress: e6:57:68:0a:a5:91, primary type: 10-0050F204-5, secondary type: null, wps: 392, grpcapab: 0, devcapab: 37, status: 1, wfdInfo: WFD enabled: trueWFD DeviceInfo: 0, WFD CtrlPort: 0, WFD MaxThroughput: 0, WFD R2 DeviceInfo: -1, vendorElements: null
04-28 23:22:19.903  1676  1713 D WifiDisplayController:   Device: Android_2eao, deviceAddress: e2:2d:98:3e:b9:a1, primary type: 10-0050F204-5, secondary type: null, wps: 392, grpcapab: 0, devcapab: 37, status: 1, wfdInfo: WFD enabled: trueWFD DeviceInfo: 0, WFD CtrlPort: 0, WFD MaxThroughput: 0, WFD R2 DeviceInfo: -1, vendorElements: null
04-28 23:22:19.906  4757  5582 I yAF.CORE.b: onPeersDiscoveryEnabled: false
04-28 23:22:19.906  4757  5582 W yAF.CORE.P2pManager: Discovery Listener is Empty.
04-28 23:22:19.921   826   889 E android.hardware.sensors@2.0-service.multihal-mediatek: MEMSIC_Calibrating @line:201, 222 MEMSIC6a2021-01-20 acc_raw -0.138265 -0.055918 0.984184 mag_raw_Gauss -0.162100 -0.363200 -0.838800 timestamp 705929815797249
04-28 23:22:19.926 25313 25313 D MeshService: requestPeers result (broadcast-peers-changed)
04-28 23:22:19.926 25313 25313 I MeshService: Wi-Fi peers found: 2
04-28 23:22:19.926 25313 25313 I MeshService: Peer: vivo V40e [e6:57:68:0a:a5:91]
04-28 23:22:19.926 25313 25313 I MeshService: Peer: Android_2eao [e2:2d:98:3e:b9:a1]
04-28 23:22:19.984   826   889 E android.hardware.sensors@2.0-service.multihal-mediatek: MEMSIC_Calibrating @line:201, 222 MEMSIC6a2021-01-20 acc_raw -0.138265 -0.055918 0.984184 mag_raw_Gauss -0.164000 -0.366200 -0.833900 timestamp 705929878297311
04-28 23:22:20.047   826   889 E android.hardware.sensors@2.0-service.multihal-mediatek: MEMSIC_Calibrating @line:201, 222 MEMSIC6a2021-01-20 acc_raw -0.137755 -0.056939 0.981531 mag_raw_Gauss -0.164000 -0.372000 -0.830000 timestamp 705929940797291
04-28 23:22:20.109   826   889 E android.hardware.sensors@2.0-service.multihal-mediatek: MEMSIC_Calibrating @line:201, 222 MEMSIC6a2021-01-20 acc_raw -0.137755 -0.055000 0.981020 mag_raw_Gauss -0.161100 -0.373000 -0.833000 timestamp 705930003297406
04-28 23:22:20.172   826   889 E android.hardware.sensors@2.0-service.multihal-mediatek: MEMSIC_Calibrating @line:201, 222 MEMSIC6a2021-01-20 acc_raw -0.140510 -0.056224 0.985918 mag_raw_Gauss -0.163000 -0.373000 -0.832000 timestamp 705930065797252
04-28 23:22:20.234   826   889 E android.hardware.sensors@2.0-service.multihal-mediatek: MEMSIC_Calibrating @line:201, 222 MEMSIC6a2021-01-20 acc_raw -0.140510 -0.056224 0.985918 mag_raw_Gauss -0.165000 -0.372000 -0.832000 timestamp 705930128297290
04-28 23:22:20.278 15893 15893 D wpa_supplicant: nl80211: Event message available
04-28 23:22:20.279 15893 15893 D wpa_supplicant: nl80211: Drv Event 60 (NL80211_CMD_FRAME_TX_STATUS) received for p2p0
04-28 23:22:20.279 15893 15893 D wpa_supplicant: nl80211: MLME event 60 (NL80211_CMD_FRAME_TX_STATUS) on p2p0(ba:2d:ba:b1:c8:25) A1=e6:57:68:0a:a5:91 A2=ba:2d:ba:b1:c8:25
04-28 23:22:20.279 15893 15893 D wpa_supplicant: nl80211: MLME event frame - hexdump(len=154): d0 00 00 00 e6 57 68 0a a5 91 ba 2d ba b1 c8 25 e6 57 68 0a a5 91 00 00 04 09 50 6f 9a 09 03 04 dd 62 50 6f 9a 09 05 02 00 00 00 12 01 00 00 11 05 00 49 4e 04 7c 99 07 06 00 ba 2d ba b1 c8 25 0b 06 00 49 4e 04 7c 01 99 0f 18 00 ba 2d ba b1 c8 25 44 49 52 45 43 54 2d 35 57 2d 4f 50 50 4f 20 41 35 35 0d 1d 00 ba 2d ba b1 c8 25 01 88 00 0a 00 50 f2 04 00 05 00 10 11 00 08 4f 50 50 4f 20 41 35 35 dd 14 00 13 74 00 73 28 7c 99 7c 95 73 30 73 24 7c a1 73 2c 7c 9d
04-28 23:22:20.279 15893 15893 D wpa_supplicant: nl80211: Frame TX status event A1=e6:57:68:0a:a5:91 stype=13 cookie=0x479 ack=1
04-28 23:22:20.279 15893 15893 D wpa_supplicant: p2p0: Event TX_STATUS (16) received
04-28 23:22:20.280 15893 15893 D wpa_supplicant: p2p0: EVENT_TX_STATUS dst=e6:57:68:0a:a5:91 type=0 stype=13
04-28 23:22:20.280 15893 15893 D wpa_supplicant: p2p0: EVENT_TX_STATUS pending_dst=e6:57:68:0a:a5:91
04-28 23:22:20.280 15893 15893 D wpa_supplicant: Off-channel: Delete matching pending action frame (dst=e6:57:68:0a:a5:91 pending_action_tx=0xb400007e17646540)
04-28 23:22:20.280 15893 15893 D wpa_supplicant: Pending TX frame - hexdump(len=130): 04 09 50 6f 9a 09 03 04 dd 62 50 6f 9a 09 05 02 00 00 00 12 01 00 00 11 05 00 49 4e 04 7c 99 07 06 00 ba 2d ba b1 c8 25 0b 06 00 49 4e 04 7c 01 99 0f 18 00 ba 2d ba b1 c8 25 44 49 52 45 43 54 2d 35 57 2d 4f 50 50 4f 20 41 35 35 0d 1d 00 ba 2d ba b1 c8 25 01 88 00 0a 00 50 f2 04 00 05 00 10 11 00 08 4f 50 50 4f 20 41 35 35 dd 14 00 13 74 00 73 28 7c 99 7c 95 73 30 73 24 7c a1 73 2c 7c 9d
04-28 23:22:20.280 15843 15885 D WifiHAL : event received NL80211_CMD_FRAME_TX_STATUS
04-28 23:22:20.280 15893 15893 D wpa_supplicant: Off-channel: TX status result=0 cb=0x5cdeeb2338
04-28 23:22:20.280 15893 15893 D wpa_supplicant: P2P: Clear Action TX work @0xb400007e1762fa20 (wait_time=500)
04-28 23:22:20.280 15893 15893 D wpa_supplicant: P2P: Action frame TX callback (state=8 freq=2437 dst=e6:57:68:0a:a5:91 src=ba:2d:ba:b1:c8:25 bssid=e6:57:68:0a:a5:91 result=0 p2p_state=INVITE)
04-28 23:22:20.280 15893 15893 D wpa_supplicant: P2P: Invitation Request TX callback: success=1
04-28 23:22:20.280 15893 15893 D wpa_supplicant: P2P: State INVITE -> INVITE
04-28 23:22:20.280 15893 15893 D wpa_supplicant: P2P: Set timeout (state=INVITE): 0.500000 sec
04-28 23:22:20.283 15893 15893 D wpa_supplicant: nl80211: Event message available
04-28 23:22:20.283 15893 15893 D wpa_supplicant: nl80211: BSS Event 59 (NL80211_CMD_FRAME) received for wlan0
04-28 23:22:20.283 15893 15893 D wpa_supplicant: nl80211: MLME event 59 (NL80211_CMD_FRAME) on wlan0(82:f1:2c:58:a9:6b) A1=ba:2d:ba:b1:c8:25 A2=e6:57:68:0a:a5:91
04-28 23:22:20.283 15893 15893 D wpa_supplicant: nl80211: wlan0: Ignore MLME frame event for foreign address
04-28 23:22:20.283 15893 15893 D wpa_supplicant: nl80211: Event message available
04-28 23:22:20.283 15893 15893 D wpa_supplicant: nl80211: BSS Event 59 (NL80211_CMD_FRAME) received for p2p0
04-28 23:22:20.283 15893 15893 D wpa_supplicant: nl80211: MLME event 59 (NL80211_CMD_FRAME) on p2p0(ba:2d:ba:b1:c8:25) A1=ba:2d:ba:b1:c8:25 A2=e6:57:68:0a:a5:91
04-28 23:22:20.284 15893 15893 D wpa_supplicant: nl80211: MLME event frame - hexdump(len=47): d0 00 24 00 ba 2d ba b1 c8 25 e6 57 68 0a a5 91 e6 57 68 0a a5 91 40 d5 04 09 50 6f 9a 09 04 04 dd 0d 50 6f 9a 09 00 01 00 01 05 02 00 00 00
04-28 23:22:20.284 15893 15893 D wpa_supplicant: nl80211: Frame event
04-28 23:22:20.284 15893 15893 D wpa_supplicant: nl80211: RX frame da=ba:2d:ba:b1:c8:25 sa=e6:57:68:0a:a5:91 bssid=e6:57:68:0a:a5:91 freq=2437 ssi_signal=-39 fc=0xd0 seq_ctrl=0xd540 stype=13 (WLAN_FC_STYPE_ACTION) len=47
04-28 23:22:20.284 15893 15893 D wpa_supplicant: p2p0: Event RX_MGMT (18) received
04-28 23:22:20.284 15893 15893 D wpa_supplicant: mgmt::action
04-28 23:22:20.284 15893 15893 D wpa_supplicant: RX_ACTION category 4 action 9 sa e6:57:68:0a:a5:91 da ba:2d:ba:b1:c8:25 len 47 freq 5765
04-28 23:22:20.284 15893 15893 D wpa_supplicant: P2P: RX P2P Public Action from e6:57:68:0a:a5:91
04-28 23:22:20.284 15893 15893 D wpa_supplicant: P2P: P2P Public Action contents - hexdump(len=17): 04 04 dd 0d 50 6f 9a 09 00 01 00 01 05 02 00 00 00
04-28 23:22:20.284 15893 15893 D wpa_supplicant: P2P: Received Invitation Response from e6:57:68:0a:a5:91
04-28 23:22:20.284 15893 15893 D wpa_supplicant: P2P: Parsing the received message
04-28 23:22:20.284 15893 15893 D wpa_supplicant: P2P: * Dialog Token: 4
04-28 23:22:20.284 15893 15893 D wpa_supplicant: P2P: Parsing P2P IE
04-28 23:22:20.284 15893 15893 D wpa_supplicant: P2P: Attribute 0 length 1
04-28 23:22:20.284 15893 15893 D wpa_supplicant: P2P: * Status: 1
04-28 23:22:20.284 15893 15893 D wpa_supplicant: P2P: Attribute 5 length 2
04-28 23:22:20.284 15893 15893 D wpa_supplicant: P2P: * Configuration Timeout
04-28 23:22:20.284 15893 15893 D wpa_supplicant: p2p0: Radio work 'p2p-send-action'@0xb400007e1762fa20 done in 0.391406 seconds
04-28 23:22:20.285 15893 15893 D wpa_supplicant: p2p0: radio_work_free('p2p-send-action'@0xb400007e1762fa20): num_active_works --> 0
04-28 23:22:20.285 15893 15893 D wpa_supplicant: Off-channel: Action frame sequence done notification: pending_action_tx=0x0 drv_offchan_tx=1 action_tx_wait_time=500 off_channel_freq=0 roc_waiting_drv_freq=0
04-28 23:22:20.285 15893 15893 D wpa_supplicant: nl80211: Cancel TX frame wait: cookie=0x479
04-28 23:22:20.287 15893 15893 D wpa_supplicant: nl80211: Cancel TX frame wait: cookie=0x0
04-28 23:22:20.287 15893 15893 D wpa_supplicant: nl80211: Cancel TX frame wait: cookie=0x0
04-28 23:22:20.288 15893 15893 D wpa_supplicant: nl80211: Cancel TX frame wait: cookie=0x0
04-28 23:22:20.288 15893 15893 D wpa_supplicant: nl80211: Cancel TX frame wait: cookie=0x0
04-28 23:22:20.292 15893 15893 D wpa_supplicant: nl80211: Cancel TX frame wait: cookie=0x0
04-28 23:22:20.294 15893 15893 D wpa_supplicant: nl80211: Cancel TX frame wait: cookie=0x0
04-28 23:22:20.296 15893 15893 D wpa_supplicant: nl80211: Cancel TX frame wait: cookie=0x0
04-28 23:22:20.297   826   889 E android.hardware.sensors@2.0-service.multihal-mediatek: MEMSIC_Calibrating @line:201, 222 MEMSIC6a2021-01-20 acc_raw -0.132143 -0.054490 0.985204 mag_raw_Gauss -0.166000 -0.370100 -0.835900 timestamp 705930190797266
04-28 23:22:20.297 15893 15893 D wpa_supplicant: nl80211: Cancel TX frame wait: cookie=0x0
04-28 23:22:20.298 15893 15893 D wpa_supplicant: nl80211: Cancel TX frame wait: cookie=0x0
04-28 23:22:20.298 15893 15893 D wpa_supplicant: nl80211: Cancel TX frame wait: cookie=0x0
04-28 23:22:20.299 15893 15893 D wpa_supplicant: nl80211: Cancel TX frame wait: cookie=0x0
04-28 23:22:20.299 15893 15893 D wpa_supplicant: nl80211: Cancel TX frame wait: cookie=0x0
04-28 23:22:20.300 15893 15893 I wpa_supplicant: P2P-INVITATION-RESULT status=1 
04-28 23:22:20.300 15893 15893 D wpa_supplicant: Notifying P2P invitation result to hidl control: NULL bssid
04-28 23:22:20.300 15893 15893 D wpa_supplicant: P2P: Invitation result - status=1 peer=e6:57:68:0a:a5:91
04-28 23:22:20.300 15893 15893 D wpa_supplicant: P2P: Clear timeout (state=INVITE)
04-28 23:22:20.301 15893 15893 D wpa_supplicant: P2P: State INVITE -> IDLE
04-28 23:22:20.301  1676  1871 E WifiP2pService: Invitation result INFORMATION_IS_CURRENTLY_UNAVAILABLE
04-28 23:22:20.360   826   889 E android.hardware.sensors@2.0-service.multihal-mediatek: MEMSIC_Calibrating @line:201, 222 MEMSIC6a2021-01-20 acc_raw -0.136531 -0.059898 0.979082 mag_raw_Gauss -0.163000 -0.370100 -0.837800 timestamp 705930253297184
04-28 23:22:20.394 32349 32670 E msys    : E[N mns:DGWClient]_OnDiskCacheGetData(1091)=>Start post callback cache refresh DNS resolution
04-28 23:22:20.402  2414  3531 D NetworkEvent: OplusNetworkEventCbProxy invoke.....onDnsEvent argslen:8
04-28 23:22:20.422   826   889 E android.hardware.sensors@2.0-service.multihal-mediatek: MEMSIC_Calibrating @line:201, 222 MEMSIC6a2021-01-20 acc_raw -0.136531 -0.057959 0.982551 mag_raw_Gauss -0.164000 -0.370100 -0.838800 timestamp 705930315797141
04-28 23:22:20.440 32349 32670 E msys    : E[N mns:DGWClient]_LogError(280)=>Failed to resolve using system DNS resolver, getaddrinfo(): No address associated with hostname
04-28 23:22:20.441 32349 32670 E msys    : E[N mns:DGWClient]_OnDiskCacheGetData(1091)=>Start post callback cache refresh DNS resolution
04-28 23:22:20.455  2414  3531 D NetworkEvent: OplusNetworkEventCbProxy invoke.....onDnsEvent argslen:8
04-28 23:22:20.457 32349 32670 E msys    : E[N mns:DGWClient]_LogError(280)=>Failed to resolve using system DNS resolver, getaddrinfo(): No address associated with hostname
04-28 23:22:20.486   826   889 E android.hardware.sensors@2.0-service.multihal-mediatek: MEMSIC_Calibrating @line:201, 222 MEMSIC6a2021-01-20 acc_raw -0.136531 -0.057959 0.982551 mag_raw_Gauss -0.164000 -0.370100 -0.833000 timestamp 705930378297073
04-28 23:22:20.489  1676  1716 D AES     : AEEIOCTL_GET/SET_SF_STATE IOCTL,cmd= 1074294797, lParam=0. 
04-28 23:22:20.490  1676  1716 D AES     : AEEIOCTL_RT_MON_Kick IOCTL,cmd= 2147774474, lParam=300. 
04-28 23:22:20.547   826   889 E android.hardware.sensors@2.0-service.multihal-mediatek: MEMSIC_Calibrating @line:201, 222 MEMSIC6a2021-01-20 acc_raw -0.140510 -0.057143 0.985408 mag_raw_Gauss -0.161100 -0.370100 -0.833900 timestamp 705930440796977
04-28 23:22:20.609   826   889 E android.hardware.sensors@2.0-service.multihal-mediatek: MEMSIC_Calibrating @line:201, 222 MEMSIC6a2021-01-20 acc_raw -0.131429 -0.056429 0.985000 mag_raw_Gauss -0.165000 -0.373000 -0.836900 timestamp 705930503296953
04-28 23:22:20.654  1046 25418 D pseudo  : mtk_gps_sys_nmea_output_to_app: len:12,  NLPTTFF,0

04-28 23:22:20.666  1202  1224 D agps    : [agps][n][AGPS] [MNL] write  pmtk  [$PMTK680,1,FFFFEC50*0E

04-28 23:22:20.666  1202  1224 D agps    :  ]
04-28 23:22:20.666  1046  1093 D mtk_lbs_utility: start_timer_check_ret: start_timer_check_ret ret=0
04-28 23:22:20.667  1046  1093 D MNLD    : mnld_main_thread: mnld_main_thread stop_timer return: 0
04-28 23:22:20.672   826   889 E android.hardware.sensors@2.0-service.multihal-mediatek: MEMSIC_Calibrating @line:201, 222 MEMSIC6a2021-01-20 acc_raw -0.139490 -0.053980 0.984490 mag_raw_Gauss -0.161100 -0.373000 -0.834900 timestamp 705930565797049
04-28 23:22:20.727  1046 25418 D pseudo  : mtk_gps_sys_nmea_output_to_mnld: received 1783 bytes:
04-28 23:22:20.730  1046 25418 D mnld    : nmea_reader_update_time: nmea_reader_update_time: timestamp = 1777398739015, second = 1777398739000, msec = 15
04-28 23:22:20.734   826   889 E android.hardware.sensors@2.0-service.multihal-mediatek: MEMSIC_Calibrating @line:201, 222 MEMSIC6a2021-01-20 acc_raw -0.139490 -0.053980 0.984490 mag_raw_Gauss -0.160100 -0.371000 -0.833900 timestamp 705930628297173
04-28 23:22:20.735  1046 25418 W mnld    : nmea_reader_parse: unknown sentence 'GNVTG
04-28 23:22:20.735  1046 25418 D mnld    : nmea_reader_parse: receive PMTKAGC command, agc: 6
04-28 23:22:20.736  1046 25418 W mnld    : nmea_reader_parse: unknown sentence 'PMTKTSX1
04-28 23:22:20.736  1046 25418 D mnld    : nmea_reader_parse: et_mnl_report_mnld = 705930621, tick_in_dsp = 227014, et_mnl_receive_tick = 705930526, et_at_dsp =0
04-28 23:22:20.736  1046 25418 W mnld    : nmea_reader_parse: unknown sentence 'PMTKMPE1
04-28 23:22:20.736  1046 25418 W mnld    : nmea_reader_parse: unknown sentence 'PMTKMPE2
04-28 23:22:20.737  1046 25418 W mnld    : nmea_reader_parse: unknown sentence 'PMTKLCPOS1
04-28 23:22:20.737  1046 25418 W mnld    : nmea_reader_parse: unknown sentence 'PMTKLCPOS2
04-28 23:22:20.737  1046 25418 D pseudo  : mtk_gps_sys_nmea_output_to_app: len:1783, [NMEA]$GNGGA,175219.01...
04-28 23:22:20.738  1046 25418 D gps_controlller: send_active_notify: send clean nmea timer cmd!
04-28 23:22:20.738  1046 25418 D gps_controlller: mtk_gps_sys_gps_mnl_callback: MTK_GPS_MSG_FIX_READY, GET_RTC_OK, 0.039, 21848.023
04-28 23:22:20.738  1046 25418 D gps_controlller: mtk_gps_sys_gps_mnl_callback: Age = 2, RTCDiff = 30, Time_interval = 10
04-28 23:22:20.738  1046  1083 D mtk_lbs_utility: start_timer_check_ret: start_timer_check_ret ret=0
04-28 23:22:20.738  1046  1083 D MNLD    : mnld_gps_controller_mnl_nmea_timeout: mnld_gps_controller_mnl_nmea_timeout start_timer return: 0
04-28 23:22:20.738  1046  1083 D mtk_lbs_utility: stop_timer_check_ret: stop_timer_check_ret ret=0
04-28 23:22:20.738  1046  1083 D gps_controlller: gps_control_thread: gps_control_thread wait
04-28 23:22:20.738  1046  1093 D mtk_lbs_utility: start_timer_check_ret: start_timer_check_ret ret=0
04-28 23:22:20.738  1046  1093 W MNLD    : mnld_gps_output_data_handle: mnld send debug msg to app:$PMTK841,001,1.000000,-0.000145,37.330162,20,119,4608,4618,0,0,0,0.000000,-0.003014,35.418915,0.000000*36

04-28 23:22:20.739  1046  1093 E mnld    : mtk_socket_connect_local: mtk_socket_connect_local() connect() failed reason=[Connection refused]111 for path=[mtk_mnld2debugService]
04-28 23:22:20.739  1046  1093 E mnld    : Mnld2DebugInterface_mnldUpdateMessageInfo: Mnld2DebugInterface_mnldUpdateMessageInfo() mtk_socket_client_connect() failed
04-28 23:22:20.739  1046  1093 D MNLD    : mnld_main_thread: mnld_main_thread stop_timer return: 0
04-28 23:22:20.740  1046 25418 D pseudo  : mtk_gps_sys_nmea_output_to_app: len:46, [vAGPS_Auto_Req]:g_FirstDbtt:0,u2BitMap:0x128
04-28 23:22:20.797   826   889 E android.hardware.sensors@2.0-service.multihal-mediatek: MEMSIC_Calibrating @line:201, 222 MEMSIC6a2021-01-20 acc_raw -0.137551 -0.057653 0.986633 mag_raw_Gauss -0.164000 -0.372000 -0.836900 timestamp 705930690797249
04-28 23:22:20.860   826   889 E android.hardware.sensors@2.0-service.multihal-mediatek: MEMSIC_Calibrating @line:201, 222 MEMSIC6a2021-01-20 acc_raw -0.131429 -0.055918 0.985714 mag_raw_Gauss -0.164000 -0.372000 -0.823200 timestamp 705930753297254
04-28 23:22:20.922   826   889 E android.hardware.sensors@2.0-service.multihal-mediatek: MEMSIC_Calibrating @line:201, 222 MEMSIC6a2021-01-20 acc_raw -0.137245 -0.057143 0.982959 mag_raw_Gauss -0.165000 -0.371000 -0.831000 timestamp 705930815797182
04-28 23:22:20.986   826   889 E android.hardware.sensors@2.0-service.multihal-mediatek: MEMSIC_Calibrating @line:201, 222 MEMSIC6a2021-01-20 acc_raw -0.137245 -0.057143 0.982959 mag_raw_Gauss -0.163000 -0.372000 -0.831000 timestamp 705930878145364
04-28 23:22:21.047   826   889 E android.hardware.sensors@2.0-service.multihal-mediatek: MEMSIC_Calibrating @line:201, 222 MEMSIC6a2021-01-20 acc_raw -0.138469 -0.055000 0.980612 mag_raw_Gauss -0.161100 -0.372000 -0.829100 timestamp 705930940645345
04-28 23:22:21.110   826   889 E android.hardware.sensors@2.0-service.multihal-mediatek: MEMSIC_Calibrating @line:201, 222 MEMSIC6a2021-01-20 acc_raw -0.135102 -0.049388 0.982245 mag_raw_Gauss -0.162100 -0.374000 -0.827100 timestamp 705931003145374
04-28 23:22:21.157 25313 25422 D MeshService: Incoming TCP connection from 192.168.49.63
04-28 23:22:21.162 25313 26200 I MeshService: HELLO from NODE-24095PCADI rssi=-55 bat=39% senderIp=192.168.49.63
04-28 23:22:21.162 25313 26200 D MeshService: Topology: NODE-24095PCADI knows []
04-28 23:22:21.162 25313 26200 D MeshService: Topology after merge: [NODE-24095PCADI]
04-28 23:22:21.162 25313 26200 D MeshService: HELLO reply skipped to 192.168.49.63 (cooldown)
04-28 23:22:21.172   826   889 E android.hardware.sensors@2.0-service.multihal-mediatek: MEMSIC_Calibrating @line:201, 222 MEMSIC6a2021-01-20 acc_raw -0.134082 -0.057449 0.980816 mag_raw_Gauss -0.163000 -0.375000 -0.826100 timestamp 705931065645387
04-28 23:22:21.234   826   889 E android.hardware.sensors@2.0-service.multihal-mediatek: MEMSIC_Calibrating @line:201, 222 MEMSIC6a2021-01-20 acc_raw -0.134592 -0.055204 0.981327 mag_raw_Gauss -0.166000 -0.370100 -0.828100 timestamp 705931128297098
04-28 23:22:21.297   826   889 E android.hardware.sensors@2.0-service.multihal-mediatek: MEMSIC_Calibrating @line:201, 222 MEMSIC6a2021-01-20 acc_raw -0.134592 -0.055204 0.981327 mag_raw_Gauss -0.163000 -0.374000 -0.831000 timestamp 705931190797084
