04-28 23:20:07.837  1676  1782 D InputMethodManagerService: isSecurity: attribute.packageName=com.meshcomm mCurMethodId=com.google.android.inputmethod.latin/com.android.inputmethod.latin.LatinIME
04-28 23:20:07.837  1676  1782 D InputMethodManagerService: isSecurity= false (  enable=false needShow=false inBlackList=false isExist=false )
04-28 23:20:07.869  1676  1782 D InputMethodManagerService: onHandleImeWindowVisibleStatus: vis = 0, needsToShowImeSwitcher = false
04-28 23:20:08.249  1676  1714 V OplusZoomWindowManagerService: onAnimationFinished:  r = ActivityRecord{d023718 u0 com.meshcomm/.ui.MainActivity} t3671}
04-28 23:20:08.250  1676  1714 I OplusAppSwitchManagerService:  handleAppVisible , r = ActivityRecord{d023718 u0 com.meshcomm/.ui.MainActivity} t3671}
04-28 23:20:08.252  1676  1714 V OplusZoomWindowManagerService: onAnimationFinished:  r = ActivityRecord{580b104 u0 com.meshcomm/.ui.NeighborActivity} t3671 f}}
04-28 23:20:08.272  1676  1782 V WindowManager: Relayout Window{c8e7ea0 u0 com.meshcomm/com.meshcomm.ui.NeighborActivity}: viewVisibility=8, oldvis=0, req=720x1600
04-28 23:20:08.311  1676  4579 D CoreBackPreview: Window{c8e7ea0 u0 com.meshcomm/com.meshcomm.ui.NeighborActivity}: Setting back callback null
04-28 23:20:08.314 25313 25313 V ZoomWindowDecorView: removeZoomView
04-28 23:20:08.325  1676  1782 D TaskFragmentExtImpl: remove ActivityRecord{580b104 u0 com.meshcomm/.ui.NeighborActivity} t-1 f}} to mActivityRecordSum = Counter{ com.meshcomm/.ui.MainActivity(1) }
04-28 23:20:08.649  1676  1844 D PowerManagerService: userActivityNoUpdateLocked: groupId=0, eventTime=448345893, event=2, flags=0x0, uid=1000
04-28 23:20:08.694  1676  4579 I ActivityTaskManager: START u0 {cmp=com.meshcomm/.ui.InboxActivity mCallingUid=10786} from uid 10786
04-28 23:20:08.698  1676  4579 D OplusZoomWindowRUSConfigManager: isSupportZoomModeWithPolicyLocked: target = com.meshcomm/.ui.InboxActivity
04-28 23:20:08.698  1676  4579 D OplusZoomWindowRUSConfigManager: targetPkg = com.meshcomm
04-28 23:20:08.698  1676  4579 V OplusZoomWindowManagerService: unSupportZoom: false ,callingPid: 25313 ,sourceStack: Task{5e4c32e #3671 type=standard A=10786:com.meshcomm U=0 visible=true visibleRequested=true mode=fullscreen translucent=false sz=1}
04-28 23:20:08.701  1676  4579 D TaskFragmentExtImpl: add ActivityRecord{7e90c87 u0 com.meshcomm/.ui.InboxActivity} t3671} to mActivityRecordSum = Counter{ com.meshcomm/.ui.InboxActivity(1) com.meshcomm/.ui.MainActivity(1) }
04-28 23:20:08.703  1676  4579 D ActivityTaskManager: getStartingWindowType: newTask=false, taskSwitch=false, processRunning=true, allowTaskSnapshot=true, activityCreated=false, snapshot=null, record:ActivityRecord{7e90c87 u0 com.meshcomm/.ui.InboxActivity} t3671}
04-28 23:20:08.704  1676  4579 D OplusZoomWindowRUSConfigManager: isSupportZoomModeWithPolicyLocked: target = com.meshcomm/.ui.InboxActivity
04-28 23:20:08.704  1676  4579 D OplusZoomWindowRUSConfigManager: targetPkg = com.meshcomm
04-28 23:20:08.704  1676  4579 V OplusZoomWindowManagerService: unSupportZoom: false ,callingPid: 25313 ,sourceStack: Task{5e4c32e #3671 type=standard A=10786:com.meshcomm U=0 visible=true visibleRequested=true mode=fullscreen translucent=false sz=2}
04-28 23:20:08.713 25313 25313 I Quality : Skipped: false 1 cost 19.061806 refreshRate 16707956 bit true processName com.meshcomm
04-28 23:20:08.722  1676  4579 W ActivityTaskManager: Tried to set launchTime (0) < mLastActivityLaunchTime (448258318)
04-28 23:20:08.726  1676  4579 D OplusDexOptimizeManager: Do not in AppLaunchOptList!
04-28 23:20:08.731  1676  4579 V WindowManager: Changing focus from Window{ddd2d4a u0 com.meshcomm/com.meshcomm.ui.MainActivity} to null,diplayid=0
04-28 23:20:08.864  1676  4579 D OplusFullScreenDisplayManager: adjustWindowParamsLw com.meshcomm, no change cutoutMode: 0
04-28 23:20:08.866  1676  4579 I WindowManager: addWindow: New client android.os.BinderProxy@2c2394c : window=Window{6efbd95 u0 com.meshcomm/com.meshcomm.ui.InboxActivity}
04-28 23:20:08.869  1676  4579 D CoreBackPreview: Window{6efbd95 u0 com.meshcomm/com.meshcomm.ui.InboxActivity}: Setting back callback OnBackInvokedCallbackInfo{mCallback=android.window.IOnBackInvokedCallback$Stub$Proxy@6867a9b, mPriority=0}
04-28 23:20:08.874 25313 25313 I Quality : Skipped: false 1 cost 21.939075 refreshRate 16705654 bit true processName com.meshcomm
04-28 23:20:08.890  1676  1782 D OplusFullScreenDisplayManager: adjustWindowParamsLw com.meshcomm, no change cutoutMode: 0
04-28 23:20:08.890  1676  1782 V WindowManager: Relayout Window{6efbd95 u0 com.meshcomm/com.meshcomm.ui.InboxActivity}: viewVisibility=0, oldvis=4, req=720x1600
04-28 23:20:08.899  1676  1782 V WindowManager: Changing focus from null to Window{6efbd95 u0 com.meshcomm/com.meshcomm.ui.InboxActivity},diplayid=0
04-28 23:20:08.911 25313 25313 V ZoomWindowDecorView: setLastReportedMergedConfiguration mZoomDisplayHeight: 1600 getDecorView.44166158
04-28 23:20:08.961  1676  4579 D WindowManager: finishDrawingWindow: Window{6efbd95 u0 com.meshcomm/com.meshcomm.ui.InboxActivity} mDrawState=DRAW_PENDING
04-28 23:20:08.971 25313 25313 I Quality : Skipped: false 5 cost 93.4138 refreshRate 16705329 bit true processName com.meshcomm
04-28 23:20:08.972  1676  1714 D OplusZoomWindowManagerService: adjustWindowCropForLeash start: appToken = ActivityRecord{7e90c87 u0 com.meshcomm/.ui.InboxActivity} t3671}
04-28 23:20:08.979  1676  1714 D OplusZoomWindowManagerService: adjustWindowCropForLeash start: appToken = ActivityRecord{d023718 u0 com.meshcomm/.ui.MainActivity} t3671}
04-28 23:20:08.982  1676  1714 I Quality : LaunchTime2.0: com.meshcomm/.ui.InboxActivity 2 271
04-28 23:20:09.096 25313 25313 I Quality : Skipped: false 7 cost 118.15165 refreshRate 16705274 bit true processName com.meshcomm
04-28 23:20:09.125  1676  4579 D WindowManager: finishDrawingWindow: Window{6efbd95 u0 com.meshcomm/com.meshcomm.ui.InboxActivity} mDrawState=HAS_DRAWN
04-28 23:20:09.137  1676  4579 D InputMethodManagerService: isSecurity: attribute.packageName=com.meshcomm mCurMethodId=com.google.android.inputmethod.latin/com.android.inputmethod.latin.LatinIME
04-28 23:20:09.137  1676  4579 D InputMethodManagerService: isSecurity= false (  enable=false needShow=false inBlackList=false isExist=false )
04-28 23:20:09.167 25313 25313 I Quality : Skipped: false 1 cost 22.57923 refreshRate 16707187 bit true processName com.meshcomm
04-28 23:20:09.185  1676  4579 D InputMethodManagerService: onHandleImeWindowVisibleStatus: vis = 0, needsToShowImeSwitcher = false
04-28 23:20:09.468  1676  1714 V OplusZoomWindowManagerService: onAnimationFinished:  r = ActivityRecord{d023718 u0 com.meshcomm/.ui.MainActivity} t3671}
04-28 23:20:09.471  1676  1714 V OplusZoomWindowManagerService: onAnimationFinished:  r = ActivityRecord{7e90c87 u0 com.meshcomm/.ui.InboxActivity} t3671}
04-28 23:20:09.471  1676  1714 I OplusAppSwitchManagerService:  handleAppVisible , r = ActivityRecord{7e90c87 u0 com.meshcomm/.ui.InboxActivity} t3671}
04-28 23:20:09.492  1676  1782 V WindowManager: Relayout Window{ddd2d4a u0 com.meshcomm/com.meshcomm.ui.MainActivity}: viewVisibility=8, oldvis=0, req=720x1600
04-28 23:20:09.515  1676  1782 D OplusFullScreenDisplayManager: adjustWindowParamsLw com.meshcomm, no change cutoutMode: 0
04-28 23:20:09.515  1676  1782 V WindowManager: Relayout Window{ddd2d4a u0 com.meshcomm/com.meshcomm.ui.MainActivity}: viewVisibility=8, oldvis=8, req=720x1600
04-28 23:20:09.598  1676  1730 W BroadcastQueue: Background execution not allowed: receiving Intent { act=android.intent.action.DROPBOX_ENTRY_ADDED flg=0x10 (has extras) } to com.google.android.gms/.stats.service.DropBoxEntryAddedReceiver
04-28 23:20:09.836  1676  1844 D PowerManagerService: userActivityNoUpdateLocked: groupId=0, eventTime=448347079, event=2, flags=0x0, uid=1000
04-28 23:20:09.933  1676  1844 D PowerManagerService: userActivityNoUpdateLocked: groupId=0, eventTime=448347180, event=2, flags=0x0, uid=1000
04-28 23:20:12.240  1110  1110 W wificond: No handler for scan result notification from interface with index: 173
04-28 23:20:12.395  1676  1782 I ActivityManager: Process com.heytap.mcs.appservice (pid 25666) has died: cch+15 CEM 
04-28 23:20:13.270  1110  1110 W wificond: No handler for scan result notification from interface with index: 173
04-28 23:20:14.531  1110  1110 W wificond: No handler for scan result notification from interface with index: 173
04-28 23:20:15.782  1110  1110 W wificond: No handler for scan result notification from interface with index: 173
04-28 23:20:16.918  1110  1110 W wificond: No handler for scan result notification from interface with index: 173
04-28 23:20:17.965  1110  1110 W wificond: No handler for scan result notification from interface with index: 173
04-28 23:20:19.006  1110  1110 W wificond: No handler for scan result notification from interface with index: 173
04-28 23:20:19.611  1110  1110 W wificond: No handler for scan result notification from interface with index: 173
04-28 23:20:19.666  1110  1110 W wificond: No handler for scan result notification from interface with index: 173
04-28 23:20:19.668  1676  1871 W ContextImpl: Calling a method in the system process without a qualified user: android.app.ContextImpl.sendBroadcastMultiplePermissions:1238 android.content.Context.sendBroadcastWithMultiplePermissions:2362 com.android.server.wifi.p2p.WifiP2pServiceImpl$P2pStateMachine.sendBroadcastMultiplePermissions:4476 com.android.server.wifi.p2p.WifiP2pServiceImpl$P2pStateMachine.sendPeersChangedBroadcast:4506 com.android.server.wifi.p2p.WifiP2pServiceImpl$P2pStateMachine.-$$Nest$msendPeersChangedBroadcast:0 
04-28 23:20:19.671  1676  1871 W ContextImpl: Calling a method in the system process without a qualified user: android.app.ContextImpl.sendBroadcast:1303 com.android.server.wifi.p2p.WifiP2pServiceImpl$P2pStateMachine.sendBroadcastMultiplePermissions:4490 com.android.server.wifi.p2p.WifiP2pServiceImpl$P2pStateMachine.sendPeersChangedBroadcast:4506 com.android.server.wifi.p2p.WifiP2pServiceImpl$P2pStateMachine.-$$Nest$msendPeersChangedBroadcast:0 com.android.server.wifi.p2p.WifiP2pServiceImpl$P2pStateMachine$GroupCreatedState.processMessage:4185 
04-28 23:20:19.676  1676  1713 D WifiDisplayController: Received WIFI_P2P_PEERS_CHANGED_ACTION.
04-28 23:20:19.681  1676  1730 W BroadcastQueue: Appop Denial: receiving Intent { act=android.net.wifi.p2p.PEERS_CHANGED flg=0x4000010 (has extras) } to ProcessRecord{8e23222 25313:com.meshcomm/u0a786} (pid=25313, uid=10786) excludes appop android:fine_location due to sender android (uid 1000)
04-28 23:20:19.682  1676  1730 W BroadcastQueue: Appop Denial: receiving Intent { act=android.net.wifi.p2p.PEERS_CHANGED flg=0x4000010 (has extras) } to ProcessRecord{17844f7 1676:system/1000} (pid=1676, uid=1000) excludes appop android:fine_location due to sender android (uid 1000)
04-28 23:20:19.683  1676  1730 W BroadcastQueue: Appop Denial: receiving Intent { act=android.net.wifi.p2p.PEERS_CHANGED flg=0x4000010 (has extras) } to ProcessRecord{17844f7 1676:system/1000} (pid=1676, uid=1000) excludes appop android:fine_location due to sender android (uid 1000)
04-28 23:20:19.684  1676  1730 W BroadcastQueue: Appop Denial: receiving Intent { act=android.net.wifi.p2p.PEERS_CHANGED flg=0x4000010 (has extras) } to ProcessRecord{68926da 4757:com.heytap.accessory/u0a258} (pid=4757, uid=10258) excludes appop android:fine_location due to sender android (uid 1000)
04-28 23:20:19.693  1676  1713 D WifiDisplayController: Received list of peers.
04-28 23:20:19.694  1676  1713 D WifiDisplayController:   Device: Android_2eao, deviceAddress: e2:2d:98:3e:b9:a1, primary type: 10-0050F204-5, secondary type: null, wps: 392, grpcapab: 0, devcapab: 37, status: 1, wfdInfo: WFD enabled: trueWFD DeviceInfo: 0, WFD CtrlPort: 0, WFD MaxThroughput: 0, WFD R2 DeviceInfo: -1, vendorElements: null
04-28 23:20:38.032  1676  4579 V WindowManager: Relayout Window{f5e1db5 u0 OplusPrivacyIconTopLeft}: viewVisibility=8, oldvis=8, req=8x8
04-28 23:20:38.057  1676  4579 V WindowManager: Relayout Window{7ffacdd u0 OplusPrivacyIconTopRight}: viewVisibility=8, oldvis=8, req=8x8
04-28 23:20:38.835  1676  1869 D CompatibilityChangeReporter: Compat change id reported: 151105954; UID 1000; state: ENABLED
04-28 23:20:38.842  1676  1869 E AppOps  : package wifi not found, can't check for attributionTag null
04-28 23:20:38.842  1676  1869 E AppOps  : Bad call made by uid 1000. Package "wifi" does not belong to uid 1010.
04-28 23:20:38.858  1110  1110 W wificond: Skip scan ssid for single scan: KLE-CAMPUS-WIFI
04-28 23:20:38.859  1110  1110 E wificond: NL80211_CMD_TRIGGER_SCAN failed: Device or resource busy
04-28 23:20:38.873  1676  1904 E AppOps  : package wifi not found, can't check for attributionTag null
04-28 23:20:38.874  1676  1904 E AppOps  : Bad call made by uid 1000. Package "wifi" does not belong to uid 1010.
04-28 23:20:40.915  1676  1869 E AppOps  : package wifi not found, can't check for attributionTag null
04-28 23:20:40.915  1676  1869 E AppOps  : Bad call made by uid 1000. Package "wifi" does not belong to uid 1010.
04-28 23:20:40.932  1110  1110 E wificond: NL80211_CMD_TRIGGER_SCAN failed: Device or resource busy
04-28 23:20:40.947  1676  1904 E AppOps  : package wifi not found, can't check for attributionTag null
04-28 23:20:40.948  1676  1904 E AppOps  : Bad call made by uid 1000. Package "wifi" does not belong to uid 1010.
04-28 23:20:41.551  1110  1110 W wificond: No handler for scan result notification from interface with index: 173
04-28 23:20:41.693  1676  1871 W ContextImpl: Calling a method in the system process without a qualified user: android.app.ContextImpl.sendBroadcastMultiplePermissions:1238 android.content.Context.sendBroadcastWithMultiplePermissions:2362 com.android.server.wifi.p2p.WifiP2pServiceImpl$P2pStateMachine.sendBroadcastMultiplePermissions:4476 com.android.server.wifi.p2p.WifiP2pServiceImpl$P2pStateMachine.sendPeersChangedBroadcast:4506 com.android.server.wifi.p2p.WifiP2pServiceImpl$P2pStateMachine.-$$Nest$msendPeersChangedBroadcast:0 
04-28 23:20:41.695  1676  1871 W ContextImpl: Calling a method in the system process without a qualified user: android.app.ContextImpl.sendBroadcast:1303 com.android.server.wifi.p2p.WifiP2pServiceImpl$P2pStateMachine.sendBroadcastMultiplePermissions:4490 com.android.server.wifi.p2p.WifiP2pServiceImpl$P2pStateMachine.sendPeersChangedBroadcast:4506 com.android.server.wifi.p2p.WifiP2pServiceImpl$P2pStateMachine.-$$Nest$msendPeersChangedBroadcast:0 com.android.server.wifi.p2p.WifiP2pServiceImpl$P2pStateMachine$GroupCreatedState.processMessage:4185 
04-28 23:20:41.699  1676  1713 D WifiDisplayController: Received WIFI_P2P_PEERS_CHANGED_ACTION.
04-28 23:20:41.706  1676  1730 W BroadcastQueue: Appop Denial: receiving Intent { act=android.net.wifi.p2p.PEERS_CHANGED flg=0x4000010 (has extras) } to ProcessRecord{8e23222 25313:com.meshcomm/u0a786} (pid=25313, uid=10786) excludes appop android:fine_location due to sender android (uid 1000)
04-28 23:20:41.706  1676  1730 W BroadcastQueue: Appop Denial: receiving Intent { act=android.net.wifi.p2p.PEERS_CHANGED flg=0x4000010 (has extras) } to ProcessRecord{17844f7 1676:system/1000} (pid=1676, uid=1000) excludes appop android:fine_location due to sender android (uid 1000)
04-28 23:20:41.707  1676  1730 W BroadcastQueue: Appop Denial: receiving Intent { act=android.net.wifi.p2p.PEERS_CHANGED flg=0x4000010 (has extras) } to ProcessRecord{17844f7 1676:system/1000} (pid=1676, uid=1000) excludes appop android:fine_location due to sender android (uid 1000)
04-28 23:20:41.708  1676  1730 W BroadcastQueue: Appop Denial: receiving Intent { act=android.net.wifi.p2p.PEERS_CHANGED flg=0x4000010 (has extras) } to ProcessRecord{68926da 4757:com.heytap.accessory/u0a258} (pid=4757, uid=10258) excludes appop android:fine_location due to sender android (uid 1000)
04-28 23:20:41.712  1676  1713 D WifiDisplayController: Received list of peers.
04-28 23:20:41.712  1676  1713 D WifiDisplayController:   Device: Android_2eao, deviceAddress: e2:2d:98:3e:b9:a1, primary type: 10-0050F204-5, secondary type: null, wps: 392, grpcapab: 0, devcapab: 37, status: 1, wfdInfo: WFD enabled: trueWFD DeviceInfo: 0, WFD CtrlPort: 0, WFD MaxThroughput: 0, WFD R2 DeviceInfo: -1, vendorElements: null
04-28 23:20:43.000  1676  1869 E AppOps  : package wifi not found, can't check for attributionTag null
04-28 23:20:43.000  1676  1869 E AppOps  : Bad call made by uid 1000. Package "wifi" does not belong to uid 1010.
04-28 23:20:43.007  1110  1110 W wificond: Skip scan ssid for single scan: realme 9i 5G
04-28 23:20:43.032  1676  1904 E AppOps  : package wifi not found, can't check for attributionTag null
04-28 23:20:43.032  1676  1904 E AppOps  : Bad call made by uid 1000. Package "wifi" does not belong to uid 1010.
04-28 23:20:43.723  1676  4583 D UsageStatsService: User[0] type=0 b=1777398521967 e=1777398643721 cb=1777348611599 ce=1777398609526 disk=0 all=7
04-28 23:20:49.408  1676  1799 E AppOps  : attributionTag  not declared in manifest of com.oplus.exsystemservice
04-28 23:20:49.419  1676  1799 E AppOps  : attributionTag  not declared in manifest of com.oplus.exsystemservice
04-28 23:20:51.009   933   933 I Quality : SFJankCountInfo: 160;0;0-0-0-0-0-0-0-0-0-0;1-0-0-0-0-0-0-0-0-0;2-0-0-0-0-0-0-0-0-0;3-0-0-0-0-0-0-0-0-0;4-0-0-0-0-0-0-0-0-0;5-0-0-0-0-0-0-0-0-0;6-0-0-0-0-0-0-0-0-0;7-0-0-0-0-0-0-0-0-0;8-0-0-0-0-0-0-0-0-0;9-0-0-0-0-0-0-0-0-0;
04-28 23:20:52.114  1676  1712 W NotifHistoryProto: notification package name (android) not found in string cache
04-28 23:20:52.114  1676  1712 W NotifHistoryProto: notification channel name (Network status) not found in string cache
04-28 23:20:52.114  1676  1712 W NotifHistoryProto: notification channel id (NETWORK_STATUS) not found in string cache
04-28 23:20:52.114  1676  1712 W NotifHistoryProto: notification package name (com.android.systemui) not found in string cache
04-28 23:20:52.115  1676  1712 W NotifHistoryProto: notification channel name (General Messages) not found in string cache
04-28 23:20:52.115  1676  1712 W NotifHistoryProto: notification channel id (GEN) not found in string cache
04-28 23:20:52.115  1676  1712 W NotifHistoryProto: notification package name (com.android.systemui) not found in string cache
04-28 23:20:52.115  1676  1712 W NotifHistoryProto: notification channel name (General Messages) not found in string cache
04-28 23:20:52.115  1676  1712 W NotifHistoryProto: notification channel id (GEN) not found in string cache
04-28 23:20:52.115  1676  1712 W NotifHistoryProto: notification package name (com.android.systemui) not found in string cache
04-28 23:20:52.115  1676  1712 W NotifHistoryProto: notification channel name (General Messages) not found in string cache
04-28 23:20:52.115  1676  1712 W NotifHistoryProto: notification channel id (GEN) not found in string cache
04-28 23:20:52.115  1676  1712 W NotifHistoryProto: notification package name (com.android.systemui) not found in string cache
04-28 23:20:52.115  1676  1712 W NotifHistoryProto: notification channel name (General Messages) not found in string cache
04-28 23:20:52.115  1676  1712 W NotifHistoryProto: notification channel id (GEN) not found in string cache
04-28 23:20:52.116  1676  1712 W NotifHistoryProto: notification package name (com.oplus.themestore) not found in string cache
04-28 23:20:52.116  1676  1712 W NotifHistoryProto: notification channel name (System Default Channel) not found in string cache
04-28 23:20:52.116  1676  1712 W NotifHistoryProto: notification channel id (Heytap PUSH) not found in string cache
04-28 23:20:52.116  1676  1712 W NotifHistoryProto: notification package name (com.android.systemui) not found in string cache
04-28 23:20:52.116  1676  1712 W NotifHistoryProto: notification channel name (General Messages) not found in string cache
04-28 23:20:52.116  1676  1712 W NotifHistoryProto: notification channel id (GEN) not found in string cache
04-28 23:20:52.116  1676  1712 W NotifHistoryProto: notification package name (com.android.systemui) not found in string cache
04-28 23:20:52.116  1676  1712 W NotifHistoryProto: notification channel name (General Messages) not found in string cache
04-28 23:20:52.116  1676  1712 W NotifHistoryProto: notification channel id (GEN) not found in string cache
04-28 23:20:52.116  1676  1712 W NotifHistoryProto: notification package name (in.cricketexchange.app.cricketexchange) not found in string cache
04-28 23:20:52.116  1676  1712 W NotifHistoryProto: notification channel name (Default - Custom Sound) not found in string cache
04-28 23:20:52.117  1676  1712 W NotifHistoryProto: notification channel id (custom_sound) not found in string cache
04-28 23:20:52.122  1676  1712 D CompatibilityChangeReporter: Compat change id reported: 171306433; UID 1000; state: ENABLED
04-28 23:20:52.124  1676  1712 D CompatibilityChangeReporter: Compat change id reported: 218533173; UID 1000; state: ENABLED
04-28 23:20:56.762  1110  1110 W wificond: No handler for scan result notification from interface with index: 173
04-28 23:20:57.993  1110  1110 W wificond: No handler for scan result notification from interface with index: 173
04-28 23:20:59.152  1110  1110 W wificond: No handler for scan result notification from interface with index: 173
04-28 23:21:00.021  1676  1786 E OplusCustomizeRestrictionManagerService: isBiometricDisabled start
04-28 23:21:00.023  1676  1695 E OplusCustomizeRestrictionManagerService: isBiometricDisabled start
04-28 23:21:00.289  1110  1110 W wificond: No handler for scan result notification from interface with index: 173
04-28 23:21:01.437  1110  1110 W wificond: No handler for scan result notification from interface with index: 173
04-28 23:21:02.692  1110  1110 W wificond: No handler for scan result notification from interface with index: 173
04-28 23:21:03.948  1110  1110 W wificond: No handler for scan result notification from interface with index: 173
04-28 23:21:04.762  1110  1110 W wificond: No handler for scan result notification from interface with index: 173
04-28 23:21:04.764  1676  1871 W ContextImpl: Calling a method in the system process without a qualified user: android.app.ContextImpl.sendBroadcastMultiplePermissions:1238 android.content.Context.sendBroadcastWithMultiplePermissions:2362 com.android.server.wifi.p2p.WifiP2pServiceImpl$P2pStateMachine.sendBroadcastMultiplePermissions:4476 com.android.server.wifi.p2p.WifiP2pServiceImpl$P2pStateMachine.sendPeersChangedBroadcast:4506 com.android.server.wifi.p2p.WifiP2pServiceImpl$P2pStateMachine.-$$Nest$msendPeersChangedBroadcast:0 
04-28 23:21:04.765  1676  1871 W ContextImpl: Calling a method in the system process without a qualified user: android.app.ContextImpl.sendBroadcast:1303 com.android.server.wifi.p2p.WifiP2pServiceImpl$P2pStateMachine.sendBroadcastMultiplePermissions:4490 com.android.server.wifi.p2p.WifiP2pServiceImpl$P2pStateMachine.sendPeersChangedBroadcast:4506 com.android.server.wifi.p2p.WifiP2pServiceImpl$P2pStateMachine.-$$Nest$msendPeersChangedBroadcast:0 com.android.server.wifi.p2p.WifiP2pServiceImpl$P2pStateMachine$GroupCreatedState.processMessage:4185 
04-28 23:21:04.774  1676  1713 D WifiDisplayController: Received WIFI_P2P_PEERS_CHANGED_ACTION.
04-28 23:21:04.778  1676  1730 W BroadcastQueue: Appop Denial: receiving Intent { act=android.net.wifi.p2p.PEERS_CHANGED flg=0x4000010 (has extras) } to ProcessRecord{8e23222 25313:com.meshcomm/u0a786} (pid=25313, uid=10786) excludes appop android:fine_location due to sender android (uid 1000)
04-28 23:21:04.778  1676  1730 W BroadcastQueue: Appop Denial: receiving Intent { act=android.net.wifi.p2p.PEERS_CHANGED flg=0x4000010 (has extras) } to ProcessRecord{17844f7 1676:system/1000} (pid=1676, uid=1000) excludes appop android:fine_location due to sender android (uid 1000)
04-28 23:21:04.779  1676  1730 W BroadcastQueue: Appop Denial: receiving Intent { act=android.net.wifi.p2p.PEERS_CHANGED flg=0x4000010 (has extras) } to ProcessRecord{17844f7 1676:system/1000} (pid=1676, uid=1000) excludes appop android:fine_location due to sender android (uid 1000)
04-28 23:21:04.780  1676  1730 W BroadcastQueue: Appop Denial: receiving Intent { act=android.net.wifi.p2p.PEERS_CHANGED flg=0x4000010 (has extras) } to ProcessRecord{68926da 4757:com.heytap.accessory/u0a258} (pid=4757, uid=10258) excludes appop android:fine_location due to sender android (uid 1000)
04-28 23:21:04.786  1676  1713 D WifiDisplayController: Received list of peers.
04-28 23:21:04.786  1676  1713 D WifiDisplayController:   Device: Android_2eao, deviceAddress: e2:2d:98:3e:b9:a1, primary type: 10-0050F204-5, secondary type: null, wps: 392, grpcapab: 0, devcapab: 37, status: 1, wfdInfo: WFD enabled: trueWFD DeviceInfo: 0, WFD CtrlPort: 0, WFD MaxThroughput: 0, WFD R2 DeviceInfo: -1, vendorElements: null
04-28 23:21:08.378  1676  1844 D PowerManagerService: userActivityNoUpdateLocked: groupId=0, eventTime=448405619, event=2, flags=0x0, uid=1000
04-28 23:21:08.472  1676  1844 D PowerManagerService: userActivityNoUpdateLocked: groupId=0, eventTime=448405719, event=2, flags=0x0, uid=1000
04-28 23:21:08.890  1676  1844 D PowerManagerService: userActivityNoUpdateLocked: groupId=0, eventTime=448406136, event=2, flags=0x0, uid=1000
04-28 23:21:08.893  1676  1782 E OplusCustomizeRestrictionManagerService: isBackButtonDisabled start
04-28 23:21:08.893  1676  1782 I OplusJoystickManager: read game pad state for game manager -> false
04-28 23:21:08.893  1676  1782 W OplusJoystickManager: mInterceptGamepadKey is false
04-28 23:21:08.894  1676  1782 E SystemServiceRegistry: Manager wrapper not available: linearmotor
04-28 23:21:08.894  1676  1782 D VibratorManagerServiceExtImpl: is not PrebakedSegment
04-28 23:21:08.895  1676  1782 I VibratorManagerServiceExtImpl: vibrate is uid=1000, pid=1676, opPkg=android, effect=Mono{mEffect=Composed{segments=[Step{amplitude=0.0, frequencyHz=0.0, duration=0}, Step{amplitude=-1.0, frequencyHz=0.0, duration=65}], repeat=-1}}, attributes=VibrationAttributes: Usage=TOUCH Audio Usage= USAGE_UNKNOWN Flags=0, token=192791860
04-28 23:21:08.895  1676  1782 D VibratorManagerServiceExtImpl: startCustomizeVibratorLocked id= 0,size=1
04-28 23:21:08.895  1676  1782 D VibratorManagerServiceExtImpl: startCustomizeVibratorLocked withCallback=false
04-28 23:21:08.896  1676  1844 D PowerManagerService: userActivityNoUpdateLocked: groupId=0, eventTime=448406140, event=1, flags=0x0, uid=1000
04-28 23:21:08.900  1676  1724 I DropBoxManagerService: add tag=system_server_wtf isTagEnabled=true flags=0x2
04-28 23:21:08.909  1676  1724 D DropBoxManagerService: file :: /data/system/dropbox/system_server_wtf@1777398668901.txt
04-28 23:21:08.935  1676  1782 I OplusJoystickManager: read game pad state for game manager -> false
04-28 23:21:08.935  1676  1782 W OplusJoystickManager: mInterceptGamepadKey is false
04-28 23:21:08.955  1676  1782 V WindowManager: Changing focus from Window{6efbd95 u0 com.meshcomm/com.meshcomm.ui.InboxActivity} to null,diplayid=0
04-28 23:21:08.964  1676  1782 D TaskFragmentExtImpl: addColorModeOnResume resume=true pkg = com.meshcomm
04-28 23:21:08.987  1676  1782 D OplusFullScreenDisplayManager: adjustWindowParamsLw com.meshcomm, no change cutoutMode: 0
04-28 23:21:08.987  1676  1782 V WindowManager: Relayout Window{ddd2d4a u0 com.meshcomm/com.meshcomm.ui.MainActivity}: viewVisibility=0, oldvis=8, req=720x1600
04-28 23:21:08.995  1676  1782 V WindowManager: Changing focus from null to Window{ddd2d4a u0 com.meshcomm/com.meshcomm.ui.MainActivity},diplayid=0
04-28 23:21:09.027  1676  1782 D WindowManager: finishDrawingWindow: Window{ddd2d4a u0 com.meshcomm/com.meshcomm.ui.MainActivity} mDrawState=DRAW_PENDING
04-28 23:21:09.036  1676  1714 D OplusZoomWindowManagerService: adjustWindowCropForLeash start: appToken = ActivityRecord{d023718 u0 com.meshcomm/.ui.MainActivity} t3671}
04-28 23:21:09.043  1676  1714 D OplusZoomWindowManagerService: adjustWindowCropForLeash start: appToken = ActivityRecord{7e90c87 u0 com.meshcomm/.ui.InboxActivity} t3671 f}}
04-28 23:21:09.115  1676  1786 D InputMethodManagerService: isSecurity: attribute.packageName=com.meshcomm mCurMethodId=com.google.android.inputmethod.latin/com.android.inputmethod.latin.LatinIME
04-28 23:21:09.115  1676  1786 D InputMethodManagerService: isSecurity= false (  enable=false needShow=false inBlackList=false isExist=false )
04-28 23:21:09.164  1676  1786 D InputMethodManagerService: onHandleImeWindowVisibleStatus: vis = 0, needsToShowImeSwitcher = false
04-28 23:21:09.527  1676  1714 V OplusZoomWindowManagerService: onAnimationFinished:  r = ActivityRecord{d023718 u0 com.meshcomm/.ui.MainActivity} t3671}
04-28 23:21:09.528  1676  1714 I OplusAppSwitchManagerService:  handleAppVisible , r = ActivityRecord{d023718 u0 com.meshcomm/.ui.MainActivity} t3671}
04-28 23:21:09.530  1676  1714 V OplusZoomWindowManagerService: onAnimationFinished:  r = ActivityRecord{7e90c87 u0 com.meshcomm/.ui.InboxActivity} t3671 f}}
04-28 23:21:09.549  1676  1786 V WindowManager: Relayout Window{6efbd95 u0 com.meshcomm/com.meshcomm.ui.InboxActivity}: viewVisibility=8, oldvis=0, req=720x1600
04-28 23:21:09.570  1676  1786 D CoreBackPreview: Window{6efbd95 u0 com.meshcomm/com.meshcomm.ui.InboxActivity}: Setting back callback null
04-28 23:21:09.571 25313 25313 V ZoomWindowDecorView: removeZoomView
04-28 23:21:09.585  1676  1786 D TaskFragmentExtImpl: remove ActivityRecord{7e90c87 u0 com.meshcomm/.ui.InboxActivity} t-1 f}} to mActivityRecordSum = Counter{ com.meshcomm/.ui.MainActivity(1) }
04-28 23:21:10.905  1676  1730 W BroadcastQueue: Background execution not allowed: receiving Intent { act=android.intent.action.DROPBOX_ENTRY_ADDED flg=0x10 (has extras) } to com.google.android.gms/.stats.service.DropBoxEntryAddedReceiver
04-28 23:21:11.398  1676  1844 D PowerManagerService: userActivityNoUpdateLocked: groupId=0, eventTime=448408642, event=2, flags=0x0, uid=1000
04-28 23:21:11.522  1676  1844 D PowerManagerService: userActivityNoUpdateLocked: groupId=0, eventTime=448408768, event=2, flags=0x0, uid=1000
04-28 23:21:11.529  1676  1695 I ActivityTaskManager: START u0 {cmp=com.meshcomm/.ui.NeighborActivity mCallingUid=10786} from uid 10786
04-28 23:21:11.533  1676  1695 D OplusZoomWindowRUSConfigManager: isSupportZoomModeWithPolicyLocked: target = com.meshcomm/.ui.NeighborActivity
04-28 23:21:11.533  1676  1695 D OplusZoomWindowRUSConfigManager: targetPkg = com.meshcomm
04-28 23:21:11.534  1676  1695 V OplusZoomWindowManagerService: unSupportZoom: false ,callingPid: 25313 ,sourceStack: Task{5e4c32e #3671 type=standard A=10786:com.meshcomm U=0 visible=true visibleRequested=true mode=fullscreen translucent=false sz=1}
04-28 23:21:11.536  1676  1695 D TaskFragmentExtImpl: add ActivityRecord{84d6495 u0 com.meshcomm/.ui.NeighborActivity} t3671} to mActivityRecordSum = Counter{ com.meshcomm/.ui.NeighborActivity(1) com.meshcomm/.ui.MainActivity(1) }
04-28 23:21:11.538  1676  1695 D ActivityTaskManager: getStartingWindowType: newTask=false, taskSwitch=false, processRunning=true, allowTaskSnapshot=true, activityCreated=false, snapshot=null, record:ActivityRecord{84d6495 u0 com.meshcomm/.ui.NeighborActivity} t3671}
04-28 23:21:11.538  1676  1695 D OplusZoomWindowRUSConfigManager: isSupportZoomModeWithPolicyLocked: target = com.meshcomm/.ui.NeighborActivity
04-28 23:21:11.538  1676  1695 D OplusZoomWindowRUSConfigManager: targetPkg = com.meshcomm
04-28 23:21:11.538  1676  1695 V OplusZoomWindowManagerService: unSupportZoom: false ,callingPid: 25313 ,sourceStack: Task{5e4c32e #3671 type=standard A=10786:com.meshcomm U=0 visible=true visibleRequested=true mode=fullscreen translucent=false sz=2}
04-28 23:21:11.547 25313 25313 I Quality : Skipped: false 1 cost 23.491049 refreshRate 16706542 bit true processName com.meshcomm
04-28 23:21:11.555  1676  1695 W ActivityTaskManager: Tried to set launchTime (0) < mLastActivityLaunchTime (448345974)
04-28 23:21:11.560  1676  1695 D OplusDexOptimizeManager: Do not in AppLaunchOptList!
04-28 23:21:11.565  1676  1695 V WindowManager: Changing focus from Window{ddd2d4a u0 com.meshcomm/com.meshcomm.ui.MainActivity} to null,diplayid=0
04-28 23:21:11.674  1676  1786 D OplusFullScreenDisplayManager: adjustWindowParamsLw com.meshcomm, no change cutoutMode: 0
04-28 23:21:11.676  1676  1786 I WindowManager: addWindow: New client android.os.BinderProxy@375915a : window=Window{f47f8b u0 com.meshcomm/com.meshcomm.ui.NeighborActivity}
04-28 23:21:11.679  1676  4579 D CoreBackPreview: Window{f47f8b u0 com.meshcomm/com.meshcomm.ui.NeighborActivity}: Setting back callback OnBackInvokedCallbackInfo{mCallback=android.window.IOnBackInvokedCallback$Stub$Proxy@8d40481, mPriority=0}
04-28 23:21:11.684 25313 25313 I Quality : Skipped: false 1 cost 20.581459 refreshRate 16952225 bit true processName com.meshcomm
04-28 23:21:11.692  1676  4579 D OplusFullScreenDisplayManager: adjustWindowParamsLw com.meshcomm, no change cutoutMode: 0
04-28 23:21:11.692  1676  4579 V WindowManager: Relayout Window{f47f8b u0 com.meshcomm/com.meshcomm.ui.NeighborActivity}: viewVisibility=0, oldvis=4, req=720x1600
04-28 23:21:11.699  1676  4579 V WindowManager: Changing focus from null to Window{f47f8b u0 com.meshcomm/com.meshcomm.ui.NeighborActivity},diplayid=0
04-28 23:21:11.709 25313 25313 V ZoomWindowDecorView: setLastReportedMergedConfiguration mZoomDisplayHeight: 1600 getDecorView.243273872
04-28 23:21:11.743  1676  4579 D WindowManager: finishDrawingWindow: Window{f47f8b u0 com.meshcomm/com.meshcomm.ui.NeighborActivity} mDrawState=DRAW_PENDING
04-28 23:21:11.751 25313 25313 I Quality : Skipped: false 3 cost 56.044975 refreshRate 16925640 bit true processName com.meshcomm
04-28 23:21:11.755  1676  1714 D OplusZoomWindowManagerService: adjustWindowCropForLeash start: appToken = ActivityRecord{84d6495 u0 com.meshcomm/.ui.NeighborActivity} t3671}
04-28 23:21:11.761  1676  1714 D OplusZoomWindowManagerService: adjustWindowCropForLeash start: appToken = ActivityRecord{d023718 u0 com.meshcomm/.ui.MainActivity} t3671}
04-28 23:21:11.764  1676  1714 I Quality : LaunchTime2.0: com.meshcomm/.ui.NeighborActivity 2 219
04-28 23:21:11.870  1676  1786 D WindowManager: finishDrawingWindow: Window{f47f8b u0 com.meshcomm/com.meshcomm.ui.NeighborActivity} mDrawState=HAS_DRAWN
04-28 23:21:11.872 25313 25313 I Quality : Skipped: false 2 cost 43.948322 refreshRate 16825259 bit true processName com.meshcomm
04-28 23:21:11.898  1676  1786 D InputMethodManagerService: isSecurity: attribute.packageName=com.meshcomm mCurMethodId=com.google.android.inputmethod.latin/com.android.inputmethod.latin.LatinIME
04-28 23:21:11.898  1676  1786 D InputMethodManagerService: isSecurity= false (  enable=false needShow=false inBlackList=false isExist=false )
04-28 23:21:11.939 25313 25313 I Quality : Skipped: false 1 cost 27.968817 refreshRate 16708134 bit true processName com.meshcomm
04-28 23:21:11.945  1676  1786 D InputMethodManagerService: onHandleImeWindowVisibleStatus: vis = 0, needsToShowImeSwitcher = false
04-28 23:21:12.268  1676  1714 V OplusZoomWindowManagerService: onAnimationFinished:  r = ActivityRecord{d023718 u0 com.meshcomm/.ui.MainActivity} t3671}
04-28 23:21:12.271  1676  1714 V OplusZoomWindowManagerService: onAnimationFinished:  r = ActivityRecord{84d6495 u0 com.meshcomm/.ui.NeighborActivity} t3671}
04-28 23:21:12.272  1676  1714 I OplusAppSwitchManagerService:  handleAppVisible , r = ActivityRecord{84d6495 u0 com.meshcomm/.ui.NeighborActivity} t3671}
04-28 23:21:12.291  1676  1782 V WindowManager: Relayout Window{ddd2d4a u0 com.meshcomm/com.meshcomm.ui.MainActivity}: viewVisibility=8, oldvis=0, req=720x1600
04-28 23:21:12.331  1676  1786 D OplusFullScreenDisplayManager: adjustWindowParamsLw com.meshcomm, no change cutoutMode: 0
04-28 23:21:12.331  1676  1786 V WindowManager: Relayout Window{ddd2d4a u0 com.meshcomm/com.meshcomm.ui.MainActivity}: viewVisibility=8, oldvis=8, req=720x1600
04-28 23:21:13.590  1676  1844 D PowerManagerService: userActivityNoUpdateLocked: groupId=0, eventTime=448410831, event=2, flags=0x0, uid=1000
04-28 23:21:13.685  1676  1844 D PowerManagerService: userActivityNoUpdateLocked: groupId=0, eventTime=448410932, event=2, flags=0x0, uid=1000
04-28 23:21:26.541  1110  1110 W wificond: No handler for scan result notification from interface with index: 173
04-28 23:21:26.780  1676  1871 W ContextImpl: Calling a method in the system process without a qualified user: android.app.ContextImpl.sendBroadcastMultiplePermissions:1238 android.content.Context.sendBroadcastWithMultiplePermissions:2362 com.android.server.wifi.p2p.WifiP2pServiceImpl$P2pStateMachine.sendBroadcastMultiplePermissions:4476 com.android.server.wifi.p2p.WifiP2pServiceImpl$P2pStateMachine.sendPeersChangedBroadcast:4506 com.android.server.wifi.p2p.WifiP2pServiceImpl$P2pStateMachine.-$$Nest$msendPeersChangedBroadcast:0 
04-28 23:21:26.786  1676  1713 D WifiDisplayController: Received WIFI_P2P_PEERS_CHANGED_ACTION.
04-28 23:21:26.788  1676  1871 W ContextImpl: Calling a method in the system process without a qualified user: android.app.ContextImpl.sendBroadcast:1303 com.android.server.wifi.p2p.WifiP2pServiceImpl$P2pStateMachine.sendBroadcastMultiplePermissions:4490 com.android.server.wifi.p2p.WifiP2pServiceImpl$P2pStateMachine.sendPeersChangedBroadcast:4506 com.android.server.wifi.p2p.WifiP2pServiceImpl$P2pStateMachine.-$$Nest$msendPeersChangedBroadcast:0 com.android.server.wifi.p2p.WifiP2pServiceImpl$P2pStateMachine$GroupCreatedState.processMessage:4185 
04-28 23:21:26.793  1676  1730 W BroadcastQueue: Appop Denial: receiving Intent { act=android.net.wifi.p2p.PEERS_CHANGED flg=0x4000010 (has extras) } to ProcessRecord{8e23222 25313:com.meshcomm/u0a786} (pid=25313, uid=10786) excludes appop android:fine_location due to sender android (uid 1000)
04-28 23:21:26.793  1676  1730 W BroadcastQueue: Appop Denial: receiving Intent { act=android.net.wifi.p2p.PEERS_CHANGED flg=0x4000010 (has extras) } to ProcessRecord{17844f7 1676:system/1000} (pid=1676, uid=1000) excludes appop android:fine_location due to sender android (uid 1000)
04-28 23:21:26.793  1676  1730 W BroadcastQueue: Appop Denial: receiving Intent { act=android.net.wifi.p2p.PEERS_CHANGED flg=0x4000010 (has extras) } to ProcessRecord{17844f7 1676:system/1000} (pid=1676, uid=1000) excludes appop android:fine_location due to sender android (uid 1000)
04-28 23:21:26.793  1676  1730 W BroadcastQueue: Appop Denial: receiving Intent { act=android.net.wifi.p2p.PEERS_CHANGED flg=0x4000010 (has extras) } to ProcessRecord{68926da 4757:com.heytap.accessory/u0a258} (pid=4757, uid=10258) excludes appop android:fine_location due to sender android (uid 1000)
04-28 23:21:26.797  1676  1713 D WifiDisplayController: Received list of peers.
04-28 23:21:26.797  1676  1713 D WifiDisplayController:   Device: Android_2eao, deviceAddress: e2:2d:98:3e:b9:a1, primary type: 10-0050F204-5, secondary type: null, wps: 392, grpcapab: 0, devcapab: 37, status: 1, wfdInfo: WFD enabled: trueWFD DeviceInfo: 0, WFD CtrlPort: 0, WFD MaxThroughput: 0, WFD R2 DeviceInfo: -1, vendorElements: null
04-28 23:21:38.026  1676  1782 V WindowManager: Relayout Window{f5e1db5 u0 OplusPrivacyIconTopLeft}: viewVisibility=8, oldvis=8, req=8x8
04-28 23:21:38.044  1676  1782 V WindowManager: Relayout Window{7ffacdd u0 OplusPrivacyIconTopRight}: viewVisibility=8, oldvis=8, req=8x8
04-28 23:21:41.842  1110  1110 W wificond: No handler for scan result notification from interface with index: 173
04-28 23:21:42.970  1110  1110 W wificond: No handler for scan result notification from interface with index: 173
04-28 23:21:44.227  1110  1110 W wificond: No handler for scan result notification from interface with index: 173
04-28 23:21:45.292  1110  1110 W wificond: No handler for scan result notification from interface with index: 173
04-28 23:21:46.328  1110  1110 W wificond: No handler for scan result notification from interface with index: 173
04-28 23:21:46.334  1676  1871 W ContextImpl: Calling a method in the system process without a qualified user: android.app.ContextImpl.sendBroadcastMultiplePermissions:1238 android.content.Context.sendBroadcastWithMultiplePermissions:2362 com.android.server.wifi.p2p.WifiP2pServiceImpl$P2pStateMachine.sendBroadcastMultiplePermissions:4476 com.android.server.wifi.p2p.WifiP2pServiceImpl$P2pStateMachine.sendPeersChangedBroadcast:4506 com.android.server.wifi.p2p.WifiP2pServiceImpl$P2pStateMachine.-$$Nest$msendPeersChangedBroadcast:0 
04-28 23:21:46.337  1676  1871 W ContextImpl: Calling a method in the system process without a qualified user: android.app.ContextImpl.sendBroadcast:1303 com.android.server.wifi.p2p.WifiP2pServiceImpl$P2pStateMachine.sendBroadcastMultiplePermissions:4490 com.android.server.wifi.p2p.WifiP2pServiceImpl$P2pStateMachine.sendPeersChangedBroadcast:4506 com.android.server.wifi.p2p.WifiP2pServiceImpl$P2pStateMachine.-$$Nest$msendPeersChangedBroadcast:0 com.android.server.wifi.p2p.WifiP2pServiceImpl$P2pStateMachine$P2pEnabledState.processMessage:2621 
04-28 23:21:46.344  1676  1713 D WifiDisplayController: Received WIFI_P2P_PEERS_CHANGED_ACTION.
04-28 23:21:46.351  1676  1730 W BroadcastQueue: Appop Denial: receiving Intent { act=android.net.wifi.p2p.PEERS_CHANGED flg=0x4000010 (has extras) } to ProcessRecord{8e23222 25313:com.meshcomm/u0a786} (pid=25313, uid=10786) excludes appop android:fine_location due to sender android (uid 1000)
04-28 23:21:46.352  1676  1730 W BroadcastQueue: Appop Denial: receiving Intent { act=android.net.wifi.p2p.PEERS_CHANGED flg=0x4000010 (has extras) } to ProcessRecord{17844f7 1676:system/1000} (pid=1676, uid=1000) excludes appop android:fine_location due to sender android (uid 1000)
04-28 23:21:46.353  1676  1730 W BroadcastQueue: Appop Denial: receiving Intent { act=android.net.wifi.p2p.PEERS_CHANGED flg=0x4000010 (has extras) } to ProcessRecord{17844f7 1676:system/1000} (pid=1676, uid=1000) excludes appop android:fine_location due to sender android (uid 1000)
04-28 23:21:46.357  1676  1730 W BroadcastQueue: Appop Denial: receiving Intent { act=android.net.wifi.p2p.PEERS_CHANGED flg=0x4000010 (has extras) } to ProcessRecord{68926da 4757:com.heytap.accessory/u0a258} (pid=4757, uid=10258) excludes appop android:fine_location due to sender android (uid 1000)
04-28 23:21:46.359  1676  1713 D WifiDisplayController: Received list of peers.
04-28 23:21:46.359  1676  1713 D WifiDisplayController:   Device: vivo V40e, deviceAddress: e6:57:68:0a:a5:91, primary type: 10-0050F204-5, secondary type: null, wps: 392, grpcapab: 0, devcapab: 37, status: 3, wfdInfo: WFD enabled: trueWFD DeviceInfo: 0, WFD CtrlPort: 0, WFD MaxThroughput: 0, WFD R2 DeviceInfo: -1, vendorElements: null
04-28 23:21:46.359  1676  1713 D WifiDisplayController:   Device: Android_2eao, deviceAddress: e2:2d:98:3e:b9:a1, primary type: 10-0050F204-5, secondary type: null, wps: 392, grpcapab: 0, devcapab: 37, status: 1, wfdInfo: WFD enabled: trueWFD DeviceInfo: 0, WFD CtrlPort: 0, WFD MaxThroughput: 0, WFD R2 DeviceInfo: -1, vendorElements: null
04-28 23:21:47.570  1110  1110 W wificond: No handler for scan result notification from interface with index: 173
04-28 23:21:48.834  1110  1110 W wificond: No handler for scan result notification from interface with index: 173
04-28 23:21:49.410  1676  1799 E AppOps  : attributionTag  not declared in manifest of com.oplus.exsystemservice
04-28 23:21:49.421  1676  1799 E AppOps  : attributionTag  not declared in manifest of com.oplus.exsystemservice
04-28 23:21:49.783  1110  1110 W wificond: No handler for scan result notification from interface with index: 173
04-28 23:21:49.839  1110  1110 W wificond: No handler for scan result notification from interface with index: 173
04-28 23:21:49.842  1676  1871 W ContextImpl: Calling a method in the system process without a qualified user: android.app.ContextImpl.sendBroadcastMultiplePermissions:1238 android.content.Context.sendBroadcastWithMultiplePermissions:2362 com.android.server.wifi.p2p.WifiP2pServiceImpl$P2pStateMachine.sendBroadcastMultiplePermissions:4476 com.android.server.wifi.p2p.WifiP2pServiceImpl$P2pStateMachine.sendPeersChangedBroadcast:4506 com.android.server.wifi.p2p.WifiP2pServiceImpl$P2pStateMachine.-$$Nest$msendPeersChangedBroadcast:0 
04-28 23:21:49.847  1676  1871 W ContextImpl: Calling a method in the system process without a qualified user: android.app.ContextImpl.sendBroadcast:1303 com.android.server.wifi.p2p.WifiP2pServiceImpl$P2pStateMachine.sendBroadcastMultiplePermissions:4490 com.android.server.wifi.p2p.WifiP2pServiceImpl$P2pStateMachine.sendPeersChangedBroadcast:4506 com.android.server.wifi.p2p.WifiP2pServiceImpl$P2pStateMachine.-$$Nest$msendPeersChangedBroadcast:0 com.android.server.wifi.p2p.WifiP2pServiceImpl$P2pStateMachine$GroupCreatedState.processMessage:4185 
04-28 23:21:49.854  1676  1713 D WifiDisplayController: Received WIFI_P2P_PEERS_CHANGED_ACTION.
04-28 23:21:49.862  1676  1730 W BroadcastQueue: Appop Denial: receiving Intent { act=android.net.wifi.p2p.PEERS_CHANGED flg=0x4000010 (has extras) } to ProcessRecord{8e23222 25313:com.meshcomm/u0a786} (pid=25313, uid=10786) excludes appop android:fine_location due to sender android (uid 1000)
04-28 23:21:49.863  1676  1730 W BroadcastQueue: Appop Denial: receiving Intent { act=android.net.wifi.p2p.PEERS_CHANGED flg=0x4000010 (has extras) } to ProcessRecord{17844f7 1676:system/1000} (pid=1676, uid=1000) excludes appop android:fine_location due to sender android (uid 1000)
04-28 23:21:49.863  1676  1730 W BroadcastQueue: Appop Denial: receiving Intent { act=android.net.wifi.p2p.PEERS_CHANGED flg=0x4000010 (has extras) } to ProcessRecord{17844f7 1676:system/1000} (pid=1676, uid=1000) excludes appop android:fine_location due to sender android (uid 1000)
04-28 23:21:49.864  1676  1730 W BroadcastQueue: Appop Denial: receiving Intent { act=android.net.wifi.p2p.PEERS_CHANGED flg=0x4000010 (has extras) } to ProcessRecord{68926da 4757:com.heytap.accessory/u0a258} (pid=4757, uid=10258) excludes appop android:fine_location due to sender android (uid 1000)
04-28 23:21:49.867  1676  1713 D WifiDisplayController: Received list of peers.
04-28 23:21:49.868  1676  1713 D WifiDisplayController:   Device: vivo V40e, deviceAddress: e6:57:68:0a:a5:91, primary type: 10-0050F204-5, secondary type: null, wps: 392, grpcapab: 0, devcapab: 37, status: 1, wfdInfo: WFD enabled: trueWFD DeviceInfo: 0, WFD CtrlPort: 0, WFD MaxThroughput: 0, WFD R2 DeviceInfo: -1, vendorElements: null
04-28 23:21:49.868  1676  1713 D WifiDisplayController:   Device: Android_2eao, deviceAddress: e2:2d:98:3e:b9:a1, primary type: 10-0050F204-5, secondary type: null, wps: 392, grpcapab: 0, devcapab: 37, status: 1, wfdInfo: WFD enabled: trueWFD DeviceInfo: 0, WFD CtrlPort: 0, WFD MaxThroughput: 0, WFD R2 DeviceInfo: -1, vendorElements: null
04-28 23:21:51.964   933   933 I Quality : SFJankCountInfo: 189;1;0-0-0-0-0-0-0-0-0-0;1-0-0-0-0-0-0-0-0-0;2-0-0-0-0-0-0-0-0-0;3-0-1-0-0-0-0-0-0-0;4-0-0-0-0-0-0-0-0-0;5-0-0-0-0-0-0-0-0-0;6-0-0-0-0-0-0-0-0-0;7-0-0-0-0-0-0-0-0-0;8-0-0-0-0-0-0-0-0-0;9-0-0-0-0-0-0-0-0-0;
04-28 23:21:56.889  1676  1871 W ContextImpl: Calling a method in the system process without a qualified user: android.app.ContextImpl.sendBroadcastMultiplePermissions:1238 android.content.Context.sendBroadcastWithMultiplePermissions:2362 com.android.server.wifi.p2p.WifiP2pServiceImpl$P2pStateMachine.sendBroadcastMultiplePermissions:4476 com.android.server.wifi.p2p.WifiP2pServiceImpl$P2pStateMachine.sendPeersChangedBroadcast:4506 com.android.server.wifi.p2p.WifiP2pServiceImpl$P2pStateMachine.-$$Nest$msendPeersChangedBroadcast:0 
04-28 23:21:56.890  1676  1871 W ContextImpl: Calling a method in the system process without a qualified user: android.app.ContextImpl.sendBroadcast:1303 com.android.server.wifi.p2p.WifiP2pServiceImpl$P2pStateMachine.sendBroadcastMultiplePermissions:4490 com.android.server.wifi.p2p.WifiP2pServiceImpl$P2pStateMachine.sendPeersChangedBroadcast:4506 com.android.server.wifi.p2p.WifiP2pServiceImpl$P2pStateMachine.-$$Nest$msendPeersChangedBroadcast:0 com.android.server.wifi.p2p.WifiP2pServiceImpl$P2pStateMachine$GroupCreatedState.processMessage:4185 
04-28 23:21:56.892  1676  1713 D WifiDisplayController: Received WIFI_P2P_PEERS_CHANGED_ACTION.
04-28 23:21:56.895  1676  1730 W BroadcastQueue: Appop Denial: receiving Intent { act=android.net.wifi.p2p.PEERS_CHANGED flg=0x4000010 (has extras) } to ProcessRecord{8e23222 25313:com.meshcomm/u0a786} (pid=25313, uid=10786) excludes appop android:fine_location due to sender android (uid 1000)
04-28 23:21:56.895  1676  1713 D WifiDisplayController: Received list of peers.
04-28 23:21:56.895  1676  1713 D WifiDisplayController:   Device: vivo V40e, deviceAddress: e6:57:68:0a:a5:91, primary type: 10-0050F204-5, secondary type: null, wps: 392, grpcapab: 0, devcapab: 37, status: 1, wfdInfo: WFD enabled: trueWFD DeviceInfo: 0, WFD CtrlPort: 0, WFD MaxThroughput: 0, WFD R2 DeviceInfo: -1, vendorElements: null
04-28 23:21:56.895  1676  1713 D WifiDisplayController:   Device: Android_2eao, deviceAddress: e2:2d:98:3e:b9:a1, primary type: 10-0050F204-5, secondary type: null, wps: 392, grpcapab: 0, devcapab: 37, status: 1, wfdInfo: WFD enabled: trueWFD DeviceInfo: 0, WFD CtrlPort: 0, WFD MaxThroughput: 0, WFD R2 DeviceInfo: -1, vendorElements: null
04-28 23:21:56.896  1676  1730 W BroadcastQueue: Appop Denial: receiving Intent { act=android.net.wifi.p2p.PEERS_CHANGED flg=0x4000010 (has extras) } to ProcessRecord{17844f7 1676:system/1000} (pid=1676, uid=1000) excludes appop android:fine_location due to sender android (uid 1000)
04-28 23:21:56.896  1676  1730 W BroadcastQueue: Appop Denial: receiving Intent { act=android.net.wifi.p2p.PEERS_CHANGED flg=0x4000010 (has extras) } to ProcessRecord{17844f7 1676:system/1000} (pid=1676, uid=1000) excludes appop android:fine_location due to sender android (uid 1000)
