04-28 23:21:56.896  1676  1730 W BroadcastQueue: Appop Denial: receiving Intent { act=android.net.wifi.p2p.PEERS_CHANGED flg=0x4000010 (has extras) } to ProcessRecord{68926da 4757:com.heytap.accessory/u0a258} (pid=4757, uid=10258) excludes appop android:fine_location due to sender android (uid 1000)
04-28 23:22:00.084  1676  4579 E OplusCustomizeRestrictionManagerService: isBiometricDisabled start
04-28 23:22:00.086  1676  1782 E OplusCustomizeRestrictionManagerService: isBiometricDisabled start
04-28 23:22:11.647  1110  1110 W wificond: No handler for scan result notification from interface with index: 173
04-28 23:22:12.684  1110  1110 W wificond: No handler for scan result notification from interface with index: 173
04-28 23:22:13.809  1110  1110 W wificond: No handler for scan result notification from interface with index: 173
--------- beginning of main
04-28 23:22:14.474 15893 15893 D wpa_supplicant: WPS:  * Model Number
04-28 23:22:14.474 15893 15893 D wpa_supplicant: WPS:  * Device Name
04-28 23:22:14.474 15893 15893 D wpa_supplicant: WPS:  * Version2 (0x20)
04-28 23:22:14.474 15893 15893 D wpa_supplicant: WPS:  * Request to Enroll (1)
04-28 23:22:14.474 15893 15893 D wpa_supplicant: P2P: * P2P IE header
04-28 23:22:14.474 15893 15893 D wpa_supplicant: P2P: * Capability dev=25 group=00
04-28 23:22:14.474 15893 15893 D wpa_supplicant: P2P: * Listen Channel: Regulatory Class 81 Channel 1
04-28 23:22:14.474 15893 15893 D wpa_supplicant: p2p0: Add radio work 'p2p-scan'@0xb400007e1762f9c0
04-28 23:22:14.474 15893 15893 D wpa_supplicant: p2p0: First radio work item in the queue - schedule start immediately
04-28 23:22:14.475 15893 15893 D wpa_supplicant: p2p0: Starting radio work 'p2p-scan'@0xb400007e1762f9c0 after 0.000145 second wait
04-28 23:22:14.475 15893 15893 D wpa_supplicant: p2p0: nl80211: scan request
04-28 23:22:14.475 15893 15893 D wpa_supplicant: nl80211: Scan SSID DIRECT-
04-28 23:22:14.475 15893 15893 D wpa_supplicant: nl80211: Scan extra IEs - hexdump(len=167): dd 92 00 50 f2 04 10 4a 00 01 10 10 3a 00 01 01 10 08 00 02 43 88 10 47 00 10 80 9a ed cb 4b 5a 58 8f a2 fc d8 b6 ff 2a b4 ff 10 54 00 08 00 0a 00 50 f2 04 00 05 10 3c 00 01 03 10 02 00 02 00 00 10 09 00 02 00 00 10 12 00 02 00 00 10 21 00 0d 4d 65 64 69 61 54 65 6b 20 49 6e 63 2e 10 23 00 12 4d 54 4b 20 57 69 72 65 6c 65 73 73 20 4d 6f 64 65 6c 10 24 00 03 31 2e 30 10 11 00 08 4f 50 50 4f 20 41 35 35 10 49 00 09 00 37 2a 00 01 20 03 01 01 dd 11 50 6f 9a 09 02 02 00 25 00 06 05 00 49 4e 04 51 01
04-28 23:22:14.475 15893 15893 D wpa_supplicant: nl80211: Scan frequency 2412 MHz
04-28 23:22:14.475 15893 15893 D wpa_supplicant: nl80211: Scan frequency 2437 MHz
04-28 23:22:14.475 15893 15893 D wpa_supplicant: nl80211: Scan frequency 2462 MHz
04-28 23:22:14.475 15893 15893 D wpa_supplicant: nl80211: Add NL80211_SCAN_FLAG_AP
04-28 23:22:14.475 15893 15893 D wpa_supplicant: nl80211: P2P probe - mask SuppRates
04-28 23:22:14.477 15843 15885 D WifiHAL : event received NL80211_CMD_TRIGGER_SCAN
04-28 23:22:14.477 15893 15893 D wpa_supplicant: Scan requested (ret=0) - scan timeout 30 seconds
04-28 23:22:14.477 15893 15893 D wpa_supplicant: P2P: Running p2p_scan
04-28 23:22:14.478 15893 15893 D wpa_supplicant: nl80211: Event message available
04-28 23:22:14.478 15893 15893 D wpa_supplicant: nl80211: Drv Event 33 (NL80211_CMD_TRIGGER_SCAN) received for p2p0
04-28 23:22:14.478 15893 15893 D wpa_supplicant: p2p0: nl80211: Scan trigger
04-28 23:22:14.478 15893 15893 D wpa_supplicant: p2p0: Event SCAN_STARTED (47) received
04-28 23:22:14.478 15893 15893 D wpa_supplicant: p2p0: Own scan request started a scan in 0.000377 seconds
04-28 23:22:14.485   826   889 E android.hardware.sensors@2.0-service.multihal-mediatek: MEMSIC_Calibrating @line:201, 222 MEMSIC6a2021-01-20 acc_raw -0.171531 -0.098673 0.987857 mag_raw_Gauss -0.159100 -0.362300 -0.869100 timestamp 705924378061026
04-28 23:22:14.547   826   889 E android.hardware.sensors@2.0-service.multihal-mediatek: MEMSIC_Calibrating @line:201, 222 MEMSIC6a2021-01-20 acc_raw -0.143673 -0.072857 0.979082 mag_raw_Gauss -0.161100 -0.366200 -0.868100 timestamp 705924440797165
04-28 23:22:14.609   826   889 E android.hardware.sensors@2.0-service.multihal-mediatek: MEMSIC_Calibrating @line:201, 222 MEMSIC6a2021-01-20 acc_raw -0.143673 -0.072857 0.979082 mag_raw_Gauss -0.162100 -0.361300 -0.874000 timestamp 705924503297184
04-28 23:22:14.654  1046 25418 D pseudo  : mtk_gps_sys_nmea_output_to_app: len:12,  NLPTTFF,0

04-28 23:22:14.666  1202  1224 D agps    : [agps][n][AGPS] [MNL] write  pmtk  [$PMTK680,1,FFFFEC5E*7B

04-28 23:22:14.666  1202  1224 D agps    :  ]
04-28 23:22:14.667  1046  1093 D mtk_lbs_utility: start_timer_check_ret: start_timer_check_ret ret=0
04-28 23:22:14.667  1046  1093 D MNLD    : mnld_main_thread: mnld_main_thread stop_timer return: 0
04-28 23:22:14.672   826   889 E android.hardware.sensors@2.0-service.multihal-mediatek: MEMSIC_Calibrating @line:201, 222 MEMSIC6a2021-01-20 acc_raw -0.143163 -0.084592 0.971020 mag_raw_Gauss -0.158200 -0.364200 -0.874000 timestamp 705924565797136
04-28 23:22:14.724  1046 25418 D pseudo  : mtk_gps_sys_nmea_output_to_mnld: received 1784 bytes:
04-28 23:22:14.725  1046 25418 D mnld    : nmea_reader_update_time: nmea_reader_update_time: timestamp = 1777398733015, second = 1777398733000, msec = 15
04-28 23:22:14.729  1046 25418 W mnld    : nmea_reader_parse: unknown sentence 'GNVTG
04-28 23:22:14.730  1046 25418 D mnld    : nmea_reader_parse: receive PMTKAGC command, agc: 6
04-28 23:22:14.730  1046 25418 W mnld    : nmea_reader_parse: unknown sentence 'PMTKTSX1
04-28 23:22:14.730  1046 25418 D mnld    : nmea_reader_parse: et_mnl_report_mnld = 705924619, tick_in_dsp = 221014, et_mnl_receive_tick = 705924528, et_at_dsp =0
04-28 23:22:14.731  1046 25418 W mnld    : nmea_reader_parse: unknown sentence 'PMTKMPE1
04-28 23:22:14.731  1046 25418 W mnld    : nmea_reader_parse: unknown sentence 'PMTKMPE2
04-28 23:22:14.731  1046 25418 W mnld    : nmea_reader_parse: unknown sentence 'PMTKLCPOS1
04-28 23:22:14.731  1046 25418 W mnld    : nmea_reader_parse: unknown sentence 'PMTKLCPOS2
04-28 23:22:14.733  1046 25418 D pseudo  : mtk_gps_sys_nmea_output_to_app: len:1784, [NMEA]$GNGGA,175213.01...
04-28 23:22:14.733  1046 25418 D gps_controlller: send_active_notify: send clean nmea timer cmd!
04-28 23:22:14.734  1046 25418 D gps_controlller: mtk_gps_sys_gps_mnl_callback: MTK_GPS_MSG_FIX_READY, GET_RTC_OK, 0.039, 21842.023
04-28 23:22:14.734  1046 25418 D gps_controlller: mtk_gps_sys_gps_mnl_callback: Age = 2, RTCDiff = 30, Time_interval = 10
04-28 23:22:14.734  1046  1083 D mtk_lbs_utility: start_timer_check_ret: start_timer_check_ret ret=0
04-28 23:22:14.734  1046  1083 D MNLD    : mnld_gps_controller_mnl_nmea_timeout: mnld_gps_controller_mnl_nmea_timeout start_timer return: 0
04-28 23:22:14.734  1046  1083 D mtk_lbs_utility: stop_timer_check_ret: stop_timer_check_ret ret=0
04-28 23:22:14.734  1046  1083 D gps_controlller: gps_control_thread: gps_control_thread wait
04-28 23:22:14.735   826   889 E android.hardware.sensors@2.0-service.multihal-mediatek: MEMSIC_Calibrating @line:201, 222 MEMSIC6a2021-01-20 acc_raw -0.188367 -0.121939 0.993469 mag_raw_Gauss -0.159100 -0.367100 -0.870100 timestamp 705924628297203
04-28 23:22:14.735  1046  1093 D mtk_lbs_utility: start_timer_check_ret: start_timer_check_ret ret=0
04-28 23:22:14.735  1046 25418 D pseudo  : mtk_gps_sys_nmea_output_to_app: len:46, [vAGPS_Auto_Req]:g_FirstDbtt:0,u2BitMap:0x128
04-28 23:22:14.735  1046  1093 W MNLD    : mnld_gps_output_data_handle: mnld send debug msg to app:$PMTK841,001,1.000000,-0.000145,37.318104,20,119,4824,4932,0,0,0,0.000000,-0.003014,35.483543,0.096939*3A

04-28 23:22:14.735  1046  1093 E mnld    : mtk_socket_connect_local: mtk_socket_connect_local() connect() failed reason=[Connection refused]111 for path=[mtk_mnld2debugService]
04-28 23:22:14.735  1046  1093 E mnld    : Mnld2DebugInterface_mnldUpdateMessageInfo: Mnld2DebugInterface_mnldUpdateMessageInfo() mtk_socket_client_connect() failed
04-28 23:22:14.735  1046  1093 D MNLD    : mnld_main_thread: mnld_main_thread stop_timer return: 0
04-28 23:22:14.796   826   889 E android.hardware.sensors@2.0-service.multihal-mediatek: MEMSIC_Calibrating @line:201, 222 MEMSIC6a2021-01-20 acc_raw -0.150510 -0.108265 0.986633 mag_raw_Gauss -0.161100 -0.364200 -0.870100 timestamp 705924690797218
04-28 23:22:14.859   826   889 E android.hardware.sensors@2.0-service.multihal-mediatek: MEMSIC_Calibrating @line:201, 222 MEMSIC6a2021-01-20 acc_raw -0.150510 -0.108265 0.986633 mag_raw_Gauss -0.162100 -0.362300 -0.876900 timestamp 705924753297242
04-28 23:22:14.922   826   889 E android.hardware.sensors@2.0-service.multihal-mediatek: MEMSIC_Calibrating @line:201, 222 MEMSIC6a2021-01-20 acc_raw -0.118673 -0.065510 0.977347 mag_raw_Gauss -0.162100 -0.361300 -0.881800 timestamp 705924815797189
04-28 23:22:14.960 15893 15893 D wpa_supplicant: nl80211: Event message available
04-28 23:22:14.960  1110  1110 W wificond: No handler for scan result notification from interface with index: 173
04-28 23:22:14.961 15893 15893 D wpa_supplicant: nl80211: Drv Event 34 (NL80211_CMD_NEW_SCAN_RESULTS) received for p2p0
04-28 23:22:14.961 15893 15893 D wpa_supplicant: p2p0: nl80211: New scan results available
04-28 23:22:14.961 15893 15893 D wpa_supplicant: nl80211: Scan probed for SSID 'DIRECT-'
04-28 23:22:14.961 15893 15893 D wpa_supplicant: nl80211: Scan included frequencies: 2412 2437 2462
04-28 23:22:14.961 15893 15893 D wpa_supplicant: p2p0: Event SCAN_RESULTS (3) received
04-28 23:22:14.961 15893 15893 D wpa_supplicant: p2p0: Scan completed in 0.482996 seconds
04-28 23:22:14.961 15893 15893 D wpa_supplicant: nl80211: Received scan results (4 BSSes)
04-28 23:22:14.961 15893 15893 D wpa_supplicant: p2p0: BSS: Start scan result update 976
04-28 23:22:14.962 15893 15893 D wpa_supplicant: 2a:**:**:**:67:bb freq:2412 level:-88 caps:0x411 est:3251 ssid:X* wpa_ie_len:0 rsn_ie_len:20 beacon_int:100 timestamp:705922419824
04-28 23:22:14.962 15893 15893 D wpa_supplicant: 4c:**:**:**:ec:a3 freq:2432 level:-88 caps:0x411 est:3250 ssid:bs***th wpa_ie_len:22 rsn_ie_len:20 beacon_int:100 timestamp:705924751236
04-28 23:22:14.962 15893 15893 D wpa_supplicant: 56:**:**:**:fd:1f freq:2437 level:-94 caps:0x411 est:1000 ssid:vi***04 wpa_ie_len:0 rsn_ie_len:20 beacon_int:100 timestamp:705915789483
04-28 23:22:14.962 15893 15893 D wpa_supplicant: BSS: last_scan_res_used=3/32
04-28 23:22:14.962 15893 15893 D wpa_supplicant: p2p0: Radio work 'p2p-scan'@0xb400007e1762f9c0 done in 0.487239 seconds
04-28 23:22:14.962 15893 15893 D wpa_supplicant: p2p0: radio_work_free('p2p-scan'@0xb400007e1762f9c0): num_active_works --> 0
04-28 23:22:14.962 15893 15893 D wpa_supplicant: P2P: Scan results received (4 BSS)
04-28 23:22:14.962 15893 15893 D wpa_supplicant: P2P: Ignore scan data without P2P Device Info or P2P Device Id
04-28 23:22:14.962 15893 15893 D wpa_supplicant: P2P: Parsing WPS IE
04-28 23:22:14.962 15893 15893 D wpa_supplicant: P2P: Ignore scan data without P2P Device Info or P2P Device Id
04-28 23:22:14.962 15893 15893 D wpa_supplicant: P2P: Ignore scan data without P2P Device Info or P2P Device Id
04-28 23:22:14.962 15893 15893 D wpa_supplicant: P2P: Parsing WPS IE
04-28 23:22:14.962 15893 15893 D wpa_supplicant: P2P: Config Methods (WPS): 0x4388
04-28 23:22:14.962 15893 15893 D wpa_supplicant: P2P: Device Password ID: 4
04-28 23:22:14.962 15893 15893 D wpa_supplicant: P2P: Primary Device Type (WPS): 10-0050F204-5
04-28 23:22:14.962 15893 15893 D wpa_supplicant: P2P: Parsing P2P IE
04-28 23:22:14.962 15893 15893 D wpa_supplicant: P2P: Attribute 2 length 2
04-28 23:22:14.962 15893 15893 D wpa_supplicant: P2P: * Device Capability 25 Group Capability 00
04-28 23:22:14.962 15893 15893 D wpa_supplicant: P2P: Attribute 13 length 30
04-28 23:22:14.962 15893 15893 D wpa_supplicant: P2P: * Device Info: addr e6:57:68:0a:a5:91 primary device type 10-0050F204-5 device name 'vivo V40e' config methods 0x188
04-28 23:22:14.963 15893 15893 D wpa_supplicant: P2P: Attribute 12 length 2
04-28 23:22:14.963 15893 15893 D wpa_supplicant: P2P: * Notice of Absence
04-28 23:22:14.963 15893 15893 D wpa_supplicant: P2P: Peer found with Listen frequency 2437 MHz (rx_time=705924.856551)
04-28 23:22:14.963 15893 15893 I wpa_supplicant: P2P-DEVICE-FOUND e6:57:68:0a:a5:91 p2p_dev_addr=e6:57:68:0a:a5:91 pri_dev_type=10-0050F204-5 name='vivo V40e' config_methods=0x188 dev_capab=0x25 group_capab=0x0 vendor_elems=1 new=0
04-28 23:22:14.963 15893 15893 D wpa_supplicant: Notifying P2P device found to hidl control e6:57:68:0a:a5:91
04-28 23:22:14.963 15893 15893 D wpa_supplicant: p2p0: P2P: Use 50 ms search delay due to concurrent operation
04-28 23:22:14.963 15893 15893 D wpa_supplicant: P2P: State SEARCH -> SEARCH
04-28 23:22:14.963 15893 15893 D wpa_supplicant: P2P: Starting short listen state (state=SEARCH)
04-28 23:22:14.964 15893 15893 D wpa_supplicant: WPS:  * Version (hardcoded 0x10)
04-28 23:22:14.964 15893 15893 D wpa_supplicant: WPS:  * UUID-E
04-28 23:22:14.964 15893 15893 D wpa_supplicant: WPS:  * Version2 (0x20)
04-28 23:22:14.964 15893 15893 D wpa_supplicant: P2P: * P2P IE header
04-28 23:22:14.964 15893 15893 D wpa_supplicant: P2P: * Capability dev=25 group=00
04-28 23:22:14.964 15893 15893 D wpa_supplicant: P2P: * Device Info
04-28 23:22:14.964 15893 15893 D wpa_supplicant: p2p0: Add radio work 'p2p-listen'@0xb400007e1762f9c0
04-28 23:22:14.964 15893 15893 D wpa_supplicant: p2p0: First radio work item in the queue - schedule start immediately
04-28 23:22:14.964 15893 15893 D wpa_supplicant: wlan0: Updating scan results from sibling
04-28 23:22:14.965 15893 15893 D wpa_supplicant: nl80211: Received scan results (4 BSSes)
04-28 23:22:14.965 15893 15893 D wpa_supplicant: wlan0: BSS: Start scan result update 980
04-28 23:22:14.965 15893 15893 D wpa_supplicant: 2a:**:**:**:67:bb freq:2412 level:-88 caps:0x411 est:3251 ssid:X* wpa_ie_len:0 rsn_ie_len:20 beacon_int:100 timestamp:705922419824
04-28 23:22:14.965 15893 15893 D wpa_supplicant: 4c:**:**:**:ec:a3 freq:2432 level:-88 caps:0x411 est:3250 ssid:bs***th wpa_ie_len:22 rsn_ie_len:20 beacon_int:100 timestamp:705924751236
04-28 23:22:14.965 15893 15893 D wpa_supplicant: 56:**:**:**:fd:1f freq:2437 level:-94 caps:0x411 est:1000 ssid:vi***04 wpa_ie_len:0 rsn_ie_len:20 beacon_int:100 timestamp:705915789483
04-28 23:22:14.965 15893 15893 D wpa_supplicant: BSS: last_scan_res_used=3/32
04-28 23:22:14.965 15893 15893 D wpa_supplicant: p2p0: Starting radio work 'p2p-listen'@0xb400007e1762f9c0 after 0.001150 second wait
04-28 23:22:14.965 15893 15893 D wpa_supplicant: iface p2p0 set_ap_wps_p2p_ie, ignored
04-28 23:22:14.965 15893 15893 D wpa_supplicant: nl80211: Probe Request reporting already on! nl_preq=0x3c8888f69fe6ec09
04-28 23:22:14.966  1676  1871 W ContextImpl: Calling a method in the system process without a qualified user: android.app.ContextImpl.sendBroadcastMultiplePermissions:1238 android.content.Context.sendBroadcastWithMultiplePermissions:2362 com.android.server.wifi.p2p.WifiP2pServiceImpl$P2pStateMachine.sendBroadcastMultiplePermissions:4476 com.android.server.wifi.p2p.WifiP2pServiceImpl$P2pStateMachine.sendPeersChangedBroadcast:4506 com.android.server.wifi.p2p.WifiP2pServiceImpl$P2pStateMachine.-$$Nest$msendPeersChangedBroadcast:0 
04-28 23:22:14.966 15893 15893 D wpa_supplicant: nl80211: Remain-on-channel cookie 0x46e for freq=2412 MHz duration=102
04-28 23:22:14.966 15843 15885 D WifiHAL : event received NL80211_CMD_NEW_SCAN_RESULTS
04-28 23:22:14.967  1418  1434 D VoLTE IMSM: send CTRL_CMD_GET_SCAN (module/mdagent/volte_imsm_93/src/wireless.c:574)
04-28 23:22:14.968  1418  1434 D VoLTE IMSM: monitor_wifi_tech: mutex lock (module/mdagent/volte_imsm_93/src/wireless.c:589)
04-28 23:22:14.968  1676  1871 W ContextImpl: Calling a method in the system process without a qualified user: android.app.ContextImpl.sendBroadcast:1303 com.android.server.wifi.p2p.WifiP2pServiceImpl$P2pStateMachine.sendBroadcastMultiplePermissions:4490 com.android.server.wifi.p2p.WifiP2pServiceImpl$P2pStateMachine.sendPeersChangedBroadcast:4506 com.android.server.wifi.p2p.WifiP2pServiceImpl$P2pStateMachine.-$$Nest$msendPeersChangedBroadcast:0 com.android.server.wifi.p2p.WifiP2pServiceImpl$P2pStateMachine$P2pEnabledState.processMessage:2621 
04-28 23:22:14.969  1418  1434 D VoLTE IMSM: monitor_wifi_tech: mutex unlock (module/mdagent/volte_imsm_93/src/wireless.c:597)
04-28 23:22:14.969  1418  1434 D VoLTE IMSM: FOUND[0] 4
04-28 23:22:14.969  1418  1434 D VoLTE IMSM:  (module/mdagent/volte_imsm_93/src/wireless.c:599)
04-28 23:22:14.974  1676  1713 D WifiDisplayController: Received WIFI_P2P_PEERS_CHANGED_ACTION.
04-28 23:22:14.986   826   889 E android.hardware.sensors@2.0-service.multihal-mediatek: MEMSIC_Calibrating @line:201, 222 MEMSIC6a2021-01-20 acc_raw -0.193265 -0.104592 0.973265 mag_raw_Gauss -0.164000 -0.362300 -0.880800 timestamp 705924878297101
04-28 23:22:14.990  1676  1730 W BroadcastQueue: Appop Denial: receiving Intent { act=android.net.wifi.p2p.PEERS_CHANGED flg=0x4000010 (has extras) } to ProcessRecord{8e23222 25313:com.meshcomm/u0a786} (pid=25313, uid=10786) excludes appop android:fine_location due to sender android (uid 1000)
04-28 23:22:14.992  1676  1730 W BroadcastQueue: Appop Denial: receiving Intent { act=android.net.wifi.p2p.PEERS_CHANGED flg=0x4000010 (has extras) } to ProcessRecord{17844f7 1676:system/1000} (pid=1676, uid=1000) excludes appop android:fine_location due to sender android (uid 1000)
04-28 23:22:14.993  1676  1730 W BroadcastQueue: Appop Denial: receiving Intent { act=android.net.wifi.p2p.PEERS_CHANGED flg=0x4000010 (has extras) } to ProcessRecord{17844f7 1676:system/1000} (pid=1676, uid=1000) excludes appop android:fine_location due to sender android (uid 1000)
04-28 23:22:14.993  1676  1713 D WifiDisplayController: Received list of peers.
04-28 23:22:14.993  1676  1713 D WifiDisplayController:   Device: vivo V40e, deviceAddress: e6:57:68:0a:a5:91, primary type: 10-0050F204-5, secondary type: null, wps: 392, grpcapab: 0, devcapab: 37, status: 1, wfdInfo: WFD enabled: trueWFD DeviceInfo: 0, WFD CtrlPort: 0, WFD MaxThroughput: 0, WFD R2 DeviceInfo: -1, vendorElements: null
04-28 23:22:14.993  1676  1713 D WifiDisplayController:   Device: Android_2eao, deviceAddress: e2:2d:98:3e:b9:a1, primary type: 10-0050F204-5, secondary type: null, wps: 392, grpcapab: 0, devcapab: 37, status: 1, wfdInfo: WFD enabled: trueWFD DeviceInfo: 0, WFD CtrlPort: 0, WFD MaxThroughput: 0, WFD R2 DeviceInfo: -1, vendorElements: null
04-28 23:22:14.994  1676  1730 W BroadcastQueue: Appop Denial: receiving Intent { act=android.net.wifi.p2p.PEERS_CHANGED flg=0x4000010 (has extras) } to ProcessRecord{68926da 4757:com.heytap.accessory/u0a258} (pid=4757, uid=10258) excludes appop android:fine_location due to sender android (uid 1000)
04-28 23:22:14.994 25313 25313 D MeshService: requestPeers result (broadcast-peers-changed)
04-28 23:22:14.994 25313 25313 I MeshService: Wi-Fi peers found: 2
04-28 23:22:14.994 25313 25313 I MeshService: Peer: vivo V40e [e6:57:68:0a:a5:91]
04-28 23:22:14.994 25313 25313 I MeshService: Peer: Android_2eao [e2:2d:98:3e:b9:a1]
04-28 23:22:15.047   826   889 E android.hardware.sensors@2.0-service.multihal-mediatek: MEMSIC_Calibrating @line:201, 222 MEMSIC6a2021-01-20 acc_raw -0.133163 -0.086020 0.974694 mag_raw_Gauss -0.163000 -0.355400 -0.875900 timestamp 705924940797116
04-28 23:22:15.109   826   889 E android.hardware.sensors@2.0-service.multihal-mediatek: MEMSIC_Calibrating @line:201, 222 MEMSIC6a2021-01-20 acc_raw -0.133163 -0.086020 0.974694 mag_raw_Gauss -0.160100 -0.365200 -0.867100 timestamp 705925003297130
04-28 23:22:15.173   826   889 E android.hardware.sensors@2.0-service.multihal-mediatek: MEMSIC_Calibrating @line:201, 222 MEMSIC6a2021-01-20 acc_raw -0.183980 -0.091633 0.991837 mag_raw_Gauss -0.160100 -0.364200 -0.861300 timestamp 705925065797139
04-28 23:22:15.234   826   889 E android.hardware.sensors@2.0-service.multihal-mediatek: MEMSIC_Calibrating @line:201, 222 MEMSIC6a2021-01-20 acc_raw -0.139694 -0.091633 0.990306 mag_raw_Gauss -0.155200 -0.366200 -0.864200 timestamp 705925128297205
04-28 23:22:15.241   838   908 I libPowerHal: [updateFPS] pid(25313) : 90 => 60
04-28 23:22:15.243   838   924 E UxUtility: notifyAppState error = NULL
04-28 23:22:15.243   838   924 I TouchUtility: notifyAppState error = NULL
04-28 23:22:15.297   826   889 E android.hardware.sensors@2.0-service.multihal-mediatek: MEMSIC_Calibrating @line:201, 222 MEMSIC6a2021-01-20 acc_raw -0.177857 -0.101633 0.985408 mag_raw_Gauss -0.151300 -0.370100 -0.852500 timestamp 705925190797186
04-28 23:22:15.341 15893 15893 D wpa_supplicant: nl80211: Event message available
04-28 23:22:15.341 15893 15893 D wpa_supplicant: nl80211: Drv Event 55 (NL80211_CMD_REMAIN_ON_CHANNEL) received for p2p0
04-28 23:22:15.341 15893 15893 D wpa_supplicant: nl80211: Remain-on-channel event (cancel=0 freq=2412 channel_type=0 duration=102 cookie=0x46e (match))
04-28 23:22:15.341 15893 15893 D wpa_supplicant: p2p0: Event REMAIN_ON_CHANNEL (19) received
04-28 23:22:15.341 15893 15893 D wpa_supplicant: Off-channel: Send Action callback (without_roc=0 pending_action_tx=0x0 pending_action_tx_done=1)
04-28 23:22:15.341 15893 15893 D wpa_supplicant: P2P: remain-on-channel callback (off_channel_freq=2412 pending_listen_freq=2412 roc_waiting_drv_freq=0 freq=2412 duration=102)
04-28 23:22:15.341 15893 15893 D wpa_supplicant: P2P: Starting Listen timeout(0,102400) on freq=2412 based on callback
04-28 23:22:15.341 15893 15893 D wpa_supplicant: P2P: Set timeout (state=SEARCH): 0.122400 sec
04-28 23:22:15.341 15843 15885 D WifiHAL : event received NL80211_CMD_REMAIN_ON_CHANNEL
04-28 23:22:15.359   826   889 E android.hardware.sensors@2.0-service.multihal-mediatek: MEMSIC_Calibrating @line:201, 222 MEMSIC6a2021-01-20 acc_raw -0.177857 -0.101633 0.985408 mag_raw_Gauss -0.149400 -0.362300 -0.849600 timestamp 705925253297243
04-28 23:22:15.422   826   889 E android.hardware.sensors@2.0-service.multihal-mediatek: MEMSIC_Calibrating @line:201, 222 MEMSIC6a2021-01-20 acc_raw -0.125816 -0.076224 0.957857 mag_raw_Gauss -0.148400 -0.362300 -0.851500 timestamp 705925315797247
04-28 23:22:15.446 15893 15893 D wpa_supplicant: nl80211: Event message available
04-28 23:22:15.446 15893 15893 D wpa_supplicant: nl80211: Drv Event 56 (NL80211_CMD_CANCEL_REMAIN_ON_CHANNEL) received for p2p0
04-28 23:22:15.446 15893 15893 D wpa_supplicant: nl80211: Remain-on-channel event (cancel=1 freq=2412 channel_type=0 duration=0 cookie=0x46e (match))
04-28 23:22:15.446 15893 15893 D wpa_supplicant: p2p0: Event CANCEL_REMAIN_ON_CHANNEL (20) received
04-28 23:22:15.446 15893 15893 D wpa_supplicant: P2P: Cancel remain-on-channel callback (p2p_long_listen=0 ms pending_action_tx=0x0)
04-28 23:22:15.446 15893 15893 D wpa_supplicant: p2p0: Radio work 'p2p-listen'@0xb400007e1762f9c0 done in 0.480513 seconds
04-28 23:22:15.446 15893 15893 D wpa_supplicant: p2p0: radio_work_free('p2p-listen'@0xb400007e1762f9c0): num_active_works --> 0
04-28 23:22:15.446 15893 15893 D wpa_supplicant: P2P: Driver ended Listen state (freq=2412)
04-28 23:22:15.446 15893 15893 D wpa_supplicant: P2P: Skip stop_listen since not in listen_only state.
04-28 23:22:15.446 15843 15885 D WifiHAL : event received NL80211_CMD_CANCEL_REMAIN_ON_CHANNEL
04-28 23:22:15.464 15893 15893 D wpa_supplicant: P2P: Timeout (state=SEARCH)
04-28 23:22:15.464 15893 15893 D wpa_supplicant: P2P: Delay search operation by 50 ms
04-28 23:22:15.464 15893 15893 D wpa_supplicant: P2P: Set timeout (state=SEARCH): 0.050000 sec
04-28 23:22:15.477  4070  4071 E IHansComunication: HANS printMessageBody: RCV message: type = 0,port = 86870,caller_pid = 1676,caller_uid = 1000,target_pid = 32349,target_uid = 10756,pkg_cmd = -1,rpc = com.android.internal.telephony.IPhoneStateListener/10
04-28 23:22:15.478  4070  4071 E IHansComunication: HANS printMessageBody: RCV message: type = 0,port = 86870,caller_pid = 1676,caller_uid = 1000,target_pid = 29003,target_uid = 10236,pkg_cmd = -1,rpc = com.android.internal.telephony.IPhoneStateListener/10
04-28 23:22:15.479  4070  4071 E IHansComunication: HANS printMessageBody: RCV message: type = 0,port = 86870,caller_pid = 1676,caller_uid = 1000,target_pid = 29558,target_uid = 10236,pkg_cmd = -1,rpc = com.android.internal.telephony.IPhoneStateListener/10
04-28 23:22:15.480 32349 32349 I Choreographer: Skipped 190 frames!  The application may be doing too much work on its main thread.
04-28 23:22:15.483  2374  2374 D OplusTelephonyController: onSignalStrengthChanged: SignalStrength=SignalStrength:{mCdma=CellSignalStrengthCdma: cdmaDbm=2147483647 cdmaEcio=2147483647 evdoDbm=2147483647 evdoEcio=2147483647 evdoSnr=2147483647 level=0,mGsm=CellSignalStrengthGsm: rssi=2147483647 ber=2147483647 mTa=2147483647 mLevel=0,mWcdma=CellSignalStrengthWcdma: ss=2147483647 ber=2147483647 rscp=2147483647 ecno=2147483647 level=0,mTdscdma=CellSignalStrengthTdscdma: rssi=2147483647 ber=2147483647 rscp=2147483647 level=0,mLte=CellSignalStrengthLte: rssi=2147483647 rsrp=-105 rsrq=2147483647 rssnr=2147483647 cqiTableIndex=2147483647 cqi=2147483647 ta=2147483647 level=2 parametersUseForLevel=0,mNr=CellSignalStrengthNr:{ csiRsrp = 2147483647 csiRsrq = 2147483647 csiCqiTableIndex = 2147483647 csiCqiReport = [] ssRsrp = 2147483647 ssRsrq = 2147483647 ssSinr = 2147483647 level = 0 parametersUseForLevel = 0 },primary=CellSignalStrengthLte}, phoneId=0, mMtkLevel=0, mMtkRsrpOnly=false, mMtkLteRsrpThreshold=null, mMtkLteRssnrThreshold=null
04-28 23:22:15.484   826   889 E android.hardware.sensors@2.0-service.multihal-mediatek: MEMSIC_Calibrating @line:201, 222 MEMSIC6a2021-01-20 acc_raw -0.180816 -0.044490 1.012857 mag_raw_Gauss -0.155200 -0.358300 -0.863200 timestamp 705925378297228
04-28 23:22:15.495  1676  2416 I OplusHansManager : unfreeze uid: 10756 com.instagram.android pids: [32349, 8861] reason: AsyncBinder scene: |airPlane|LcdOn
04-28 23:22:15.498 32349 32670 E msys    : E[N mns:DGWClient]_OnDiskCacheGetData(1091)=>Start post callback cache refresh DNS resolution
04-28 23:22:15.499  1676  2410 I OplusHansManager : uid=10756, pkg=com.instagram.android, transition from Frozen to Middle, reason=AsyncBinder
04-28 23:22:15.499  1676  2410 I OplusHansManager : uid=10756, pkg=com.instagram.android F exit(), F stay=3, reason=AsyncBinder
04-28 23:22:15.510  1676  2416 I OplusHansManager : unfreeze uid: 10236 com.facebook.katana pids: [29558, 29003] reason: AsyncBinder scene: |airPlane|LcdOn
04-28 23:22:15.509  2414  3531 D NetworkEvent: OplusNetworkEventCbProxy invoke.....onDnsEvent argslen:8
04-28 23:22:15.513  1676  2410 I OplusHansManager : uid=10236, pkg=com.facebook.katana, transition from Frozen to Middle, reason=AsyncBinder
04-28 23:22:15.513  1676  2410 I OplusHansManager : uid=10236, pkg=com.facebook.katana F exit(), F stay=3, reason=AsyncBinder
04-28 23:22:15.513  1676  2416 I OplusHansManager : forceUnfreezeByPid pid= 29558 reason= unfreezeForKernel: AsyncBinder
04-28 23:22:15.515 15893 15893 D wpa_supplicant: P2P: Timeout (state=SEARCH)
04-28 23:22:15.515 15893 15893 D wpa_supplicant: iface p2p0 set_ap_wps_p2p_ie, ignored
04-28 23:22:15.515 15893 15893 D wpa_supplicant: nl80211: Skip disabling of Probe Request reporting nl_preq=0x3c8888f69fe6ec09 while in AP mode
04-28 23:22:15.515 15893 15893 D wpa_supplicant: P2P: Starting search
04-28 23:22:15.515 15893 15893 D wpa_supplicant: WPS: Building WPS IE for Probe Request
04-28 23:22:15.515 15893 15893 D wpa_supplicant: WPS:  * Version (hardcoded 0x10)
04-28 23:22:15.515 15893 15893 D wpa_supplicant: WPS:  * Request Type
04-28 23:22:15.515 15893 15893 D wpa_supplicant: WPS:  * Config Methods (4388)
04-28 23:22:15.515 15893 15893 D wpa_supplicant: WPS:  * UUID-E
04-28 23:22:15.515 15893 15893 D wpa_supplicant: WPS:  * Primary Device Type
04-28 23:22:15.515 15893 15893 D wpa_supplicant: WPS:  * RF Bands (3)
04-28 23:22:15.515 15893 15893 D wpa_supplicant: WPS:  * Association State
04-28 23:22:15.515 15893 15893 D wpa_supplicant: WPS:  * Configuration Error (0)
04-28 23:22:15.515 15893 15893 D wpa_supplicant: WPS:  * Device Password ID (0)
04-28 23:22:15.515 15893 15893 D wpa_supplicant: WPS:  * Manufacturer
04-28 23:22:15.515 15893 15893 D wpa_supplicant: WPS:  * Model Name
04-28 23:22:15.515 15893 15893 D wpa_supplicant: WPS:  * Model Number
04-28 23:22:15.515 15893 15893 D wpa_supplicant: WPS:  * Device Name
04-28 23:22:15.515 15893 15893 D wpa_supplicant: WPS:  * Version2 (0x20)
04-28 23:22:15.515 15893 15893 D wpa_supplicant: WPS:  * Request to Enroll (1)
04-28 23:22:15.515 15893 15893 D wpa_supplicant: P2P: * P2P IE header
04-28 23:22:15.515 15893 15893 D wpa_supplicant: P2P: * Capability dev=25 group=00
04-28 23:22:15.515 15893 15893 D wpa_supplicant: P2P: * Listen Channel: Regulatory Class 81 Channel 1
04-28 23:22:15.515 15893 15893 D wpa_supplicant: p2p0: Add radio work 'p2p-scan'@0xb400007e1762f9c0
04-28 23:22:15.515 15893 15893 D wpa_supplicant: p2p0: First radio work item in the queue - schedule start immediately
04-28 23:22:15.515 15893 15893 D wpa_supplicant: p2p0: Starting radio work 'p2p-scan'@0xb400007e1762f9c0 after 0.000068 second wait
04-28 23:22:15.515 15893 15893 D wpa_supplicant: p2p0: nl80211: scan request
04-28 23:22:15.516 15893 15893 D wpa_supplicant: nl80211: Scan SSID DIRECT-
04-28 23:22:15.516 15893 15893 D wpa_supplicant: nl80211: Scan extra IEs - hexdump(len=167): dd 92 00 50 f2 04 10 4a 00 01 10 10 3a 00 01 01 10 08 00 02 43 88 10 47 00 10 80 9a ed cb 4b 5a 58 8f a2 fc d8 b6 ff 2a b4 ff 10 54 00 08 00 0a 00 50 f2 04 00 05 10 3c 00 01 03 10 02 00 02 00 00 10 09 00 02 00 00 10 12 00 02 00 00 10 21 00 0d 4d 65 64 69 61 54 65 6b 20 49 6e 63 2e 10 23 00 12 4d 54 4b 20 57 69 72 65 6c 65 73 73 20 4d 6f 64 65 6c 10 24 00 03 31 2e 30 10 11 00 08 4f 50 50 4f 20 41 35 35 10 49 00 09 00 37 2a 00 01 20 03 01 01 dd 11 50 6f 9a 09 02 02 00 25 00 06 05 00 49 4e 04 51 01
04-28 23:22:15.516 15893 15893 D wpa_supplicant: nl80211: Scan frequency 2412 MHz
04-28 23:22:15.516 15893 15893 D wpa_supplicant: nl80211: Scan frequency 2437 MHz
04-28 23:22:15.516 15893 15893 D wpa_supplicant: nl80211: Scan frequency 2462 MHz
04-28 23:22:15.516 15893 15893 D wpa_supplicant: nl80211: Add NL80211_SCAN_FLAG_AP
04-28 23:22:15.516 15893 15893 D wpa_supplicant: nl80211: P2P probe - mask SuppRates
04-28 23:22:15.517 15893 15893 D wpa_supplicant: Scan requested (ret=0) - scan timeout 30 seconds
04-28 23:22:15.517 15893 15893 D wpa_supplicant: P2P: Running p2p_scan
04-28 23:22:15.517 15893 15893 D wpa_supplicant: nl80211: Event message available
04-28 23:22:15.517 15893 15893 D wpa_supplicant: nl80211: Drv Event 33 (NL80211_CMD_TRIGGER_SCAN) received for p2p0
04-28 23:22:15.517 15893 15893 D wpa_supplicant: p2p0: nl80211: Scan trigger
04-28 23:22:15.517 15893 15893 D wpa_supplicant: p2p0: Event SCAN_STARTED (47) received
04-28 23:22:15.517 15893 15893 D wpa_supplicant: p2p0: Own scan request started a scan in 0.000229 seconds
04-28 23:22:15.518 15843 15885 D WifiHAL : event received NL80211_CMD_TRIGGER_SCAN
04-28 23:22:15.525 32349 32670 E msys    : E[N mns:DGWClient]_LogError(280)=>Failed to resolve using system DNS resolver, getaddrinfo(): No address associated with hostname
04-28 23:22:15.526 32349 32670 E msys    : E[N mns:DGWClient]_OnDiskCacheGetData(1091)=>Start post callback cache refresh DNS resolution
04-28 23:22:15.533 32349 32670 E msys    : E[N mns:DGWClient]_LogError(280)=>Failed to resolve using system DNS resolver, getaddrinfo(): No address associated with hostname
04-28 23:22:15.534  2414  3531 D NetworkEvent: OplusNetworkEventCbProxy invoke.....onDnsEvent argslen:8
04-28 23:22:15.547   826   889 E android.hardware.sensors@2.0-service.multihal-mediatek: MEMSIC_Calibrating @line:201, 222 MEMSIC6a2021-01-20 acc_raw -0.103571 -0.068673 0.930918 mag_raw_Gauss -0.153300 -0.364200 -0.854400 timestamp 705925440797256
04-28 23:22:15.609   826   889 E android.hardware.sensors@2.0-service.multihal-mediatek: MEMSIC_Calibrating @line:201, 222 MEMSIC6a2021-01-20 acc_raw -0.103571 -0.068673 0.930918 mag_raw_Gauss -0.161100 -0.366200 -0.857400 timestamp 705925503297275
04-28 23:22:15.656  1046 25418 D pseudo  : mtk_gps_sys_nmea_output_to_app: len:12,  NLPTTFF,0

04-28 23:22:15.663  1202  1224 D agps    : [agps][n][AGPS] [MNL] write  pmtk  [$PMTK680,1,FFFFEC55*0B

04-28 23:22:15.663  1202  1224 D agps    :  ]
04-28 23:22:15.664  1046  1093 D mtk_lbs_utility: start_timer_check_ret: start_timer_check_ret ret=0
04-28 23:22:15.664  1046  1093 D MNLD    : mnld_main_thread: mnld_main_thread stop_timer return: 0
04-28 23:22:15.672   826   889 E android.hardware.sensors@2.0-service.multihal-mediatek: MEMSIC_Calibrating @line:201, 222 MEMSIC6a2021-01-20 acc_raw -0.175408 -0.087755 1.004796 mag_raw_Gauss -0.168900 -0.365200 -0.863200 timestamp 705925565797232
04-28 23:22:15.727  1046 25418 D pseudo  : mtk_gps_sys_nmea_output_to_mnld: received 1783 bytes:
04-28 23:22:15.728  1046 25418 D mnld    : nmea_reader_update_time: nmea_reader_update_time: timestamp = 1777398734015, second = 1777398734000, msec = 15
04-28 23:22:15.731  1046 25418 W mnld    : nmea_reader_parse: unknown sentence 'GNVTG
04-28 23:22:15.731  1046 25418 D mnld    : nmea_reader_parse: receive PMTKAGC command, agc: 6
04-28 23:22:15.732  1046 25418 W mnld    : nmea_reader_parse: unknown sentence 'PMTKTSX1
04-28 23:22:15.732  1046 25418 D mnld    : nmea_reader_parse: et_mnl_report_mnld = 705925622, tick_in_dsp = 222014, et_mnl_receive_tick = 705925527, et_at_dsp =0
04-28 23:22:15.732  1046 25418 W mnld    : nmea_reader_parse: unknown sentence 'PMTKMPE1
04-28 23:22:15.732  1046 25418 W mnld    : nmea_reader_parse: unknown sentence 'PMTKMPE2
04-28 23:22:15.732  1046 25418 W mnld    : nmea_reader_parse: unknown sentence 'PMTKLCPOS1
04-28 23:22:15.733  1046 25418 W mnld    : nmea_reader_parse: unknown sentence 'PMTKLCPOS2
04-28 23:22:15.733  1046 25418 D pseudo  : mtk_gps_sys_nmea_output_to_app: len:1783, [NMEA]$GNGGA,175214.01...
04-28 23:22:15.733  1046 25418 D gps_controlller: send_active_notify: send clean nmea timer cmd!
04-28 23:22:15.733  1046 25418 D gps_controlller: mtk_gps_sys_gps_mnl_callback: MTK_GPS_MSG_FIX_READY, GET_RTC_OK, 0.039, 21843.023
04-28 23:22:15.733  1046  1083 D mtk_lbs_utility: start_timer_check_ret: start_timer_check_ret ret=0
04-28 23:22:15.733  1046 25418 D gps_controlller: mtk_gps_sys_gps_mnl_callback: Age = 2, RTCDiff = 30, Time_interval = 10
04-28 23:22:15.733  1046  1083 D MNLD    : mnld_gps_controller_mnl_nmea_timeout: mnld_gps_controller_mnl_nmea_timeout start_timer return: 0
04-28 23:22:15.733  1046  1083 D mtk_lbs_utility: stop_timer_check_ret: stop_timer_check_ret ret=0
04-28 23:22:15.733  1046  1083 D gps_controlller: gps_control_thread: gps_control_thread wait
04-28 23:22:15.734  1046  1093 D mtk_lbs_utility: start_timer_check_ret: start_timer_check_ret ret=0
04-28 23:22:15.734  1046 25418 D pseudo  : mtk_gps_sys_nmea_output_to_app: len:46, [vAGPS_Auto_Req]:g_FirstDbtt:0,u2BitMap:0x128
04-28 23:22:15.734  1046  1093 W MNLD    : mnld_gps_output_data_handle: mnld send debug msg to app:$PMTK841,001,1.000000,-0.000145,37.318104,20,119,4719,4676,0,0,0,0.000000,0.000000,35.515854,0.032310*15

04-28 23:22:15.734  1046  1093 E mnld    : mtk_socket_connect_local: mtk_socket_connect_local() connect() failed reason=[Connection refused]111 for path=[mtk_mnld2debugService]
04-28 23:22:15.734  1046  1093 E mnld    : Mnld2DebugInterface_mnldUpdateMessageInfo: Mnld2DebugInterface_mnldUpdateMessageInfo() mtk_socket_client_connect() failed
04-28 23:22:15.734  1046  1093 D MNLD    : mnld_main_thread: mnld_main_thread stop_timer return: 0
04-28 23:22:15.734   826   889 E android.hardware.sensors@2.0-service.multihal-mediatek: MEMSIC_Calibrating @line:201, 222 MEMSIC6a2021-01-20 acc_raw -0.085204 -0.088673 0.996735 mag_raw_Gauss -0.159100 -0.369100 -0.856400 timestamp 705925628297313
04-28 23:22:15.797   826   889 E android.hardware.sensors@2.0-service.multihal-mediatek: MEMSIC_Calibrating @line:201, 222 MEMSIC6a2021-01-20 acc_raw -0.158980 -0.060102 0.976122 mag_raw_Gauss -0.152300 -0.367100 -0.856400 timestamp 705925690797264
04-28 23:22:15.859   826   889 E android.hardware.sensors@2.0-service.multihal-mediatek: MEMSIC_Calibrating @line:201, 222 MEMSIC6a2021-01-20 acc_raw -0.158980 -0.060102 0.976122 mag_raw_Gauss -0.151300 -0.372000 -0.859300 timestamp 705925753297134
04-28 23:22:15.900  1676  1730 I OplusHansManager : unfreeze uid: 10421 com.whatsapp pids: [15566] reason: Broadcast scene: |airPlane|LcdOn
04-28 23:22:15.901  1676  2410 I OplusHansManager : uid=10421, pkg=com.whatsapp, transition from Frozen to Middle, reason=Broadcast
04-28 23:22:15.901  1676  2410 I OplusHansManager : uid=10421, pkg=com.whatsapp F exit(), F stay=92, reason=Broadcast
04-28 23:22:15.906  1676  1730 I OplusHansManager : unfreeze uid: 10505 in.cricketexchange.app.cricketexchange pids: [28837, 29389] reason: Broadcast scene: |airPlane|LcdOn
04-28 23:22:15.909  1676  2410 I OplusHansManager : uid=10505, pkg=in.cricketexchange.app.cricketexchange, transition from Frozen to Middle, reason=Broadcast
04-28 23:22:15.909  1676  2410 I OplusHansManager : uid=10505, pkg=in.cricketexchange.app.cricketexchange F exit(), F stay=54, reason=Broadcast
04-28 23:22:15.922   826   889 E android.hardware.sensors@2.0-service.multihal-mediatek: MEMSIC_Calibrating @line:201, 222 MEMSIC6a2021-01-20 acc_raw -0.136837 -0.098673 0.991531 mag_raw_Gauss -0.156200 -0.360300 -0.867100 timestamp 705925815797130
04-28 23:22:15.957 28837 29525 E Cm      : Network error
04-28 23:22:15.958  2414  3531 D NetworkEvent: OplusNetworkEventCbProxy invoke.....onDnsEvent argslen:8
04-28 23:22:15.984   826   889 E android.hardware.sensors@2.0-service.multihal-mediatek: MEMSIC_Calibrating @line:201, 222 MEMSIC6a2021-01-20 acc_raw -0.095306 -0.085510 0.973469 mag_raw_Gauss -0.155200 -0.368100 -0.864200 timestamp 705925878297043
04-28 23:22:16.012 15893 15893 D wpa_supplicant: nl80211: Event message available
04-28 23:22:16.012  1110  1110 W wificond: No handler for scan result notification from interface with index: 173
04-28 23:22:16.012 15893 15893 D wpa_supplicant: nl80211: Drv Event 34 (NL80211_CMD_NEW_SCAN_RESULTS) received for p2p0
04-28 23:22:16.012 15893 15893 D wpa_supplicant: p2p0: nl80211: New scan results available
04-28 23:22:16.012 15893 15893 D wpa_supplicant: nl80211: Scan probed for SSID 'DIRECT-'
04-28 23:22:16.012 15893 15893 D wpa_supplicant: nl80211: Scan included frequencies: 2412 2437 2462
04-28 23:22:16.012 15893 15893 D wpa_supplicant: p2p0: Event SCAN_RESULTS (3) received
04-28 23:22:16.012 15893 15893 D wpa_supplicant: p2p0: Scan completed in 0.494617 seconds
04-28 23:22:16.012 15893 15893 D wpa_supplicant: nl80211: Received scan results (4 BSSes)
04-28 23:22:16.012 15893 15893 D wpa_supplicant: p2p0: BSS: Start scan result update 977
04-28 23:22:16.012 15893 15893 D wpa_supplicant: 4c:**:**:**:ec:a3 freq:2432 level:-88 caps:0x411 est:3250 ssid:bs***th wpa_ie_len:22 rsn_ie_len:20 beacon_int:100 timestamp:705925775280
04-28 23:22:16.012 15893 15893 D wpa_supplicant: 2a:**:**:**:67:bb freq:2412 level:-90 caps:0x411 est:1000 ssid:X* wpa_ie_len:0 rsn_ie_len:20 beacon_int:100 timestamp:705925789333
04-28 23:22:16.012 15893 15893 D wpa_supplicant: 56:**:**:**:fd:1f freq:2437 level:-95 caps:0x411 est:1000 ssid:vi***04 wpa_ie_len:0 rsn_ie_len:20 beacon_int:100 timestamp:705925824367
04-28 23:22:16.012 15893 15893 D wpa_supplicant: BSS: last_scan_res_used=3/32
04-28 23:22:16.012 15893 15893 D wpa_supplicant: p2p0: Radio work 'p2p-scan'@0xb400007e1762f9c0 done in 0.496995 seconds
04-28 23:22:16.012 15893 15893 D wpa_supplicant: p2p0: radio_work_free('p2p-scan'@0xb400007e1762f9c0): num_active_works --> 0
04-28 23:22:16.012 15893 15893 D wpa_supplicant: P2P: Scan results received (4 BSS)
04-28 23:22:16.012 15893 15893 D wpa_supplicant: P2P: Parsing WPS IE
04-28 23:22:16.012 15893 15893 D wpa_supplicant: P2P: Ignore scan data without P2P Device Info or P2P Device Id
04-28 23:22:16.012 15893 15893 D wpa_supplicant: P2P: Ignore scan data without P2P Device Info or P2P Device Id
04-28 23:22:16.012 15893 15893 D wpa_supplicant: P2P: Ignore scan data without P2P Device Info or P2P Device Id
04-28 23:22:16.012 15893 15893 D wpa_supplicant: P2P: Parsing WPS IE
04-28 23:22:16.012 15893 15893 D wpa_supplicant: P2P: Config Methods (WPS): 0x4388
04-28 23:22:16.012 15893 15893 D wpa_supplicant: P2P: Device Password ID: 4
04-28 23:22:16.012 15893 15893 D wpa_supplicant: P2P: Primary Device Type (WPS): 10-0050F204-5
04-28 23:22:16.013 15893 15893 D wpa_supplicant: P2P: Parsing P2P IE
04-28 23:22:16.013 15893 15893 D wpa_supplicant: P2P: Attribute 2 length 2
04-28 23:22:16.013 15893 15893 D wpa_supplicant: P2P: * Device Capability 25 Group Capability 00
04-28 23:22:16.013 15893 15893 D wpa_supplicant: P2P: Attribute 13 length 30
04-28 23:22:16.013 15893 15893 D wpa_supplicant: P2P: * Device Info: addr e6:57:68:0a:a5:91 primary device type 10-0050F204-5 device name 'vivo V40e' config methods 0x188
04-28 23:22:16.013 15893 15893 D wpa_supplicant: P2P: Attribute 12 length 2
04-28 23:22:16.013 15893 15893 D wpa_supplicant: P2P: * Notice of Absence
04-28 23:22:16.013 15893 15893 D wpa_supplicant: p2p0: P2P: Use 50 ms search delay due to concurrent operation
04-28 23:22:16.013 15893 15893 D wpa_supplicant: P2P: State SEARCH -> SEARCH
04-28 23:22:16.013 15893 15893 D wpa_supplicant: P2P: Starting short listen state (state=SEARCH)
04-28 23:22:16.013 15893 15893 D wpa_supplicant: WPS:  * Version (hardcoded 0x10)
04-28 23:22:16.013 15893 15893 D wpa_supplicant: WPS:  * UUID-E
04-28 23:22:16.013 15893 15893 D wpa_supplicant: WPS:  * Version2 (0x20)
04-28 23:22:16.013 15893 15893 D wpa_supplicant: P2P: * P2P IE header
04-28 23:22:16.013 15893 15893 D wpa_supplicant: P2P: * Capability dev=25 group=00
04-28 23:22:16.013 15893 15893 D wpa_supplicant: P2P: * Device Info
04-28 23:22:16.013 15893 15893 D wpa_supplicant: p2p0: Add radio work 'p2p-listen'@0xb400007e1762f9c0
04-28 23:22:16.013 15893 15893 D wpa_supplicant: p2p0: First radio work item in the queue - schedule start immediately
04-28 23:22:16.013 15893 15893 D wpa_supplicant: wlan0: Updating scan results from sibling
04-28 23:22:16.013 15843 15885 D WifiHAL : event received NL80211_CMD_NEW_SCAN_RESULTS
04-28 23:22:16.013  1418  1434 D VoLTE IMSM: send CTRL_CMD_GET_SCAN (module/mdagent/volte_imsm_93/src/wireless.c:574)
04-28 23:22:16.013 15893 15893 D wpa_supplicant: nl80211: Received scan results (4 BSSes)
04-28 23:22:16.013 15893 15893 D wpa_supplicant: wlan0: BSS: Start scan result update 981
04-28 23:22:16.013 15893 15893 D wpa_supplicant: 4c:**:**:**:ec:a3 freq:2432 level:-88 caps:0x411 est:3250 ssid:bs***th wpa_ie_len:22 rsn_ie_len:20 beacon_int:100 timestamp:705925775280
04-28 23:22:16.013 15893 15893 D wpa_supplicant: 2a:**:**:**:67:bb freq:2412 level:-90 caps:0x411 est:1000 ssid:X* wpa_ie_len:0 rsn_ie_len:20 beacon_int:100 timestamp:705925789333
04-28 23:22:16.013  1418  1434 D VoLTE IMSM: monitor_wifi_tech: mutex lock (module/mdagent/volte_imsm_93/src/wireless.c:589)
04-28 23:22:16.013 15893 15893 D wpa_supplicant: 56:**:**:**:fd:1f freq:2437 level:-95 caps:0x411 est:1000 ssid:vi***04 wpa_ie_len:0 rsn_ie_len:20 beacon_int:100 timestamp:705925824367
04-28 23:22:16.013 15893 15893 D wpa_supplicant: BSS: last_scan_res_used=3/32
04-28 23:22:16.013  1418  1434 D VoLTE IMSM: monitor_wifi_tech: mutex unlock (module/mdagent/volte_imsm_93/src/wireless.c:597)
04-28 23:22:16.013  1418  1434 D VoLTE IMSM: FOUND[1] 4
04-28 23:22:16.013  1418  1434 D VoLTE IMSM:  (module/mdagent/volte_imsm_93/src/wireless.c:599)
04-28 23:22:16.013 15893 15893 D wpa_supplicant: p2p0: Starting radio work 'p2p-listen'@0xb400007e1762f9c0 after 0.000439 second wait
04-28 23:22:16.013 15893 15893 D wpa_supplicant: iface p2p0 set_ap_wps_p2p_ie, ignored
04-28 23:22:16.013 15893 15893 D wpa_supplicant: nl80211: Probe Request reporting already on! nl_preq=0x3c8888f69fe6ec09
04-28 23:22:16.014 15893 15893 D wpa_supplicant: nl80211: Remain-on-channel cookie 0x46f for freq=2412 MHz duration=102
04-28 23:22:16.047   826   889 E android.hardware.sensors@2.0-service.multihal-mediatek: MEMSIC_Calibrating @line:201, 222 MEMSIC6a2021-01-20 acc_raw -0.159796 -0.085510 0.985918 mag_raw_Gauss -0.156200 -0.367100 -0.860300 timestamp 705925940797037
04-28 23:22:16.109   826   889 E android.hardware.sensors@2.0-service.multihal-mediatek: MEMSIC_Calibrating @line:201, 222 MEMSIC6a2021-01-20 acc_raw -0.159796 -0.085510 0.985918 mag_raw_Gauss -0.158200 -0.366200 -0.848600 timestamp 705926003297061
04-28 23:22:16.172   826   889 E android.hardware.sensors@2.0-service.multihal-mediatek: MEMSIC_Calibrating @line:201, 222 MEMSIC6a2021-01-20 acc_raw -0.103367 -0.064796 0.989082 mag_raw_Gauss -0.162100 -0.365200 -0.851500 timestamp 705926065797124
04-28 23:22:16.235   826   889 E android.hardware.sensors@2.0-service.multihal-mediatek: MEMSIC_Calibrating @line:201, 222 MEMSIC6a2021-01-20 acc_raw -0.114082 -0.091837 0.988878 mag_raw_Gauss -0.159100 -0.366200 -0.850500 timestamp 705926128297114
04-28 23:22:16.297   826   889 E android.hardware.sensors@2.0-service.multihal-mediatek: MEMSIC_Calibrating @line:201, 222 MEMSIC6a2021-01-20 acc_raw -0.141224 -0.073265 0.988674 mag_raw_Gauss -0.164000 -0.365200 -0.851500 timestamp 705926190797118
04-28 23:22:16.360   826   889 E android.hardware.sensors@2.0-service.multihal-mediatek: MEMSIC_Calibrating @line:201, 222 MEMSIC6a2021-01-20 acc_raw -0.141224 -0.073265 0.988674 mag_raw_Gauss -0.164000 -0.364200 -0.851500 timestamp 705926253297152
04-28 23:22:16.382 15893 15893 D wpa_supplicant: nl80211: Event message available
04-28 23:22:16.382 15893 15893 D wpa_supplicant: nl80211: Drv Event 55 (NL80211_CMD_REMAIN_ON_CHANNEL) received for p2p0
04-28 23:22:16.382 15893 15893 D wpa_supplicant: nl80211: Remain-on-channel event (cancel=0 freq=2412 channel_type=0 duration=102 cookie=0x46f (match))
04-28 23:22:16.383 15893 15893 D wpa_supplicant: p2p0: Event REMAIN_ON_CHANNEL (19) received
04-28 23:22:16.383 15893 15893 D wpa_supplicant: Off-channel: Send Action callback (without_roc=0 pending_action_tx=0x0 pending_action_tx_done=1)
04-28 23:22:16.383 15893 15893 D wpa_supplicant: P2P: remain-on-channel callback (off_channel_freq=2412 pending_listen_freq=2412 roc_waiting_drv_freq=0 freq=2412 duration=102)
04-28 23:22:16.383 15893 15893 D wpa_supplicant: P2P: Starting Listen timeout(0,102400) on freq=2412 based on callback
04-28 23:22:16.383 15893 15893 D wpa_supplicant: P2P: Set timeout (state=SEARCH): 0.122400 sec
04-28 23:22:16.383 15843 15885 D WifiHAL : event received NL80211_CMD_REMAIN_ON_CHANNEL
04-28 23:22:16.422   826   889 E android.hardware.sensors@2.0-service.multihal-mediatek: MEMSIC_Calibrating @line:201, 222 MEMSIC6a2021-01-20 acc_raw -0.111837 -0.076939 0.982551 mag_raw_Gauss -0.163000 -0.362300 -0.855400 timestamp 705926315797152
04-28 23:22:16.444   838   868 D power@timer: [mtkPowerTimer] visRead:0
04-28 23:22:16.484   826   889 E android.hardware.sensors@2.0-service.multihal-mediatek: MEMSIC_Calibrating @line:201, 222 MEMSIC6a2021-01-20 acc_raw -0.136531 -0.070102 0.984184 mag_raw_Gauss -0.159100 -0.366200 -0.851500 timestamp 705926378107321
04-28 23:22:16.489 15893 15893 D wpa_supplicant: nl80211: Event message available
04-28 23:22:16.489 15893 15893 D wpa_supplicant: nl80211: Drv Event 56 (NL80211_CMD_CANCEL_REMAIN_ON_CHANNEL) received for p2p0
04-28 23:22:16.489 15893 15893 D wpa_supplicant: nl80211: Remain-on-channel event (cancel=1 freq=2412 channel_type=0 duration=0 cookie=0x46f (match))
04-28 23:22:16.490 15893 15893 D wpa_supplicant: p2p0: Event CANCEL_REMAIN_ON_CHANNEL (20) received
04-28 23:22:16.490 15893 15893 D wpa_supplicant: P2P: Cancel remain-on-channel callback (p2p_long_listen=0 ms pending_action_tx=0x0)
04-28 23:22:16.490 15893 15893 D wpa_supplicant: p2p0: Radio work 'p2p-listen'@0xb400007e1762f9c0 done in 0.476347 seconds
04-28 23:22:16.490 15893 15893 D wpa_supplicant: p2p0: radio_work_free('p2p-listen'@0xb400007e1762f9c0): num_active_works --> 0
04-28 23:22:16.490 15893 15893 D wpa_supplicant: P2P: Driver ended Listen state (freq=2412)
04-28 23:22:16.490 15893 15893 D wpa_supplicant: P2P: Skip stop_listen since not in listen_only state.
04-28 23:22:16.490 15843 15885 D WifiHAL : event received NL80211_CMD_CANCEL_REMAIN_ON_CHANNEL
04-28 23:22:16.506 15893 15893 D wpa_supplicant: P2P: Timeout (state=SEARCH)
04-28 23:22:16.506 15893 15893 D wpa_supplicant: P2P: Delay search operation by 50 ms
04-28 23:22:16.506 15893 15893 D wpa_supplicant: P2P: Set timeout (state=SEARCH): 0.050000 sec
04-28 23:22:16.522 25313 25422 D MeshService: Incoming TCP connection from 192.168.49.63
04-28 23:22:16.526 25313 26190 I MeshService: HELLO from NODE-24095PCADI rssi=-55 bat=39% senderIp=192.168.49.63
04-28 23:22:16.526 25313 26190 D MeshService: Topology: NODE-24095PCADI knows []
04-28 23:22:16.526 25313 26190 D MeshService: Topology after merge: [NODE-24095PCADI]
04-28 23:22:16.526 25313 26190 D MeshService: HELLO reply skipped to 192.168.49.63 (cooldown)
04-28 23:22:16.548   826   889 E android.hardware.sensors@2.0-service.multihal-mediatek: MEMSIC_Calibrating @line:201, 222 MEMSIC6a2021-01-20 acc_raw -0.125102 -0.072143 0.980612 mag_raw_Gauss -0.159100 -0.362300 -0.843700 timestamp 705926440607575
04-28 23:22:16.556 15893 15893 D wpa_supplicant: P2P: Timeout (state=SEARCH)
04-28 23:22:16.557 15893 15893 D wpa_supplicant: iface p2p0 set_ap_wps_p2p_ie, ignored
04-28 23:22:16.557 15893 15893 D wpa_supplicant: nl80211: Skip disabling of Probe Request reporting nl_preq=0x3c8888f69fe6ec09 while in AP mode
04-28 23:22:16.557 15893 15893 D wpa_supplicant: P2P: Starting search
04-28 23:22:16.557 15893 15893 D wpa_supplicant: WPS: Building WPS IE for Probe Request
04-28 23:22:16.557 15893 15893 D wpa_supplicant: WPS:  * Version (hardcoded 0x10)
